3672576@aluno.uniasselvi.com.br:I@08955359985
dominik.juhasz@josef-schmitt-realschule.de:MonTana14
pereirals@univali.br:eusougod01
sachi@iwwgroups.com:82268128174.sutan
0024350123@smadatuban.sch.id:Lalalily25
126046100281@r9.deped.gov.ph:Matt5122
dave.portelli@amey.co.uk:Ignazio1016
ogarcia@premiersolutionsny.com:Om@r2017**
450429976@monofeya2.moe.edu.eg:Donia#1235
jose.marin13@meduca.edu.pa:27Xiomara27
andy.parry@flipmanagement.onmicrosoft.com:Off2355!
manl1607@estudiantes3.edu.ec:marlon-2020
ans@nppmcl.com:Salaar@6172
ishara@quadrate.lk:int@Quad997
e.abdurzayev@itstep.edu.az:Stepteacher8822
9820705@student.toiohomai.ac.nz:30executive
alice.silva@sesirr.org.br:Alameda01
22010209@uttcampus.edu.mx:Bruno123
mszmygiel8@888.acedu.pl:88Guhawn88
milton:Mia@finca202120
17ba43817398@campus.economicas.uba.ar:Cielo2220!
admin@drhrlaw.com:3tZSBDR20!#$
2021558397:Pakistan2011
zoubaierbenyahmed@takiacademyteam.com:Jaw55229
rupam.sinharoy:Uttam123#
bb623376@schools.mk:Bogoeski_1221
kanges@o365sen.net:wlgn$$9812
cheikh.ndieguene@indorama.com:Cheikhougeo@14
p1860801@publix.com:FSclerk0801
15kmd02759@aiou.edu.pk:IF2506
jasper.garcia@queenslandglass.com.au:GArc26)*
l15090978@zacatepec.tecnm.mx:Paobate97
seksan.sri@pea.co.th:q23052521+
jdarenas95@soy.sena.edu.co:Julian222715**
u21228334@utp.edu.pe:Valery1018
andras.dinnyes@biotalentum.onmicrosoft.com:Asdf1234
unknown:XKmzrVL>4S3mj3F
nathan.souza42@etec.sp.gov.br:F@35lyuo
irfan.hidayat@guruinovatif.com:P3ngetahuan
409498870@dakahliya1.moe.edu.eg:Mm01002059840@#$
de157627@miescuela.pr:Ps2nxbox360
falze09273@episd.org:greencircle84%
opignot@lfdj.com:Qe6g8o2k
23ha010@bwaf.net:kaspars34
nikita.kusmancevas@stud.techin.lt:vauwbzjjbwzjdknd2883*@,'
a:persONa20
rayhor68@365office.club:H@l0wars2ms
EXOCOKIEMGG:Minecraft.pe
imartinez@nazarenehighbz.org:Digothedan15
kevin.correar@udea.edu.co:tewesi11
sasckya.enriquez@educacion.gob.ec:SAS2022enr+
mahamudsohag@mahamudsohag.onmicrosoft.com:S1o2H3a#G[mahamud]
:Avalon@12345678
3160873210@thcshongbanghp.edu.vn:Hongbang@2021
clinton@krugerinc.co.za:#RLK!D#ia85ezxCx
3143420325@haiphong.itrithuc.vn:Gdhp@722502
455267068@monofeya3.moe.edu.eg:Safe#04153
linikerf@hotmail.com:adm%linkprog36
katherine.dojoles@tdcx.com:katherine.dojoles@tdcx.com
458425324.edu.eg:Std#070520
0468010@students.dadeschools.net:062707an
talynquituizaca@hotmail.com:SSdPbF++3+Xifvu
sameera.perera@globalfinishing.com:2021.IFS.support
anton.kodak@s.pkg.bayern:Berserc2007
v5728@365office.press:jhe..21690
emilie.vincent@my-ski.fr:menuires@73
rkomandam@mcm.edu.ph:Baklangsagadsapangit1
mooody_1500@outlook.com:Alal1010
1560078@aluno.mt.gov.br:Abc@1234
2215355047@ogr.klu.edu.tr:10398169524
dishankjain04@gmail.com:mr.awesome.18
adeel.shahid@netsoltech.com:M@ximum1
dd68535498@edu.mon.bg:Xsu1234!
kotchapon.p@dsdw.go.th:Rainny@@2486
403666.tcs@csn.edu.pk:city@123
antonio.carlos@ifba.edu.br:AS45_+op
smatejic:Override10$
044834566@ecampus.ut.ac.id:Nengcantik26
vruiz2021.edu.mx:pelusa2021
lina.suhoverkova@worldapp.com:2019Tegusigalpa
nechvatals@365.oadusni.cz:9simanda9
derla.sp@acenergy.com.ph:Denbert09092013
bryanskate0175@hotmail.com:1015467765Be*
dgqa1997@estudiantes3.edu.ec:Dylanquijijeanzules2007
UNKNOWN;Josshua99;;https://login.microsoftonline.com/common/login
austin.whitaker@jncc.gov.uk:!!1ntern@Jncc20#
dwikisurya@smpn1wonogiri.sch.id:Du4cb8tWStMbb2W
constantinos.tsoutis@amsolutions.gr:SaGiA-2021#$%^
89-0895@rootsinternational.edu.pk:reset@123
guentert@tiscali.it:@Louane58
marcin.terech@sp18poznan.pl:Zev48379
isaac.filho@csintese.com.br:Parnaiba2020#
h08.rdang@students.haaf.org.uk:Password1
agustia.estu@waskita.co.id:Nabilacubil92!
akil.h19@st-thomas-more.net:109
1332416@senati.pe:Virtual20
17315060350151.rsa@cetis35.edu.mx:Hola1234
Miocevic.Jeronim@hakwr-neustadt.ac.at:Schule_05
grodriguezg@sena.edu.co:martin2012
abhinav.singh2000256@mmsdelhi.onmicrosoft.com:samarth@123
japreetsingh103@dpskl.onmicrosoft.com:Say31823
ahmedsapet@suescanal.onmicrosoft.com:Salma@123
akadher@zertain.com:AKabdul@123
jctrico2021@plm.edu.ph:Adelitamarch05
130836150065@r12.deped.gov.ph:Allow@123#
irvinnatanael.rivera@bachilleres.edu.mx:natanael2003
yuyuplay@vod365.com:Yuji2707
452750007@qaliobia2.moe.edu.eg:Std#060927
mohammed112@el-eng.menofia.edu.eg:Travel010
2025j.shanti@arkelvinacademy.org:Welcome20
czhang356@outlook.com:qwerty654321!
velezcastellanostomas@psicoacacia.edu.co:Thomasabc975**
dhernandez3@maristes.alumne.cat:2010DhQ@22
28huntj@bscmail.org:Borgotaro2782
afarias@markethink.com.ec:Jefatura@1996
bcs203224@cust.pk:9102002ss
as@as-tech.com.ua:[NOT_SAVED]
mahabmination@gmail.com:mination23@
70377163@iaro.edu.pe:Yungay2022
alejandro.ibarracru@nube.unadmexico.mx:evan2929
stella.wilson@eminencelogistics.com:Pasword$32!
pmena@unex.es:ma77Adramelech18
ntiwari@lntecc.com:Akshat@1234
u17204631@utp.edu.pe:Al(123456)
fherna36@uniminuto.edu.co:Yluziaf4013.
lucia.fortty@pg.uleam.edu.ec:Lana@2208
mattyjamesbarton@outlook.com:Madeleine2002
30407112600083@eng.svu.edu.eg:0A00aefdihg
pawel.gronek@pniewysp.pl:Pawel2007
deena@acesalvage.co.za:Ace@16032022@auto
d.devotto@alumnos.santotomas.cl:Brujeria.34
sharon.cuneta@cebupacificair.com:P@$$w0rd1_2026
sebastiandancel@stjosephcollegeofnova.onmicrosoft.com:baste#1234
447794579@alex4.moe.edu.eg:爻賮賷#050712
rubria.meneses@unmsm.edu.pe:Office.19010263
krisi.199898:0882974259
jquinoc1@est.emi.edu.bo:emi2021*
mbpss04281@ambps.com:Cov58271
m.sanhuezamontecino@uandresbello.edu:mati.sanhueza1
vodrato@gymhu.cz:Star2Work+
sherzaman.sekender@kidsloop.pk:Pakistan@143
michael.ciupei@ilia.scoala365.ro:20Primavara
nurkumala:Malaku481
anderson_darias@soy.sena.edu.co:1096182942andeR
ahmed_mahmoud5956@quran.gov.bh:Mm4465038
manuellorenzo.cilia@icfermipt.edu.it:Manuel060220!
lennin.estrada@educatrachos.edu.hn:Hola2020.
talia.calle@correo.tdea.edu.co:Tecno198519
datlcmaulen@gmail.com:Oingayay123
5110002747:Ab705352
jackeline_7@hotmail.es:Titina...1929***
20230452@itla.edu.do:itla@2024
jeyachandran.j39@sr.indianrail.onmicrosoft.com:Jjchand@23479
marzouk@emit.it:Zow28554
26jacobsjalen@iusd.org:116140023
44283925@sencico.edu.pe:S3ncic0@2020
jjhuang@iscom.com.tw:jj123456
tkouba@sossusice.cz:Starwars123
kaplava@student.uzlabina.cz:Vs36120256
victoriaperez@windsorschool.edu.co:eltiempo
prof.dr.mohamed.habashy@aiet.edu.eg:up!HUsEN4@
30368630@attalim.net:Sssss@78653
ricardo.s320675@cesurformacion.com:Alesanz9
kozman.1023034@stemoctober.moe.edu.eg:Password2030@stem
nawmaragretludemelodyhe@promise.edu.mm:Gal24007
rorodaal12750014@estudiantes.edu.ec:Danita1992#
baldomero.bautista@optimissa.com:S4b4d3l72022
raimingr:+3xf!+bTpLExLxp
netitorn.vi.61@live.ubu.ac.th:Netitorn123456
ray.metselaar@oslconsulting.com:Rrrm10345!
mateusz.kozuch@uczen.sp1.poznan.pl:Miki1234
kamragirchar.dhaka@asabd.org:Asdf@1234
hakim_h0213@pvl.nis.edu.kz:p!Es8K)9
weshom2019@gmail.com:Kaf18878
dipankara@hcl.com:DA+51832506.
e19cse280@bennett.edu.in:sqabUY@1
1461887@senati.pe:Biillo.nariios1
cristhian.varela.perez@uagraria.edu.ec:Samuraiheart21
amanpreet.10569mb@saintmarksschool.in:Ansh03082004
rafael.garcia1@unisimon.edu.co:R@f@3l2002*
2752087@fayoum1.moe.edu.eg:Nahrnoha*2
bertazzolo@bertazzolo.onmicrosoft.com:Cafiso2020
jalyndavis@my.lonestar.edu:Rukoandrook8
juan.pazmino.tapia@udla.edu.ec:Udla2019*
truongankg1996@xkx.me:@An131123
30205251400704.asu.edu.eg:Zezebebomomomero@@@
sohanveersingh:S#1sister
ndomingu@ve.ulatina.edu.pa:Alanys2407
isidro.lopez@minerd.gob.do:Il253997
akshit.paliwal@s.amity.edu:M@9B80FE@1
k3.a1.34@c3phanhuychu.edu.vn:Matkhaumoi2021
francisco@x0fch.onmicrosoft.com:B!anca@20
22mca20196:Souvik_9832
farm210@aa.edu:Success1
my00738735:Ups@cc2044
a.hattar8988@education.qa:Qatar8088@
muhamadhusaini@unikl.edu.my:unikl@2013
esperanza.guerra@uantof.cl:Esta.8963
rakan.1231690@dohaacademy.net:H@278sty
ckratsch@cogentco.com:455Rocket
bekir.kaptan@rencons.com:Kb951753456
fabricio_chavez@usmp.pe:fabricio75468
a0005@aofoqe.com:Jra@25978
susamungus@outlook.com:dababy_fan1
pp066@uowmail.edu.au:Dacaciat8
oliver.grall@6609.nuernberg.de:Polarstern*6a
william.lundberg.wijk@skola.tjorn.se:Kebab2022
mahuimanci1718@gmail.com:Hijas1823
0116449131@c3tranphuhoankiem.onmicrosoft.com:Ellie4864
gvtvtb5@trungcapdongdo.edu.vn:Abc12345
mandaria@smanegeri10kendari.sch.id:11MandA11
septimiu.moldovan@stud.ubbcluj.ro:Batalia_de_la_Nicopole_25_septembrie_1396
127082200055@r10.deped.gov.ph:0005512@Sev
foxmeso@outlook.com:ctu@2021
henry.metzger@stu.jefferson.kyschools.us:becausemath1234
+201068200705:Nan@2182002
bill@nashinsurance.com:S3nz4Limiti$
admin@formationauto.onmicrosoft.com:Adii$2023
karen.sermagno@csdental.com:C3connect!
luiz.riato@claro.com.br:Rtr.N5802
kEnishlpaua@planet.nl:l47661j
yogiaryapp@guruinovatif.com:DeBanyu080218
fkhan3@mycambrian.ca:Sudbury44
jdawson87@ivytech.edu:Muffintop_1
nikenpwjatim8@guruinovatif.com:Nicken0308
g135077323@taalim.ma:Yhcz9425
idealdesigner@5mv8nb.onmicrosoft.com:YAHWEHb32L27F2777@_
f300491@unimedcuritiba.com.br:Unimed2021
i202224525@cibertec.edu.pe:junior.masna123
u202220617@upc.edu.pe:BrigitteGrey2505!
10988191@cc.peralta.edu:TheFurnace_117
a_alkulaib:hshamaziz
fernandojavier.diaz.edu.ar:4NPY&jm4
desachpa@myomegasys.com:b100679!
nivedk.gbm@ehg.emaar.ae:Sadguru1@
mahlet.tsedalu@uog.edu.et:Aya27@Baba12
fernandozeynk.mx:Bolzalizacion!0
gstavrakas@nyc.gr:STV.geo.23
202103467997@alunos.estacio.br:Nycrovill2@
alphaplanet42@gmail.com:watchdogs10
l32574@alunos.uevora.pt:Alarq32574
Vardaan:Shanu1998
admin@randomxeniatube.onmicrosoft.com:SIVAkala1234@$
hugo.claudino1@aluno.unip.br:Ti379452!
r80898089888.ph:Trickster8
filip.golon@sppamiatkowo.pl:Wbo83198
rachid.kamal1@ofppt-edu.ma:DEV201.@
3235652@aluno.uniasselvi.com.br:N@23272277726
a27b37667@educacion.edu.do:OF77cY
mukta.watkar@bapatclass.onmicrosoft.com:Mookta@123
iantoniak@malochwiej.pl:niepodejrzany_2020
mostafa.842126@t2.moe.edu.eg:88$mostafa
jaime.cofre@uacademia.cl:jicof1971
458125037@dakahliya2.moe.edu.eg:Std#061104
terms@pernechele45.onmicrosoft.com:Der@0814
2020000054@unfv.edu.pe:Maximo100
516003@bbpsgrhm.onmicrosoft.com:AAbb1234
dmoyajimeno@alumnoifp.es:XDXXWoO4
hasanali@gadeha.onmicrosoft.com:7@$$@n@li
philipp.finger@dbschenker.com:?!C3rbbvun
elbulan.ocm6@virtualeducationacademy.or.id:Bulan990212
altekacstestone@altek.com.tw:Altek19m22
sebastian.jana@ohl.cl:casa1234
113855150001@r5-1.deped.gov.ph:NLCA@2024
stephen.odjegba@mavs.uta.edu:So190564
akanestukichima@hotmail.com:Waxi1709
gladys@elevatedhygiene.co.za:Wub24495
mohamed.kamal@x2s1w.onmicrosoft.com:Mohamedkamal@55
2020881352@isiswa.uitm.edu.my:Pecal020217
kkarczewski@365.acedu.pl:Sarenka12!
h.lahyani@upm.ac.ma:Golden10831
alejandrotula890888.edu.co:elperrorex
b00755621@myessec.onmicrosoft.com:TU7CFSMW
alvaro.tobal@accenture.com:NoTeng@!21Nekane
iclasloe@blueyonder.co.uk:C_$_HlO
michellyhumberto@hotmail.com.br:h
claudia.rebolledo@sedtolima.edu.co:Sedtolima2020
dlniege@talktalk.net:Co0o0m7
502021@prof.esc-joseregio.pt:2020cssb20
crivero@xxi-banorte.com:Lluvias23?
lf2017-2426@uce.edu.do:11099696
perez.edo@gmail.com:Sistenas22
kisal-26878@dssc7.edu.lk:Tkms1904
z216401117@taalim.ma:gnW46o0mpH
aa.value@mod-eg.com:AV@1234$$
dd.barrios221@lms.wmsu.edu.ph:Climaxalone04
sarai.garciao@my.unitec.edu.mx:15344788
ritishcherukuthota@girton.vic.edu.au:Boeing777-300
rizkyjuardis@sahanunanys.onmicrosoft.com:RizkyJuardiOki124
ycaro@camaradecuentas.gob.do:Yaka100256912
mohammed.mahmeed@interactive-ltd.com:221256-Maya
mvanderwoude@gld.nl:Mvdw0305!?-GLD
tong3000:0867027936
adrian.mateus@pi.edu.co:Pipe180205
graziela.trindade@neobpo.com.br:Perola2024
melda.vural@ulussevinckurs.onmicrosoft.com:Mokoko3169
cps3808.visualtime.net:asahnoun@sistem-group.com
pflorek@szkolawszymbarku.onmicrosoft.com:Oliwia152.
aq8530@gov.taipei:@Zsh23813137
454369844@fayoum2.moe.edu.eg:Std#060601
ads_848829@privatemoe.ae:PQqin56&
sd5823578251101110003@dispendik.surabaya.go.id:Afshar1101
victorabreu@escoladotrabalhador40.com.br:BANANAVEIA12
gamtchessi.apollos20@myiuc.com:IUC20E0058781
fa20-bse-072@cuiatk.edu.pk:bcs@123456
miguelangel.gmota@securitasdirect.es:Madrid.2023
b16qthrcr@xkx.me:9Op09op0
tiiit@abv.bg:nikoga
202002218398@alunos.estacio.br:Fco87442974
info@intercoopsa.onmicrosoft.com:1xn@kFf0$
crm@mobilvendor.com:Mobilvendor2022@
wvegetta9@gmail.com:07BHerrera
jaymar.rey@deped.gov.ph:JMGREY.4991
or27758@psg.nl:Damy3213
sp0103578052308080001@dispendik.surabaya.go.id:Neo336dim
msc.shrirampur@partner.tvs-e.in:Mayur@123
ug_31101933@science.tanta.edu.eg:Wuz70977
1053469@sga.pucminas.br:~~@Brasiliabolasol86
mathon-leduce@csdmedu.ca:zamy49
social2019_f5@edu.asu.edu.eg:osamaoso42213603#$*
463049742@fayoum2.moe.edu.eg:Std#070703
nb623518@ohio.edu:Bubbles2019
lalves@sifco.com.br:@alves#123
petero@bofwabotswana.onmicrosoft.com:Qob03017
ms.nimratul.5399148@talmeez.pk:asd@6865
gzzmnl89t53d086f@studenti.unical.it:maromani
x202252444@cibertec.edu.pe:Cibertec2023
473387857@ismailia1.moe.edu.eg:Fla@2020
irsaminarsih@smanpakusari.sch.id:Matematika123
b:Quiquioc2920!
dplix:WTF9Bruh!?
salejandrolopez@ucundinamarca.edu.co:Sergio123
466463684@kafrelsheikh3.moe.edu.eg:Mohamed#46
lubomir.bakos@egjak.com:Kamzik55
447813701@benisuef1.moe.edu.eg:tawfiekfayez55
i2026jcolquel@williamprescott.edu.pe:Xuy41818
katiria.velardo-v@up.ac.pa:Barranquilla1985#
fsbsetm1995578@pgc.edu.pk:qirP1995578
180661@utags.edu.mx:7e1835ee
st.ahmed5787@future-schools.co:Tuk89344
scrignari.sophia.it:Chris006
marpanbba20@bus.alliance.edu.in:ilGAF007
304470188@ina.cr:Manzana3447188
drheinschmidt56@gmail.com:2004-Nellie
david.pulido492@educacionbogota.edu.co:Tic@10184474922
m130015419@taalim.ma:Ahmed2004
abdeljalil.alibrahim@taalim.ma:flipflop@1105
pnicola@fishpools.co.uk:Phantom4
459526767@sharkia3.moe.edu.eg:Std#070908
fadi.yahyaoui@isitc.u-sousse.tn:aA25384281$$
888899@pdsb.net:88888888
mohamed.mkmo@eng.suezuni.edu.eg:01225913068Mo
qa19@highlysucceed.com:Ash56567
aalbadi10751@iscruwais.sabis.net:Zayedsultan1
fatima.taleb.12@st.ul.edu.lb:L+s0*m9S
s9177774@hb.moe.gov.sa:22P@s2sW0r62
vincent.lampazo@r7-1.deped.gov.ph:VL_cchs@917
dangkhoi2702@thaimob.edu.vn:Sieu1
sudhakaran39311@ce.sies.edu.in:Karanthevar774
multimedia.com:Melocotron99
222326605@tut4life.ac.za:TTaa-2002
nikolay.stanchev@creative-assembly.com:NisT369741
l17361019@tehuacan.tecnm.mx:Martinezcruz123
nagender.edu:M@CFBCA9@1
john.pozo@themill.com:MymillLa@1992
485957644@qaliobia2.moe.edu.eg:Std#050614
asepulve@banchile.cl:PlOmO002024
sancheh@kerndhs.com:Piceno*7410
1165305050403@mail.rmutt.ac.th:Nan121321
bkamara@dsa.org.au:Black123
o.gessner@htlkrems.at:The_Gamer
mp16805105@edu.mon.bg:SABATOn_1
edward@orchardgateway.sg:Boj30902
lucas.lazaro@ifpa.edu.br:Lucas123@
460579689@kafrelsheikh1.moe.edu.eg:Stud#03030
ab1577@365net.shop:Wus202364600#
amanda.elfas@panahmerah.id:aer@18039
facundocaino@uca.edu.ar:799554
410230013@minia3.moe.edu.eg:Std#040226
h135091191@taalim.ma:Moaad@2006
smailliw87@ces2021.tech:Xewpf?bE.*P8rV^
mrmberdos@iskolarngbayan.pup.edu.ph:Maxputangina88
magomed.gataev@student.mercuria.fi:halifat1
olgapanarina@contractpeople.com:!may2017
11nmbprov9301@nps18.onmicrosoft.com:Joh37250
rachidattikpolymedic@gmail.com:Azerty123
danilo.santoro@conseervatoriodicosenza.onmicrosoft.com:Mammaepapa70!
emarin@assopluriels.fr:01London06!
remixorder@techgroup.ae:Tech@2017
Bhuvana:Marchipoya@9
mateus.lira@ebserh.gov.br:M4352teus@@
areser@drury.edu:79278afr
df299093@student.hcbe.net:Df104539h
sahmed@cloudspacesgroup.com:Rag436143
doducmanh@sqqk4.onmicrosoft.com:#-_{!As{mFtha@#
arnavnisal10a.ssu@sanskritischool1.onmicrosoft.com:Ewpa9245
colinayo.184554@cubao.sti.edu.ph:Xcalibur01
28singhsiddhart@iusd.org:120140176
62060008@go.buu.ac.th:Jamevrzo2544@
452460015@dakahliya1.moe.edu.eg:Std#041025
alexander.pena@stork.com:Peru2023$*
joerce@hotmail.com:Cristina14254459@
rob@merittsteel.com:Meritt.com
fouad.2511057@t22.moe.edu.eg:egyptM@e2511057
bushra.waheed@student.ivs.edu.pk:letzdothis4Us
rosmi.chavez@csi-elsalvador.co.uk:Rchavez4e
psupmak@kerrylogistics.com:L@hhj343K
455375614@minia1.moe.edu.eg:Ab@$123456
zefanya.201901020234@student.atmajaya.ac.id:zefan0708
nicolas.arredondo@uniminuto.edu.co:Laurasofia.0517
mi@mip-risks.com:alex1416
hen.hoc9761@r1student.org:Res#9761
haritz@8nc4c0.onmicrosoft.com:Gamemax0789
logistica@farmaciauniversal.com:Lima2023$
eddy.hernandez@sueninos.org:Naj51112
451477951@qaliobia2.moe.edu.eg:Std#050801
crisantyrudz.florentin@letran.edu.ph:Mamamamama07062010
haltt@c2ndtn.edu.vn:Thuha@123
jitendra.lokhande@abbott.com:Piramal@7465
21073986@imail.sunway.edu.my:.Mike5brewers
bpinkston147201@troy.edu:Bpink21
admin@psi-uae.com:C0mplex$$
2021901268@feuhighschool.edu.ph:Rhayy041120
social2019_f82@edu.asu.edu.eg:M@23111999
dpatel.007284@knightsinn.com:Knightsinn680$
egross2541@comunidad.frrq.utn.edu.ar:Loolapalooza12
mor.l@unistream.co.il:123789Ml
763244@sharkia1.moe.edu.eg:AhmedSeliem@1974
stu0310327@dpf.edu.lk:Abd0312010
miheldroue@hotmail.at:510@_5709102
tnneclemena@yahoo.de:4inda926L
gracedemide@startriteschools.com.ng:luvu4eva
fipol@otenet.gr:sleepyHippy2008
50042127@europeia.pt:Ue14903682
552728558@cairo3.moe.edu.eg:Std#252825
yeimy.zabalan@campusucc.edu.co:Theadicts.2226
regivaldo.silva@cs.brazcubas.edu.br:Denise@2202
gudgerjr.eric@live.jobcorps.org:Jeff-the-killer
https://login.microsoftonline.com/97e5760c-fa12-4aae-b4e4-31b43f04e79d/oauth2/authorize
akawser@my.gcu.edu:p6Q3Gjt2X
1900001155@stu.iku.edu.tr:Brftan13579
00191@erdi.swu.ac.th:r2_~igyW((JcF(e
roberto@bostonitaly.com:Boston1234
05dk@sms-bd.edu.me:Tal97353#$
ozgur.zurnaci@live.acibadem.edu.tr:anestezi123!
mct045@bcps.org:Yqkdviw4
451830416@alex2.moe.edu.eg:Std#040805
bryan.buenaventura@jgsummit.com.ph:Loggers1234)
purwantiningsih.dmy@guruinovatif.com:Kira5719
oreyes@colbun.cl:141414Orm
esonukingsley@gmail.com:@June1471
f.sandovalcaete@uandresbello.edu:EUBFM3
032111193@unifacs.edu.br;78189136;https://login.microsoftonline.com/common/login
greciajperezr:yhughb
3303593@student.edu.az:Bilmirem07
2003020700271@ofppt-edu.ma:Begbeg2003
jcbespinosa@addu.edu.ph:Mynameisjustineclyde!@
hr@smccorporation.in:smcindia@111
matas.ceplauskas@vyturiogimnazija.lt:Matune9E3NRGUUH
orel@lousqui.co.il:Lsq1959**-
t:9h<$DvvK-xRZu
bolivaeevenemr@bluewin.ch:ToMteolou
susheelp@tandheef.com:T@ndheef2024
177728.tcs@csn.edu.pk:mhmds564
emanuelf98@outlook.com:981215eE@
113848150003@r5-1.deped.gov.ph:Gwapo@1234
u5847942@csdgs.net:9643vmte
alvizira_bibie_yaufen_bp21@iluv.ums.edu.my:000327120558
f10061601@bpjskes.id:Pkmpdr2018
mbr667@365office.site:yusuf_15882
kfs_exam@scu.eg:kfs_EXA1
454744849@sharkia1.moe.edu.eg:Std#060418
h.deeg@osbabenhausen.de:Xifo9182
ck:Borderwolf5670
vinay.muppidi@peopletech.com:vinay.muppidi@peopletech.com
461950968@sohag2.moe.edu.eg:Std#080212
Fanny:2000
mcondor@losportales.com.pe:Alenae0888
1417192553@getyxh.onmicrosoft.com:huxiangyu0614
aalarcon@bco.com.bo:Esteril99*
224807042@ogr.comu.edu.tr:renatus_0
pankajshaw.frckolfac@aakashicampus.com:Niloy@1234
rmadd017@uottawa.ca:3abdJLg3Sm
90412989@thedps.org:Wj120401
s4476744@estg.moe.gov.sa:1@3456Rr
prakon@sclmotorpart.com:089Tong2523
mmSroka@alice.it:K3r0._@_12o
administrador@hotelsapunta.onmicrosoft.com:Soporte2023#.
rtt1@rtt12.onmicrosoft.com:-S9W8mYXh8R3pWd
l18340842@nogales.tecnm.mx:Jaccju2000
abhishek.12319@gnindia.dronacharya.info:Abhi@123
MSUNTA:Msuntaxi54321
h.wruszak@sm1st.wroclaw.pl:Hanulka07
timrdean@students.ocboe.com:dean1
jihyukpp@hongikit.com:1234!qwer
patiphan.chi@office.dlit.ac.th:Keng0870731587
http://ME@mozartgfx/#1
borisariasjaimes23@gmail.com:91177741
k62l_ducpm@luongvantuy.edu.vn:duc23072p05
UNKNOWN:Sheldon2002!
binhboong@binhboong.onmicrosoft.com:binh83211@
mtroka6@koscierzyna.onmicrosoft.com:Warto123
305510@r11.deped.gov.ph:2018#Zosi@NLC
fogang.romaric19@myiuc.com:IUC19E0044770
o963223:Dnkgsb$1
ftahseen@immap.org:Qol08135
2010137_ixa@basavainternational.onmicrosoft.com:ekaksh@1234
burak.kanik@live.acibadem.edu.tr:blAg5225
tarekwael49:Tarek2208Wael
satyamchoudhary.mba@geu.ac.in:WHATis.this08
robbe.van.den.eynde@365.academicoffice.be:f6-78DDD6033
katrina.corbett@sd76.ab.ca:@vaJace25
didisi@ufh.ac.za:iCCT@paw1
iilfpiluSzko@ntlworld.com:YuR$_IMONte
mulicspm2382061@pgc.edu.pk:P2382061@WJby
baotruonggia.doan2@dxc.com:THANHVAN123456789.
jeremy.aubert@habrial.fr:Hif58432
pkadi00@students.campbellsville.edu:prathap1213-
aprakash2@student.cccd.edu:Ap032593CCCD
sean.castaneda005@educacionbogota.edu.co:TeaMopApi_123
ignatianis3@gmail.com:Comunic2
stanley.mabwe:care2022!
s2237485@jzb.moe.gov.sa:Abdlah123456@Aa
gustavo.nascimento12@fatec.sp.gov.br:Megapower47000'
wilfredglenn.catud@perpetual.edu.ph:hitler-88
daniel_ac_152014@hotmail.com:Acevedo2022
youssef.merzak@ofppt-edu.ma:TD6b4ntu
84239@assiut2.moe.edu.eg:Emp#760301
jenish.787544@thp.tu.edu.np:Jachan@064221
jesusfranciscogarciab20.ce70@uemstis.sems.gob.mx:Gegv0673
01125133328:mahmoud01125133328
congpv041292@lamdong.itrithuc.vn:Mk#Cong041292
katepink1@yahoo.com:k
edison.amaguaya@espoch.edu.ec:duality96@
califano@wv7v6.onmicrosoft.com:sousa123
9cth1k11.lnequan@caodangnghekg.edu.vn:Vop93558
202007197381@alunos.estacio.br:Morte007.com
admin@c2ndtn.edu.vn:Gv##88877700
DALILA:M6a6KnSWjK_P$r4
maximo.martes@utp.ac.pa:Elm@ster1030
manuelbaquero@ierobertovelandia.edu.co:Manolete27!
evan.vanoosterom@hvc.nl:A$7byhswxzfpud
amina.mohebbi@mak-secondary.edu.lb:Amina123
12887@microsoftonline2016.com:Ky!Sm1Ks
150:m715s213neverfg.
mvanegas63@estudiantes.areandina.edu.co:A1hyzjw0jxdy*
22smeste20@students.muet.edu.pk:3266!Hss
endersu@outlook.com:Nkust0947
dr846226@schools.mk:din246587
claudia.ramirezb@institutoemprendedores.pe:30segundosX
ln2105475666@c3lamnghiepdongnai.edu.vn:Mits3003
cfo@goldenscoop.onmicrosoft.com:Bl@ck0psiii
1064273@hr.nl:Adna010#op
mk153@hongyip3.com:STMK153cd
rm91762@estudante.fieb.edu.br:18022008
paul.p_recover@london-partners.com:Naf28369
0106c011@o365.ntou.edu.tw:vito901203
nguyenminhhoang2010@lequydonhanoi.edu.vn:Jun53806
s98659340@mkhg.moe.gov.sa:76P@s38sWr1069
karpalex04@mail.ru:Sansay135
ba.alcaide@duocuc.cl:A20477083-2
christophe.mouche@uvic.cat:Chrisdu66
jeandiouf63@yahoo.fr:Santineron12#
btech25107.19@bitmesra.ac.in:Jaipur@12345
01038005@o365.ntou.edu.tw:claire410131
shazain.b18nbs@student.nust.edu.pk:ms.54321
a.diagne:Ab15072005
192504084@ogrenci.ibu.edu.tr:L5m73ku8e%
v10905@365e.live:Yax06406
ahmedsaied2023@hotmail.com:Goudi412013
leonilo.perez@quantrics.com:Quantrics@2021!
fmirandamiranda@ina.cr:Lubin2017
tom.nedimyer@ais-kuwait.org:Newcountry42
00240485@ufrgs.br:Jaguares274!!
454857691@ismailia1.moe.edu.eg:Std#060221
cesar.fierro@espoch.edu.ec:Jdc0998345010
rizky.agust@enesis.com:promaN1980
arin.iyer@elproschools.edu.in:arin@123
itctest1@itcgroup.xyz:Sunshine3107
hasibul.193003044@green.ac.bd:Hasib01@!@!
76866994@sencico.edu.pe:Sencico*2021
csalazarm@mibsac.com:Sistemas30$
a610094734@my.uvm.edu.mx:Al04092004
ldadriel@ec.edu.pe:Lequernaque00
mkhan@enstoa.com:Bad12017
juan.rodriguez@treelogic.com:T3mp2r@l2222
brenda.feijoo@educacion.gob.ec:Docente2023*
zabad.ansari@rsystems.com:Qlik@7891
63010518016@o365.msu.ac.th:Pw@1329901062026
hafizhizaam@365.telkomuniversity.ac.id:Sempakku17!
504958555:57P@s95sWOr4353
fernanda.je@uanl.edu.mx:fernanda.jimeneze@uanl.edu.mx
Alyi345719@moe.ae:0124118904a
sdanielarincon@uts.edu.co:Camilita19
zakaria.kaab@segula.se:@Bdelmajid2018
481420484@sharkia2.moe.edu.eg:Std$147147
41220044@mail2u.tnu.edu.tw:F231185296@Tnu
umby25@365net.shop:1Misonorotto@
evansmuthuri@yahoo.com:welcome@2
2015000850126@alunocarioca.rio:rio13/07/2005
gopi433:Gopi@433
nhuchu@jbc.co.zw:nigelhuchu123
rabia.elnagar@orascom.com:Rhn@#010036292750
ana3693@gimnasiosuperior.edu.co:Ana3866745
sdmgn3514092306110006@dispendik.surabaya.go.id:Manguni.3
niloygain.frckolfac@aakashicampus.com:Nilofrc10813#
faisalmahmood@students.undip.ac.id:AMali@786
santiago.moreno@alu.frt.utn.edu.ar:Sant156346999
marcel.malik@student.wsb.edu.pl:Milutki12%%
bushra.faheem.pk:123North
jkohl0806@kohlservices.onmicrosoft.com:Pimpin08*
nguyenhoanglocphat3011@truongthcsphuoctan1.edu.vn:Demo@245
yash@caend.com:peJcit-tysvu1-cuvkoj
manclserrar4o@wanadoo.es:M3nka7
ejohanson@electrodunas.com:KIKE4321!!
20050310028@ogr.halic.edu.tr:vp7&nrb?!t7p
tijn.verdurmen@vanrietgroup.com:Oudegracht317!
kumar.arun@lntecc.com:Delhi@11
faruiz@unipanamericana.edu.co:Farmet.3144
abd0210400@ju.edu.jo:ono$72
w209004555@student.hccs.edu:hcc4Change123!
457282912@northsinai1.moe.edu.eg:Std#070124
2018030272@bct.ac.za:Bct@1234
pedro.s.goncalves@leroymerlin.pt:Lm022019
470303813@sharkia2.moe.edu.eg:Std#051101
EDU_XJME_8341@sulid.hu:Lilolilo1225
premium9@supertec283.onmicrosoft.com:4g#w8Gg%F*C&FRMD%sbA6h7Mgjh!nDF6
amondor@thecottagewitchshoppe.com:Tequila_1
2005267f@student.tp.edu.sg:tG052050
zeb2029:SomosHijosdeCobra1452Jesus
21083@student.ansleszno.pl:Grzybobranie123!
liceth.quejada.5961@miremington.edu.co:Jjad138
admoreno1111@soy.sena.edu.co:anderson
mo.elbardawil@unrwa-edu.org:Mo24111964$$
20.228.534-1:bruno123
462431344@gharbeia3.moe.edu.eg:Std#308093
1247312@cairo4.moe.edu.eg:!c5rDGUf#c
ahmed.allam@viacesi.fr:Lenovoz500
DEden293@students.sthelens.ac.uk:Password2
caio.colombo@etec.sp.gov.br:Ivonir080304
kkania@sp2.miechow.eu:kontoKsawerego4351
UNKNOWN:CristianG2021
jyoung@aeon.org:$Escape20241274
JohnRey.Ganje@outlook.com:Aloric@2024
iasmim.silva18@etec.sp.gov.br:Mimiepepe1
admineto@ist88.onmicrosoft.com:ZaferGuller8988
landreaux.lighty1@email.fdtc.edu:ljmikemike12
451939758@redsea1.moe.edu.eg:Masoo2410#
17kn1a0325@nriit.edu.in:Hasini102030
albion.ahmedi@eichendorffschule-erlangen.de:Aceisthebest1
elmahdi.rabahi@inttic.dz:17688438
2104093275@viavarejo.com.br:Natielly10
Std#070108:
omar.mosaad@towngroup.org:Toy62487
00522897@aluno.sesiescola.org.br:le261913@
angelika.kolodziej@zspolkowice.onmicrosoft.com:Sennikowe1
464230949@cairo7.moe.edu.eg:Std#151004
hsalinas@bolivar.gov.co:Juliana.2020
badanimurtuza@hotmail.com:red@2021
170492@stu-dib.diyar.school:aishasm14
mauroo002@leerling.unicoz.nl:vxER99
areyesve@pochteca.net:PaRkArId23+
eldandofredo@umindanao.edu.ph:K4g3s4m4
al301736@edu.uaa.mx:Diminombre123
3800928u@zolwin.edu.pl:Michal622
119130234@est.mep.go.cr:Emaysami12
jramirez@tnexpress.net:Enlace2023!@#
gssgabriella@hotmail.com:G@sAJM23
jordanthegolfe@live.nl:Smore!0!
nisalakkea@cpall.store:rVc_9L3xKinv@vF
):(
yonatan07.ym@gmail.com:Mur46630
liambruce440@outlook.com:Ibifbith1
18060558@ciscollege.edu.lb:1998A1998a159@852
1001324@praxisonline.co.za:1001324@praxisonline.co.za
451450567@dakahliya1.moe.edu.eg:Std#050321
amelia.sanchez@hernandoschools.org:S5000700
12t0075@eng.asu.edu.eg:01123888492*&^M
zhanghx04@hotmail.com:zhx@MU-260824!
jsesayjohn48@gmail.com:John@Sesay48#
Dagondumuzi@gmail.com:Enki889888Ayash
17508@dixonsta.com:Haani123
tomasz.switala2020@technikum19.edu.pl:Owieczka12345
Joshuajoute27@gmail.com:Joshuajoute@1234
455380666@qaliobia2.moe.edu.eg:Std#060610
eduardov@pregrado.ubo.cl:Alfacentauri76258
bma04127@bangkok365.onmicrosoft.com:Bmapoc19
akominekuCko@email.com:789AerTy52
elizandra.1986@alunoprepara.com.br:Prepara-12
vonn@themortgageeraser.com:Ovel2020
visa.hn@360connect.edu.vn:360connect@connect360@111
czeko003.307@sjcphanwell.onmicrosoft.com:lemon4##
15932829:Lorena259384*
s2148948@siswa365.um.edu.my:cZ4D&Na5
20201559@zu.edu.jo:Zu27518336
david_ntf@hotmail.com:chocochoc
1377929@senati.pe:1327carlosx
2019122401@feu.edu.ph:99Marlborost+
gabri:5175Gabr1l693
printer@challengepk.com:Cal3@lhr
staffingadmin6@jws.com.ph:MARIAresabel12!
453223405@alex4.moe.edu.eg:Std#031201
adani@itb.ac.id:ITBitb2023!
u22223497@utp.edu.pe:Lym.2004.
asepulveda@grupotuasa.com:8888Centauro8888
UNKNOWN:Iron-BB8ct7567
mohamed.2790219@t3.moe.edu.eg:egyptM@e2790219
nathaphom.jiv@sk-thonburi.ac.th:SI2522ta
527255582@behera2.moe.edu.eg:Muy67327
mujtaba:mUR123456
luiz@directasp.com.br:directasp@2017
dula0036@tuitionpanthiya.lk:Abc@1234
s441010927@st.uqu.edu.sa:St1128399068
nenden.sidik@kideco.co.id:Kideco@2022
info.18@sakuramontessori.edu.vn:Sakura@2018
smavendano@ucundinamarca.edu.co:Sanarcela22
9027.yash@sgs.edu.in:yash@9027
bettyvwillson@gustr.com:15502mat
tchesshir@highpointacademy.org:zoey123
fadahmaewan@gmail.com:M+m123456
salamtr1@nytecla.com.pe:NytecPeru1
latressa.dodson@mail.darton.edu:Jeanette12
joshua.izquierdo@institutolacatolica.edu.pe:Qak24130
surender71:Rbn@swayam12
krishmeet007@gmail.com:Bromithibaibro523
leandro.santos@vgmont.com.br:@VG135790.ls
s96976@pollub.edu.pl:Nesebi26
spvshift.pk@rbg.co.id:Lun96736
24-2018@pmf.kg.ac.rs:Simka1215
1201717591@alexu.edu.eg:Xot08791
td.barakat@emaa.onmicrosoft.com:ZKkdg233
4400@calasanz-pereira.edu.co:1089935912
00003309036@bepl.online:mysecret@07
hitimes0224@hotmail.com:NightmareXX9
10a10.27@ttgdtxcva.edu.vn:Quyen1890!
vivek.singh@mayfair.co.ke:Val04649
478076693@giza1.moe.edu.eg:Std#040323
doron.shami.tikshuv.il:Branco2021
yousif_a_hamad8717@moe.bh:Yassaf39672272
islam21@04l5z.onmicrosoft.com:Asd1234512345asd@
maplehillafh@martykramergroup.com:MAple863
s3899916@mkhb.moe.gov.sa:Sa1435Sa
miriel.silva@etec.sp.gov.br:MSV#1892W
1073618@student.edu.az:Sml91460
ibtissam.belfouad@usms.ac.ma:fpbm+320216
aaalrashedi.cstc@tawal.com.sa:0531940359aA
deionknowlen@student.ktc.edu:O03v79!3491
psyaa33@nottingham.ac.uk:A_yix37197990!
af692385@southeast.edu:Dark5090
vk480877481@edu.mon.bg:KovachevVladi1v
kormos.aron@petrik.hu:2003aqa6erURe
5euczen011@sp51wroclaw.edupage.org:Frydziu08
jjoh1708@student.spcc.edu:Carpenter1
said.853164@t2.moe.edu.eg:egyptM@e853164
29521@ioffice.site:Shahputera171276
anice92@vline.top:ECuador2023*
moheb_fawzy@must.edu:mohebf123147Jesus4ever
466478726@qaliobia1.moe.edu.eg:He@#251976
sia_jun_hong@students.edu.sg:Yumin2021
veeti.back@cygnnet.fi:Vevaba066
jungjung2544jung@gmail.com:19092544jung@J
yosi.melamed@civiq.com:Y.M3lam3D
e25635@cscv.qc.ca:yao59
UNKNOWN:Aninha*0
s2730450@rb.moe.gov.sa:HDEx@UH7
pg_165424@f-eng.tanta.edu.eg:Ran04031
andri.supriyadi@sohoglobalhealth.com:MXUOgiS9
rogerio.silva@avanter.com.br:Paolla2011!@#$
maxim.egorov@edu-corsier.ch:RickMort2019
1510253@utp.edu.pe:70105516
christian.galupa0285@sas-tanza.dices.edu.ph:Raphael04
aromeror1@correo.uss.cl:Al@ndel12#
carlos.caceres@cesmarnic.onmicrosoft.com:Cjc11810
tadas.piciulevicius@volungesprogimnazija.lt:Mokinys2008
michal.szulborski@lo12.szczecin.pl:dustsmoke
cgalaez@careconnectmd.com:Carebeer2022!
mohamed.ali@almullaexchange.com:Jan2022*
jan.burkunk.nl:Caterham8
mitommoc:142458296
santosh_829:Shashi@123
454376275@sharkia1.moe.edu.eg:Std#051212
lopimax179@xasems.com:Selliti1995*
hlucic@m.ffzg.hr:ftDk76qCbn-yDmj
jl004681156@alorica.com:Aa35018600
director@futurelinkconsultants.ca:Futurelink@54321
220200029@msteams.mitaoe.ac.in:saumyaba
dramirez@edu.upolitecnica.cr:Millonario2
sp0103578051212070001@dispendik.surabaya.go.id:Lilogusti07
2017297294.pe:Huc98820
23277278a@common.cpce-polyu.edu.hk:22272222chrisE
cgarrett0014@mymail.lausd.net:yellow2009
jean-francois.gohy@police.belgium.eu:Sylvaine__1979
ishell.ayala@doloressopena.edu.ec:Stefany2020
klaudia.gacik@persevere.org.pl:Kalusia90
nawafalfaifi155@gmail.com:mrbanana77
4240669.com.br:J@06713086373
john.parra-l@uniminuto.edu.co:Thiago2000
ngovip2014@out:Fsbenga231281
mmedinac@upn.edu.co:Kimika2021?
natalia.galindo.g@mail.pucv.cl:Edollanos21
kanas.ateeq@alhekma.com:KAma653
piotrkwapisz@zs1chrzanow.pl:Sylwia87
pspep@hotmail.com:Putamierda12345
560@anbhadaj.com:mosam_1214
1714031@student.hcmus.edu.vn:Obelisk98
ahmed.abdsalam@waldorfastoria.com:WWW@y@h00
20331a0541@mvgra.com:student@123
2236801@cegepthetford.ca:hockey05
mariavillegasperez.est@comfandi.edu.co:Mariaca2303
simona.borrozzino@studenti.unicampania.it:Simona1007
rp111053@students.panola.edu:Joy4me++
pet0143443.com.br:H75103op@
pedro.garcial20@my.unitec.edu.mx:320014677
sshee@tribpub.com:Mupssps@mar2
FGz:M6b3ZQ9wjJ.
330560.tcs@csn.edu.pk:anasayub1233456
fr744@proplus365.site:Haihoa4121994
2016029.pt:julioclip1234
202101007@ist.edu.pk:asd.129
rakib.zaman@zaynaxhealth.com:R@k1b22#
aiden.galvin@silverbug.it:QPW286ka76UP
etembras@sacs.k12.in.us:N0ahL1am
giuseppe.marino@itetmaggiolini.edu.it:Parabiago1!
floradriana18@alumnisep.com:FJA181913*
021@fylc.in:harsh@123
022117:Hamel2117
10996460@uvu.edu:NextGen900085115!
458893250@minia2.moe.edu.eg:Std#071113
ma89763415@edu.mon.bg:Miro00543
eduardo.vasquez@laborum.pe:EDvasa170195
jacastrov@medimas.com.co:Colombia1
4800344777@danang.itrithuc.vn:w!vslr0O
samarasi_cs88088.ac.lk:80888808
ratty58@btinternet.com:Hj843efg$
om:OGUE.0990_
prachya.pokkam@siamcitycement.com:A@Tread072024
ronny.toazac.ec:Ronny1989T
quirozmay@ucvvirtual.edu.pe:AQR.1998ucv
phanuphon.jin@visionventures.co.th:Vv379naja#
lx05611@innovaccion.mx:junior.masna123
hc11303@geitonas.edu.gr:Thomas040928
basem@ju.edu.jo:sHahm7b32
nishantha@debugisp.net:Debug@969
lgonzalez@munilautaro.cl:Andalue3512
lokesh.babu@sialandscaping.com:sobha@12345
1266875:1234567890
marta.avila@meduca.edu.pa:Gonzalez08
ct040225@actvn.edu.vn:hungtoeancut123@
jk.delacruztaipe@gmail.com:Lovely04
l4618903@std.yildiz.edu.tr:Mm12345mm12345
amzahran@azhar.edu.eg:Amzo@2020
sarayah@grepsur.onmicrosoft.com;Jaf79437;;https://login.microsoftonline.com/
DaddyLL425:))
m10306@onyangm.cneo365.kr:Sunghee042770!!
hidayat.pirjade@asmedu.org:munna1234
noma@averna.com:Mano*mano
creyes@matcor-matsu.com:CR$2023
jesko.doermann@gsggoe.onmicrosoft.com:5;xq/LvPx;YAbk.
joao.luna@cs.udf.edu.br:Gaara125
lukasz.napiorkowski@sp4mm.edu.pl:XYW^i,K?8^ai5b2
amirezashvili.luka3@students.gov.ge:Lela2020
8888880888@hungyen.itrithuc.vn:Nguyenlongvu8k8!
N00263377@upn.pe:12Lugurafu30
marketing4@go2sline.com:sline@2022
elena.zibileanu@student.utcb.ro:Zibanele1998@
karen.riverar@campusucc.edu.co:Colombia2020*
sarah.rodriguez@supernotariado.gov.co:Dj777879@
d20b2878@educacion.edu.do:j2hem5~
shaneli.22409@bishopscollege.lk:Shaneli@2020
na:1193087Ld
arj@cidividi.onmicrosoft.com:Christelle1987
marcelo.martins.evan@gmail.com:Nocalanches1!M
dutyofficervjh@ecomexpress.in:ECOM@express
19drg19f1042@student.pms.edu.my:291206kidzzzz
mcunalata@cbc.co:Proyectos.2024
1773023@tcs.com:Job@092022
a043346@umaia.pt:ixN{f2853
tofeqhaj@tofeq1223.onmicrosoft.com:2132Toto
martinezyelist.com:Rup60294
iammtlc10@migros.com.tr:Beyaz4141
hakan@hakanorhan.com:Bacicibacici1!
celalcan.demirci@stu.pirireis.edu.tr:13242002Can.
gerson.navas@correo.policia.gov.co:Gerson2021+
454867817@dakahliya1.moe.edu.eg:ASDasd123#
132474831@hanoi.itrithuc.vn:DOKIEN80
andval573@hlpnet.net:Krasea7$Krasea7$
corlando:Flotacion2022
osvaldo.mattu@belizeschoolsedu.onmicrosoft.com:01.LEGENDADDY.2022
root:888888
455197080@cairo3.moe.edu.eg:Zee_832008
addison.weinert@education.nsw.gov.au:appilori1N@N
u202315005@upc.edu.pe:#Yaco1704
ah191013@ens.uqam.ca:HIM54419
jonathana@kia.co.za:Motus2022
duonga006@tcdsb.ca:password
jd17-0143@365.unphu.edu.do;Lsxd.429;https://login.microsoftonline.com/common/oauth2/authorize
n.bravo7@alumnos.santotomas.cl:20122014
487262880@sohag2.moe.edu.eg:Std#050115
533022.tcs@csn.edu.pk:Csn@123!
adundar@ahievran.edu.tr:Ad14611330
oc@365c.onmicrosoft.com:cdg.1954
aly.mejia@unah.hn:Univers!tario89
196230307024.ce@gpgan.gujgov.edu.in:student@123
https://login.microsoftonline.com/3ef7cc24-ad65-4bd7-a6bc-34f32e43989a/login
r20240017282@feuroosevelt.edu.ph:@MriyaYvonne2014
445100976.edu.eg:992684
209670662@est.mep.go.cr:E24122012*
monica.rossi@usalesiana.edu.bo:Miguel2021
adamelguladi@outlook.com:zxcvbnmmnbvcxz2007!?
940286@pdsb.net:Diffluent15
demo1@skillmatrix.onmicrosoft.com:KutyaKutya1!
monserrat.valdes1@bachilleres.edu.mx:Tina271982*
aleksander.wojcik@szkolawa.edu.pl:100Szkolawa
heba.rachid@lau.edu:hibaahmad12.
antonio.gurzu@s.unibuc.ro:Vrumvrum31.
1166885@student.edu.az:Ehmed2007
449304763@cairo5.moe.edu.eg:Std#021028
paramjeet.lamba@semacconsultants.com:Fuyu0730
csu-sandiegostateuniversity:mccoronel@sdsu.edu
0427983@students.dadeschools.net:0427983jz
al-sharaah@ecgbert.sheffield.sch.uk:Punjab4
18.22.11.khang.huynhnguyen@thds.edu.vn:Eh%38H%a.CX3K2h
a.andre@collegesevigne.fr:Anakler2012
gerardo.castro.ortiz@ttdss.onmicrosoft.com:$ome1one1753
hfzfscmm2092121@pgc.edu.pk:P2092121AVne
td23aad@herts.ac.uk:5580@Tharmila
lubierc.sierra@utadeo.edu.co:3102010989Lu
md100474d@student.etf.rs:@Dusanbbgk91
anurag.bardhan@thewvs.tech:I@@m@goodboy@2022
lillian.french@mywildcats.org:Lf898722
jakub.zietarski@edupolis.pl:Skiper2015
lyka.otanes0029@sas-tanza.dices.edu.ph:Samar$antolLaunion#1952Lola
449796156@alex2.moe.edu.eg:Std#051115
21570218.es:Camillina46
1544128@learn.vsb.bc.ca:humjog
kmcglothlin6224@student.egcc.edu:Km052701!
charlesgeibryel.aseo@sdca.edu.ph:#sdca2024
johan.vargass@campusucc.edu.co:Jevsther@15
K61581540@edu.mon.bg:Ks62022a
170040482@kluniversity.in:Laptop@777
ritik.17051@kdbpsg.onmicrosoft.com:Abc8470040070
2105180@monofeya3.moe.edu.eg:709pxocl
4Sidestv:R9639872774S@
j132203309@taalim.ma:Oubahamalak123
jan.pejchal@zaci.zsbabak.cz:Luy02337
hassanabubakar2007@outlook.com:Garaph100
nfr@sun.ac.za:Vrede007
jirayu.camera1482@mail.kmutt.ac.th:camera_1482
miguel.angelo@x-signprofessional.com:Xsign2023
marcondes.silva@afferolab.com.br:Mancha003
639753@cognizant.com:Dingdong@3211
jhoyos19@estudiantes.areandina.edu.co:Weed(soja)*
ha5dy17@csdhr.qc.ca:be7be8
awicab@xcaret.com:marianaxca
davidsieh@nedfellowships.org:Mickeysieh@1997
UNKNOWN:BusterBrown
r.urdiales@winsysgroup.com:RUWinsystems2018
es00459251@prosegur.com:@Safapass2023
491155838@alex1.moe.edu.eg:Std#970101
10906725@tac.lutsk.ua:0508585200Ss
admin@unyck.onmicrosoft.com:Google01
arjun.haware@indusschoolpune.com:boomboy123?
l18160359@slpotosicapital.tecnm.mx:Estrella12
polopolo123aa@outlook.com:oP0Cj5Ed
88988088@888888.onmicrosoft.com:Tt89888dcm
j.nieland@pietervanforeest.nl:8-Xlr-16!
y2001328@wistron.com:Wistron123
tiago.maia@westrock.com:@17072009aA
rerngrit@masterad.com:266924-Kpp
maria.salom@est.uexternado.edu.co:UECms21022
rjperezoz20@cobaep.edu.mx:sayonara12345
i202120643@cibertec.edu.pe:4Fjwrfzw
c130026628@taalim.ma:Ripkz2819
yusrid4.kelasinspirasi@guruinovatif.net:Yus06691
rakeia.lee@ultimatemedical.edu:Lilman25
rochdim@edu.cspi.qc.ca:1899962
jkanjirawaya@psimalawi.org:July19863227
442269354@cairo1.moe.edu.eg:Std#030922
h.etchien@eicsciv.com:eics@2018
mariana@macxtrial.onmicrosoft.com:frozenintime123
mmontances00245@cosbrizal.edu.ph:M@rvic12142008
486780181@qaliobia2.moe.edu.eg:Std#050704
sduarte@bucaramanga.gov.co:Cc1098620228
aboutyou@talktalk.net:NuaNy650drs
ourbina@dospinos.com:Dpscrrbs32*
aayushi.astha7@iuu.ac:Ashuashu123
20010126214@symlaw.ac.in:Sid@2401
joni@putramediakomputer.id:passw0rd
mkynegeiros@st.schools.ac.cy:Z0511&2010a
35405261@curro.co.za:Gaming1@
katherine.com:PEntagon01%
mgonzalezosorio826@gmail.com:10013398131412G
rwafscmm2333957@pgc.edu.pk:Zaham@143
26920@maesai.ac.th:0850375233
andreas.gruhler@eldev.eu:SKh4ue9p
mbn0cx24642346b@outlook.com:Steelpro1
477628051@qaliobia4.moe.edu.eg:Std#050828
collia@pba.edu:Cupcakes2019
l199t0178@itsjuanrodriguezclara.edu.mx:Naranjo2012
rodrigo.ramirez@uniminuto.edu.co:Uniminuto.2024
l_lopez@autopistamagdalenamedio.com.co:Luisa4366*
00008888880:Ra@888808
rashikhammad.abdul2018@vitstudent.ac.in:@Hadee2608
sja0206666@ju.edu.jo:s*3318
khanisorn.san@nstda.or.th:Pop-20160-003
vaber.fernandes@bioconverter.com.br:biocon@12345
unknown:H$SP$Lsx.D2*JTD
1631536@utp.edu.pe:DrakeDeuss4321
hamdhan87@gmail.com:Infoham@1987
Basit@simplifyworkforce.com:2119920Minhax
mrnascimento1@latam.stefanini.com:Losferathur05
om19919@bristol.ac.uk:KIKIbearj17kikibearj17
maheenimran@hsbusiness777.onmicrosoft.com:3April22
R130042436@taalim.ma:Edti6583
tj.liseth.alvarado.z@upds.net.bo:u.10704013
batkhadze.dachi@students.gov.ge:batkhadze.dachi@students.gov.ge
jpajae@unsa.edu.pe:romina@123
p217076@prioryacademies.co.uk:Acavafa!
m.howard@wlc.ac.uk:LunaSilver23@!
pat.frey@carl-dittler-rs.de:teams349!
le4536@saskpolytech.ca:x8JuNLeS
nemonroy@unal.edu.co:PEAeak28
lovenjonorcino@ughaub.onmicrosoft.com:ujqu4XGj10$
475774526@sharkia2.moe.edu.eg:Std#021114
it@qpail.com:1t@Qpail
562322657@qena2.moe.edu.eg:Aa5566####
02894914954@aluno.uniasselvi.com.br:5838384@aluno.uniasselvi.com.br
460793517@cairo6.moe.edu.eg:NULL
v.boracasarron@cfsacurien.fr:U%jLNpL6Zt,#FhP
alaadin.b_akn@gemselearning.com:labour56
sileh3@personalmicrosoftsoftware.uci.edu:QQvs36012
60003@sint-eduardus.net:190402_M
jszawara@sp77poznan.onmicrosoft.com:klawiaturaM89
miguel.primo@telefonica.com:A@rceusshine121
consoleadminmb@gh-paulguiraud.fr:26uymhds
hgnm365.rukhyat@guruinovatif.net:172506
michelliajoe25@gmail.com:tiktaktoe25
friesen.joel_ephraim@gms-net.de:Joel!2009
thegamersnathan@gmail.com:Gunawan24
wimonmat.i@vonbundit.com:Wimon2543
prafulla.ttl@tatamotors.com:Jan@2020
amirul@tvnlbd.com:Ccie@321#
ST10111277@vgconnect.edu.za:Ru@n0001
252858262@ecampus.ut.ac.id:SRIL2725*#
122030382@est.mep.go.cr:Vegaj#2020
raluca@minthical.com:Biologie123
pakakul.ta@st.wu.ac.th:0884492606Tik
rpalmer@thepalacecompany.com:Elgatosecomiomitorta1
wilsonz7@udayton.edu:Zozo1214!
pastoral@betica.redcentrosit.es:PedroPoveda1936
a41534@thanglong.edu.vn:Nga142212
zahrapuspa@students.undip.ac.id:Tosca.931
207diandaputrasantoso@smptaruna.sch.id:Aksire789
cea:jcea@empresasarmas.cl
16imc10206@fh-krems.ac.at:Science123
sa4gh18@keaston.bham.sch.uk:Londonderry2309#
marc428ipostri@free.fr:RaChel
z0010de0002@hwccp.onmicrosoft.com:Lacom2017@@
aelgan@djplaw.com:isnotJamdat11!
rlatifi@ips-psg.de:aja08HgK
naofalmartfa@365.telkomuniversity.ac.id:Martfa10@
kendall.ruiz1@ulatina.net:Zjlomd78
06566-8:281006
meybelin.henriquez@meduca.edu.pa:Cr1s/012
angel.cevallos@unach.edu.ec:Alex2003m
abdurrahmansyah.dki1@guruinovatif.com:Omenkibo11
abdul.wakhid@bptikpjateng.org:4Bdul666
abhinav@reenaverma.onmicrosoft.com:A@987654321
silvano@SILVANODACOSTAGOMES1.onmicrosoft.com:AaA91174124
s4359672@mkhb.moe.gov.sa:Afaf12345
451892157@dakahliya1.moe.edu.eg:Std#070101
227310@stud.usz.edu.pl:Maksiu0708
m138410142@taalim.ma:13*R987504
s01043177@acad.tri-c.edu:1974moonbeam!
762051@pds:M0j02005
s9971605@mkhg.moe.gov.sa:[UNKNOWNorV70]
nelly.rivas@upsjb.edu.pe:Nuzcadaniela123
junway860@xoperx.com:Wong860227
19cford@fitzwimarc.com:PaperBoy08
kenneth.onita@alorica.com:Password1!
480983602@cairo3.moe.edu.eg:305930
423489715@hebron.edu.ps:moeh42348
fabiobebo82@gmail.com:paroladordine
estefani.antonio@usil.pe:Jacquelinap01
anish.ku.tirkey@rungta.org:1Anishtirkey
nanda.guntupalli@student.clearviewregional.edu:T6B2yewA
408608787@minia1.moe.edu.eg:Std#031223
120002@7setembro.com.br:Adadj@22
michelle.lynch@binus.ac.id:WeiChen12
jmaria.reguera@bidafarma.es:hpw2207hH
paucarpallo.com:Llufeta8
prabhusamuels:Janprabhu@12
411284384@dakahliya3.moe.edu.eg:Std#041225
m.simonnet.com:Ms080401.
cnn_cnn-kh-1100@centeronline.edu.vn:Hoang22032009.
Harr1erS:2018
2019161241@feu.edu.ph:Nissansilvias14!
sb0d65397@techmahindra.com:SB@0D65397
fasih2145@bahriafoundation.com:Haris1234
27leehyeonjun@iusd.org:160170007
user10@netorgft5617186.onmicrosoft.com:800310682arAR@$
113848150017@r5-1.deped.gov.ph:NLCA@2024
muhammad.atif@tcf.org.pk:Psn$2834*
office365@ianstall.onmicrosoft.com:osaeed_2006
vladyslav.yaremenko.ee.2017@edu.lpnu.ua:22.07.2000
486795834@cairo6.moe.edu.eg:Std#030810
megn2589@myoffice365.site:[NOT_SAVED]
5448.pt:Ogoid%321
202203017233@alunos.estacio.br:Amarelo10!
othe21@gmail.com:dokterpost123
yalkandari@mtech.edu:123456Dude
lccruz.pub@gmail.com:JCjelly2143!
0664702.edu:Kh020594
614242@mijnschoolnet.nl:Hoefveld
piotr.idzikowski@hotmail.com:WP-69sp*faE#95!pA
raphael.hufnagl@htlstp.at:Galaxie2006
472912013@sharkia4.moe.edu.eg:Emp#080329
ti@verticaldoponto.com.br:C@b031077
scificolombia@gmail.com:El3n@123
amarawan226@gmail.com:Marawan2005
internship@meinhardtgroup.com:Teamwork@1234
s5912215@mkhg.moe.gov.sa:Tabernin1977
3201812584@alexu.edu.eg:NGL123456@
skasowski@sp1lubin.onmicrosoft.com:sLOIXON3123
28354793@uts.edu.ve:Maria*12
777438183:ICECREAMYORGHURT1
1700438@eng.asu.edu.eg:h01015747909
psrtn2b33@presidency.edu.in:Hussain786
longhoang@thienphuc1235.onmicrosoft.com:a3951059A
66140071@dpu.ac.th:Golf1359
rajasuriya_m1@dxb.manipal.edu:Rudemind@321
m.m.qaadan@students.ptuk.edu.ps:60817835
zoran.lukovic@helios.rs:Gojnogorac22
bet@sense-environnement.com:9vxct46w
503760006.go.cr:Frida3030
d133710509@taalim.ma:Vjgd5207
albaadriatica.eba@agenzie.italiana.it:GUARNI83
alex.melo@arbos.com.br:heloisa1
singha@interdev.ca:Iloveyou@143
20152291@unapec.edu.do:elsb0808*
s7856827@mg.moe.gov.sa:Layan@2005h
ereayp@unadvirtual.edu.co:Amoamishijos7*
ashabeerjoger@hotmail.at:Unkama$is
mona.1312672@t1.moe.edu.eg:M0n@011011
23977162@FWC2022Volunteers.com:06At3344
Shafqat.HUSSAINKHAN@UGent.be:Mijn-Apps13
natan.jesus4@etec.sp.gov.br:101299Dj
sesamefree0012@myoffice365.site:Avt9003032
nishaanth911@outlook.com:NISHaanth123
nicholastarigan@365.telkomuniversity.ac.id:M@tthew1
viktor.vankerckhove@student.odisee.be:ROBLOX1234erich
1758020002@kientruchanoi.edu.vn:caubeVip1
lcarreon@industriashabers.com.mx:S1st3m@s2023$
mayra.masaquiza.ec:MA1113iza*
cesarcarlos@professor.educacao.sp.gov.br:Cc120688cC
20gregoryk@cardinal-heenan.org.uk:KYLEgreg1
tranlecongtin202@21g.in:Nishik02
r0840604@student.thomasmore.be:Sof!ane2001
mesuttkamil.com:kEMO5456..
11104006@cc.peralta.edu:tanHoang534
r.lipinski@chwaszczyno.edu.pl:Lipton15
benson.lenanyokie@afyatimiza.org:Amref2020#
sw80219@student.uph.edu:Onepiece08
107210272@sv1.dut.udn.vn:0965330850do
disk050@txqq.me:Backup3127167
admin@corepb.onmicrosoft.com:buRqryv[L5r([b-[QGGWjMv~U
joni.degraeve@vtibrugge.be:Imma3366
aguardado2@ivytech.edu:Aguilademexico14!
habiba.khefacha@isgs.u-sousse.tn:biba141997/
info@ironaid.org:TC=Trump
1102801@omareyah.edu.jo:Lastchance@1977
a170371@siswa.ukm.edu.my:Pintar99
stu26-koukoulasd@leonteiosedu.gr:Paniovi7708+
b624101162@northcm.ac.th:Ncu225789
3029651992194@vuhuu.edu.vn:123456a@
190108078@live.unilag.edu.ng:Adesh2920#
20161006@tcss.edu.hk:Vod85711
e130068665@taalim.ma:Soukaina2018
gustlag@eletronuclear.gov.br:cGUT3497$
lukethebetatester@outlook.com:Kan91695
211100111@gcm.edu.ph:Sajanaraj@1998
1905472e@student.tp.edu.sg:tB849554
0342847@students.dadeschools.net:022004p
17601@unifatea.edu.br:Skate2014
454486970@cairo1.moe.edu.eg:Std#060723
bp00542316@techmahindra.com:Aug@2021
dmelnemUriX@orange.es:A$-84438n
jayavignesh.mathimaran@bd.com:Decruzev123@01
go:teams123ilove==
lester.am@tuxtla.tecnm.mx:3E124CAAC8
nirai@galvanomondo.com:33TA17st
ruben.ligtermoet@bonhoeffer.nl:9iW9VyJm
founders-desk@name.ai:cbfr@123
sebastian.jimenezmeduca.edu.pa:j04200513
45367@dynatacorp.com:Braisnchz2019033069
230701025@live.unilag.edu.ng:maja@@1234
kalber:Gbra*252
ergdib18@htl-shkoder.com:914EdrDib
t202010999@feucanvas.edu.ph:Jacob0114
licencia24@wnnf.onmicrosoft.com:Francisco11*
qasim@remotecollabrain.onmicrosoft.com:support123R
Abu:Ubaida@032@
lusine.2.poghosyan.external@worldline.com:Artashesbznuni9!
bauragnieszkA@hotmail.de:@G2izmo9
thicioliveira13:Signature2025**
orquideaarencibia@yahoo.com:#Orquidea1553
jai20210214@davdwarkain.onmicrosoft.com:Vardhan@123
12120082@mahasiswa.itb.ac.id:Jancok123
brahiam-20@hotmail.com:Sneyderferney0007
11085@eversdal.org.za:User!123
engenharia@g-maia.com.br:be#gm101@7790Al&
dra.analia.schererfautario@iosfa.gob.ar:S0f1sta!
brueljohnedse:1596543578641@Jo3dp0gi
pgrajales@cafam.com.co:Activoscafam2021+
emy.lacson@r7-2.deped.gov.ph:21FebO365
sergiogutierrez@puenteuropa.com:Gamer198
surya.prakash@vit.ac.in:Wild@1craft
maria.dcouto@rioeduca.net:Maria2020
henrique.nunes4@aluno.unip.br:45897699801
evo@1alsaleh.onmicrosoft.com:24@12#Aa$evom
yohoutapa@gmail.com:08041964Kn
UNKNOWN:p68nd9YrB,VxMCn
l20321167@acapulco.tecnm.mx:cristy_9999
varnit.singh2022@vitstudent.ac.in:VANshica@123
~Z?MY%:77hM!eSt
462567315@assiut2.moe.edu.eg:Arabm2023#
1163110020935@mail.rmutt.ac.th:Zuzuzaza75
447694410@cairo4.moe.edu.eg:std#050129
ardika.muhammad.isyaq.ramadan@smanonesakra.sch.id:Sajarepmu123
office365@policia.pr.gov:P0l1ciaPR1
arnovanlankveld@avlmotion.com:Tod24835
myazid.sharohhuddin@s.unikl.edu.my:8Kunfayakun
brian.anyango@students.jkuat.ac.ke:Breanne254
at479541@schools.mk:znh4725
458282411@assiut2.moe.edu.eg:Std#070623
1317030316@nsd131.org:crthd3
jichuan254@jichuan254.onmicrosoft.com:JcHdd08081106254!
473117079@dakahliya4.moe.edu.eg:Abdo1212
cristian.mora@alumno.dgcft.sems.gob.mx:HIPotenusa1982
01146972332:01205074575Yassen
UNKNOWN:Zehra123
valenz:Hebreos11
carlos.pravia_outsourcing@grupoactivemotors.com:Agosto2021*
2427134@students.wits.ac.za:ICTPass7576
201851445005@alunos.unifanor.edu.br:1OI[4ael+4vI8C
mmolina.ar:Davegrohl_98
jenniferjaconfreitas@ufmg.br:izamar1404@
amelop@bestel.com.mx:Ab11235813#1
451777757@minia2.moe.edu.eg:Std#060102
sr102105@abfrl.adityabirla.com:Asdf$123
451168946@sohag2.moe.edu.eg:Std#010101
510729948-28:12041996
oussamakarbia@isitc.u-sousse.tn:KOess2019
roberto.velasquez@uautonoma.edu.co:y6l1nia2
joao.rodrigues@enertouchpt.onmicrosoft.com:Moj24079
445271049.edu.eg:Std#040425
ch280155@st.neu.edu.vn:[NOT_SAVED]
yrving@qdxy.onmicrosoft.com:V858wg8z2s!
453810200@qaliobia1.moe.edu.eg:Std#123456
445363733@cairo4.moe.edu.eg:Std#040326
yehezkel.nisim@corp.zim.com:Gimzoye47
benches@gstha8772.onmicrosoft.com:Donaustr.4
r137589121@taalim.ma:WiaM2018
ignacio.garciasoto@johnnyrios.onmicrosoft.com:Avion2020
gestor.2150@aeduead.com.br:Kroton@2021
gustavo.tapia@alumno.buap.mx:licru1997#
nashgenius313@gmail.com:Deen3133
laura.avilah@estudiante.uam.es:Nekomakenma5
HAZORIANO1@region1.mineduc.edu.gt:hazoriano1@region1.mineduc.edu.gt
christianj.gutierrez.mx:Obelisco_1
jetnipat_rak@cmu.ac.th:Geno3537@
jorgedejesus.meraz@brokersuramexico.com:2W$ZVPRX9x
raflyrizkian156@gmail.com:Nfg01111996.
avera673@puce.edu.ec:71235434
dominik.vlasak@zs.6zskolin.cz:Rybaricci123
edalvarezoz@unadvirtual.edu.co:Alvarez-2023
h.nunez22@unapec.edu.do:Dylan1708*
raisul@somtng.onmicrosoft.com:Office@1406
brbr1913@office.proven.cat:Moniiv0628
rsierra@upbs.host:rsc197$1
efaiber@hotmail.com:Mariaantonia22*
szuniga:genialopolis2019
jauharno.sumandar@vinci-energies.net:Jauharno@2021_04
t263110302602@moe.edu.kw:allah4giveme
464133952@dakahliya3.moe.edu.eg:Std#090519
syeda@tejasnet.onmicrosoft.com:Tejas@24
100113@ast85.onmicrosoft.com:Astana2020
amaslowski@zsslegnica.pl:Myszka12345
450678391@qaliobia3.moe.edu.eg:Std@#12345
hhnreddy.m@arunachala.biz:Alpl1463@
Vru38q<y4:69qvA
suriyanti_1110822028@mhs.unj.ac.id:Marasaoly2022
itlgexito@grupo-exito.com:EventosExito2020*$
88808ankilipe_@gmx.com:Kji8999ki88
ofavaococ1@outlook.com:Pong4mia
jimmy.wu@cefinity.com:AYUayu123
giselle.martinez@dotech.mx:Giss47705
dipmdn.asssa@ktbmmksidms.onmicrosoft.com:D1p0@2023
tchatsama@mbisegypt.com:Maximum11
artur.amaral@etec.sp.gov.br:Artur@1010
guillermo.yate@sedtolima.edu.co:Gabrielfigueroa#99
i.f.hamed@students.ptuk.edu.ps:s4QhbrXZ72h.QDv
st_louisra@students.daymarcollege.edu:RS***5765
artsmarc@365collective01.onmicrosoft.com:GPZ500ss@
bruno.mulin@ngrglobal.com.br:$Toyota2707
trobinson@broudyassociates.com:ilovemyjob#1
s.weis@haehnleiner-schule.de:Katze123
yousef302019318@m-eng.helwan.edu.eg:Cas54166
wl12082003@gmail.com:Wendy1208@
phuonglh-kt43b@dav.edu.vn:Phuong09121997
10490442-da@apgsws.onmicrosoft.com:Turangi2@123
a3997@365-office.biz:Abc159951
prerak.agarwal@navikacapital.com:Crumb92!!
a40609@thanglong.edu.vn:Quantobca2002
landnex@gmail.com:Kr@shben170111
gbritot@est.ups.edu.ec:escorpion19981
bsyadav1762000@gmail.com:Bh@w@n!#1272
222000155@students.nust.na:Ndagwedha@5
lpphu@thptcvlct.onmicrosoft.com:Baonganphu9@
30309151402017@sci.asu.edu.eg:242354578oO@
ghulam.ali@dawoodhercules.com:GA@00485
md2020-0351@uce.edu.do:Md%2062002
a163562@alumnos.uaslp.mx:g2akjvsyha!shad
jmflores@doc.emi.edu.bo:ja#5mu57
a11223@alunos.ae1marco.pt:D01D1940bc
445342409@kafrelsheikh2.moe.edu.eg:Std#041001
44jasben@students.sccpss.com:Victorlikesdudes23
motta.alexandersebastian@ic-divisionejulia.edu.it:SBUsbu104
hossain@cryptosourcing.com.bd:Ant65226
nguyenthitramy@thcscvaq1.edu.vn:Phuong28052017
3541062@student.edu.az:0506470997cm
mhouser@htrsi.com:Saint*81
21120205056.tr:35476095908
akshaj_pandey@outlook.com:(6x9)+6+9=69
maintenance@referral-sys.org:Luc23419901977
454271183@giza5.moe.edu.eg:Std#060816
445559818@sohag2.moe.edu.eg:Std#031015
yonathan.inostroza@alumnos.uach.cl:ajikaner18OOK
david30.knr@saamkind.nl:Pikachu12345!
iammefu:Reme4842
lovickeric91@gmail.com:Next2you$
455840979@sharkia3.moe.edu.eg:Std#080401
uf8525nz@my.riverland.edu:VMG2015a
202007220781@alunos.estacio.br:@Sarah173@
trishbryand@gmail.com:Pizza2019*
nhanta@nbkqna.edu.vn:Maimailabian234
eric-9860@ms.obec.go.th:Non0825835510
hassan_sadek@azhar.edu.eg:Lujy1062015
Pocket2809:
franalonsog@gmail.com:925226532aA
mnoorellahi.7869@futurelearnschool.com:Fls@7869
itsupport@jollibeeuae.com:Mahdi@1214
diandra.rodriguez09@gmail.com:300312Lucca
tsintsadze.natia1@teachers.gov.ge:Zura1972
justinsosa@alumno.utesa.edu:8bQaQp4H
j.pedelino1444@student.tsu.edu.ph:Phyne1444-CTE
gugusan@email.com:dldy08tjd20
josh@graniteseed.com:ShGsBsj1sh
letunglam2c2.ngscs1@ngs.edu.vn:Lop3c212345
admin@drindiranaidooacademy.onmicrosoft.com:Karishma@24
plso@ymca.org.hk:3dK2RPLb
hicham.noeman@business-consultancy.ca:&$!@456088GWLopy2!!#H
557262825@benisuef2.moe.edu.eg:Std#272322
jhuang126@calstatela.edu:Hn20141004!@
thomas@ymedical.org:Yehowa123!
88808888@dut8life.ac.za:88808888@dut8life.ac.za
taned_k@team.co.th:Team*2019
nasroalaoui6@abcda.tech:Nasroalaoui@
setiyawati.web4@pgribatujaya.id:Setia07081993
s19042@sso.vtdko.lt:Kipsas123
462740082@fayoum2.moe.edu.eg:Ahmad&1234
brahim.oularbi12@gmail.com:Tripsfor2018
karoll.campos@uam.edu.co:Karoll5678
chris.hunt@tanzecampus.com:Kamehameha393
rapsodyx_engal@hotmail.com:~F9E.a2k%/Yku"P
daniel.melendez@uac.edu.co:A0298bb514164
cacandaroma@mmsuedu.onmicrosoft.com:Mac35457Mac35457
119658@globalia.com:alcar2321
sv20d140228@tmu.vn:trungvan9999.
1591644@senati.pe:72733636$MTEL
kali.balazs@futurion.hu:alma1234
stum2013042679@privatemoe.ae:PGsfe27&
pono_qe7y@student.itstep.org:e9g7j6D8
abzouberou@gmail.com:SeidouSeigneur90
7amra:awy
sofyan.ali@next-ti.co.id:Test6556
49abdqay@students.sccpss.com:Mirwiastarzaibob60m
wojtekbogdali@roltex177.onmicrosoft.com:Tomek12345
409291874@sharkia4.moe.edu.eg:Std#021010
rarancibiar@minvu.cl:rar.2020
g137281988@taalim.ma:Mjix6927
jhayslett0004@kctcs.edu:Masongooding23
saqlainmd:MDSaqnaaz@72042
mo22abk@herts.ac.uk:Okungbowamichael@1
jose.gallardot@minedu.edu.pe:J43279477o_%_%_
atgadolphofranco@educacao.pr.gov.br:@adolpho2023
gomezc.j@javeriana.edu.co:123456789
mryba@wwsi365.edu.pl:laptopN61VG
diwash.maharjan@techxillence.com:#0VqN&1FJl17
samuelbc@email.uscupstate.edu:Trydog10
s7609133@mkhb.moe.gov.sa:Faisal2489
21031051-wrs@apgsws.onmicrosoft.com:Venkat@1975
jf.ortega@duocuc.cl:Jfol1998
horacio.ramos@d11.org:Wilson138$
warit.w@rsv.ac.th:Rsv16747
raphaelwuu@ufpr.br:MyLFKdwYxx/8
amineboujd@hotmail.com:Assalaam1
alauddinsk@usmsystems.com:Huw86175
donizete.silva@ufpe.br:Doni01051991
icoach@advg.edu.vn:Hiep@951989100
royaldumdum@stu.aii.edu:Sk8382716#
hfleuren@dock.nl:ApkBen4932
jgeorge48@hamad.qa:Sajini@1925
muhammad.asad@jaffergroup.onmicrosoft.com:Allah@786
UNKNOWN:=m,S6T3a~,@Ju)S
ricardo.hernandez@ugel03.edu.pe:Peru.10436408
costablancaskole@costablancaskole.onmicrosoft.com:Dnscb2014
jonathan.jackson@student.edu.ky:JJackson21
oscardanielturquia@hotmail.com:O223556787*
rina.albolario@tdcx.com:iamshano051621-
sd007799387@mec.edu.py:DONBOSCO_evErR@M
theson.le@ttigroup.com.vn>,:QAZwsx123!
manuel.patinop@campusucc.edu.co:Campestre1@
048894208@ecampus.ut.ac.id:Sy@hrul21
2017488496@isiswa.uitm.edu.my:Mh960418
sergio.jara@cba.gov.ar:Smg22726
xavier.rivadulla@neomobile.com:gibson123
402851150330@ncrdeped2.onmicrosoft.com:5033026@Si
julian.gago@rai.usc.es:Xabarin15!
21530@manurewa.school.nz:dSf530a
matthewchilds88@gmail.com:m88a89ma07
7639753605:Rsk@8001
romran:234765
ddefois@assopluriels.fr:01London06!
2018117397@alu.uap.edu.pe:2694Denis
Rgamarram:781989Rbn7
mersimo7@gmail.com:sophia2013
461971449@behera1.moe.edu.eg:Asdfghjk1#
Banban2707:#Banban44
183411001@kocaeli.edu.tr:Berkesarac.54
hamzaehab427@gmail.com:Ha4268976
j1521@matsue.kosen-ac.jp:HTT/azucat1106
2017ag9824@uaf.edu.pk:Gmsarwari240@
454455924@dakahliya2.moe.edu.eg:Std#061001
bi@acim.com.br:Lotus#2023
kovacsistvan@vadaskertiskola.hu:t<=N2mR/3A7<&Fw
74907035@sencico.edu.pe:8KgBL_130
geovanna.caicedo@educacion.gob.ec:Chone2021*2
40905306@mylife.unisa.ac.za:Seale1124
ndejonge1915@conestogac.on.ca:Nd19283746564738291@
3b4@zsp1mm.pl:Wuz12750
83535@icpnachi.edu.pe:Teams2021
shopwarehouse@adildubai.com:emp+yLight00
julian.rodriguez.0ds@utap.edu.co:Blackmage_11_Kybalion_0819
rosyaneth.monge22049324@estu.unan.edu.ni:RMonge141004
esteballin@hotmail.com:Evan2812.
wazmuliaa@yes.my:AZA060575molly
rosana.mejia@meduca.edu.pa:pandora1768%
lois-giraud@bati-formation.bzh:LoiGir11
102947@kimberley.college:Xaj10811
crcrs-alexandre@fabrettiminor.onmicrosoft.com:Afmf7b8t9
admin.depotnkw@ip-one.com:P@ss2020
f.stewartgutirrez@uandresbello..edu:4JEYH4
myolin@ucspyay.edu.mm:Myo080888@
y1025586@zaam.nl:1503DA3!
andini.athalia@tgdf3x.onmicrosoft.com:Loonatheworld31
shahad.mahmoud@axiomspace.com:Mon3mret
ismet.fachrurozi@jne.co.id:rozi0808
root:Euralliance75!
rbermudez@sena.edu.co:Junior36301*
pkozlovsky@sehcollege.edu:0hk0c945Xoj
amarpotur@gmail.com:Ap350053!
carlosalberto.crugnola@alumnos.uai.edu.ar:Pipa@1974
nuno.alric@ahbvcsdr.pt:Samora*16
9872032082@moej.edu.jo:Moe@30121987
494371757@cairo4.moe.edu.eg:Std#060910
b.ribeiroalves@hainaut-promsoc.be:MissileAmuseurVent6
kalpesh.sahani@premiumbillingsolution.com:Premium11$
袪衼袪袃袪漏胁袀褯袪衼袙搂袪漏胁袀褯:Std#050301
gerente.bocadelrio@fcontigo.com:FC0nt1g0**2030
principal@ectccpur.onmicrosoft.com:Evangelical1928
c0740281@mylambton.ca:cqdue9
edtech60@guruinovatif.com:Gegunun9sumber
1812852699@academico.cesmac.edu.br:12285264437
nacim.horrigue@cfautec.fr:Audia677
pintoo.ojha@gmail.com:pinto
1822799@fcps.edu:Ontop0404$
422829077@hebron.edu.ps:hafez.321
852245@gharbeia1.moe.edu.eg:Std#000000
shreya@corsten.com.au:E2April2021
matthew623789@hotmail.com:My91790823
test1.nintex@dana.id:@ombi1234
sbishnoi@mywvm.wvm.edu:Wvm@092087
juarez_almeida@hotmail.com:Gracieschool123@
cuong.2302700240@st.umt.edu.vn:thuyenphan05@
stu.ttu.etu.jo@320200601001:stu@42490
463253398@assiut1.moe.edu.eg:MA12345ma$
zayedreza2020@gmail.com:Judi2009
juan.farfan758@educacionbogota.edu.co:juan103309975.
maryaesube@daum.net:albi22
b.glvezvargas@uandresbello.edu:BENJAgalvez252
khalidalghaffar9977@gmail.com:Yousef456#
s6404062620141@kmutnb.ac.th:Nattapp1234
usuario1@ubampruebas.onmicrosoft.com:123456.A
jairo.salguero@correo.policia.gov.co:Tres1783
e42@ouuo.ml:Muhammad66
4432041@gulf.edu.sa:Aa112233445566
ts091127@tsmmechelen.net:TSm!5946
455598270@qena1.moe.edu.eg:Std#080607
a53187@ae-anobre.pt:Gabrielmasterstro30!
henrique.gasparin.br:he@@2012
1400032@senati.pe:Karos855
reagan:Rslr0917!
dcharlene300509@gmail.com:clg70
maximiliangermonie@gmail.com:Maxi09
luis.condori:76560478
imhere4u_afc@outlook.com:Freah177
hasan.lubani@eduso.antwerpen.be:1596Munir@
luciana.raymundiz@santaclara-aqp.edu.pe:Cas84187
amenezes@crossracer.com.br:Qatar0510
jr7964@k12.smcps.org:kJ4}bR5{uO
sarahnu@shoplet.com:Georgina00!
453342433@southsinai1.moe.edu.eg:mansour70
z10330@myoffice365.vip:vIPEr2013
uyen1923041201@misvn.edu.vn:mis@1234
leads@netllar.es:190310Ids
s5306326@rg.moe.gov.sa:Su407529
emilia.sliwinska@lesznosp9.pl:Chomiki57
191493@mcpsmd.org:Kaluba@45
vinh:QuangVinh898902
abdelmoniem.mostafaseddiqmostafa@alticeusa.com:AlticeAO21
beatriz.oliveira524@etec.sp.gov.br:Sophia12
niah:banks
ceta_ddiazro@uninpahu.edu.co:Carolina19102717
201708349987@alunos.estacio.br:@Na261521212
leandro.almeida@uvvnet.com.br:842682Almeida
407708458@qaliobia2.moe.edu.eg:Std#041001
lj04839@my.martincc.edu;Ema4a7ed;https://login.microsoftonline.com/martincc0.onmicrosoft.com/login
agrdalia171022@alexu.edu.eg:Rux86048
y.van.ommen@sokampen.nl:@Ibnt1972#
solveiga.dirkyte@rytogimnazija.lt;NULL;https://login.microsoftonline.com/common/login
aperez2998@student.egcc.edu:6511
477802186@dakahliya4.moe.edu.eg:Std#031114
11190321-da@apgsws.onmicrosoft.com:Bharathi@25
468836074@cairo1.moe.edu.eg:Std#020217
m.hernandez01@telefonica.com:Marl0n_202209
beaubrunb@edu.cspi.qc.ca:0777581
UNKNOWN:Ticeihsac0527
frank_samame@usmp.pe:frank2512
akram.1428629@t1.moe.edu.eg:3470amAM
ehaikela@nust.na:1008933@t
asd4003@office2016.work:Sumitec4003
nikita.jain2@learner.manipal.edu:dive123.
ckrutsick@bipartisanpolicy.org:Hello60!
saifyaseen138@gmail.com:saif1234@
darrel.hamonangan.888808088@student.sdh.sch.id:DarrelSDH_8088#
etr831s@orange.net:W2hateve
ajsu.edu.ph:Odad7070027odad7070027
guarnizomjuan@javeriana.edu.co:jUDAVWUARNOJUADOG7
0252120005101006@stamford.university:Lilith6526
947521@sharkia4.moe.edu.eg:Emp#680625
181514@eru.edu.eg:Raneem18engeru
ahmed_mosleh@dent_tanta.edu.eg:A@outlook332010
2062443@cairo5.moe.edu.eg:Mode345#mo
men.mahfooz.201904529@o6u.edu.eg:Zizo7895123
2207022@student.duet.ac.bd:ifuifu54321$$
jatanasio@alumno.msev.gob.mx:Canelo152003
mubashiranwar54828@gmail.com:Student123@
housekeeping@fairfieldhyderabad.com:Hotel@1234
458566857@qaliobia1.moe.edu.eg:Std#071124
lephuc.duy@live.com:Lpd@123$123
294855:_!GxscmnuHBi7qj
charlie.thompson.3725@mysainsburys.co.uk:Trixie1234
putra.d.j9@guruinovatif.com:Puttra86
stu0310014@dpf.edu.lk:Abd0312006
evandro@arrecifedigital.com.br:Ees6782555#
giomar.rodriguezr@ug.edu.ec:Giomar29
ppinheirofilho000@student.rcschools.net:Paulb010405
antonio.cordero@r7-2.deped.gov.ph:antonio.cordero@r7-2.deped.gov.ph
roland.defaye.hsj@ssss.gouv.qc.ca:Valence-2018
c6657@c.of365.online:v.93103244
btuvshinbat07@gmail.com:vatameX2t
21168318@students.ltu.edu.au:Chocomint3139*
santolinez@unibarranquilla.edu.co:sebas-1980
meza.juan@uncuyo.edu.ar:!Jm41031364
mickyk121988@hotmail.com:Dnk@it2015
viranjana.ranathunga@asteriglobal.com:Vr12345#
utiebong@daum.net:ZjeN987
kldiaza@correo.url.edu.gt:Pabloroal23.
vasaraghava.kami2019@vitstudent.ac.in:Kamu@2167
tracy.lin@mjtlanguage.com:Tl88@2015
sisrak004002@rakscholars.com:2020@gfiv
firdaus.shaharuddin@s.unikl.edu.my:Michalien96
dmari-rs@hotmail.com:obr@s0279
ishaan.jain@learner.manipal.edu:Zombiekiller47
tmedhym@gmail.com:Tmed@180978
18ntuba1389@student.ntu.edu.pk:786@User$%234@2048
gopi@bloomcs.com:Xasyst123*#
andrea.monroy@pucese.edu.ec:Ita20173
3346036023@hungyen.itrithuc.vn:@a6ybPmd
amerokonnar@gmail.com:GLAmero52702
202406044251@alunos.estacio.br:107406@Th
s4523421@asrb.moe.gov.sa:Aa@88585
2021177009@ses.yu.edu.jo:Dawood5566@
leonardo@yz88k.onmicrosoft.com:FlagsAnimations8088.
201722115425@batce.edu.tt:Ooooooofff3
master4torture:123123zxczxc
javaleroj@upn.edu.co:Electromaniatica31/08/02
lhcicssa2251651@pgc.edu.pk:P2251651UCmh
macaraig.130481@batangas.sti.edu.ph:[NOT_SAVED]
furkankirbas@ogr.trakya.edu.tr:F12318K@
dgfchat@digitalfocus.co.th:Dgf@Admin
preben.haugen@veidekke.no:Rundhekk@5
talento@bp-4.com:Talento2020BP4
compras@strongpack.mx:020319mafB
zander.stone@stu.webster.kyschools.us:LeadWhoever5
suchat.l@cpf.co.th:pojunju+2519
lmthien@dongtienvngroup.com:a01885579351
isabela.rocha13@p4ed.com:Mn82ejq4d5
soren.vrielynck@gmail.com:b5rfec7c
Thaina@thainna.onmicrosoft.com:arquitetura12@
vip64059@vip365.pub:v.11062656
krocha@dascam.com.br:Dcc@2020!
121mm0517@nitrkl.ac.in:Bubunn@408
anik@sjpx0.onmicrosoft.com:Musfiq908889888888
22bvondrak@oatrutnov.cz:25108191JoV
451070874@kafrelsheikh1.moe.edu.eg:Std#050508
tomiboy02@sulid.hu:Anyadpicsaja02
libanezj@sdis.gov.co:Colombia2022
201907151@o6u.edu.eg:kerat0100**
j.choi@tec.witc.co.jp:tlqk0033
meredithh@insuranks.com:Mawira@123
zemanovaa@student.gympt.cz:Bronicek12
hse@wadynile.com:P@ss@1234
2560023@aluno.uniasselvi.com.br:R@98788310949
karthikeyans.bvc22@rathinam.in:R_a_t_h_i_n_a_m
stanich@ac.sce.ac.il:Stas21185
dorota.micza@nnfinanse.pl:Lipiec2907
mneofytou47@st.schools.ac.cy:Marioshoonigan2006
be113@hct.edu.om:Inaaya@tal89
laura.perez.mx:Naz10778
vu.replicainfo@jep.gov.co:VUSSSA2021*.
rakesh.dash@escorts.co.in:jan@2021
nithin@inaxus.com:Paperless@2021
dthomas@upcs.org:Duv23367
ysharma40@myseneca.ca:yuvi147001#2003
fd005970230@alorica.com:Summer@2022
a.arias30@unapec.edu.do:@Luffy12345
blas.fernandez@aulaxxi.murciaeduca.es:Indian.73
vansh_522@vipsedu.in:vansh_522@vipsedu.in
audiovisual@wwf.org.co:Aruba1989-
fsm2@ulive.pccu.edu.tw:ming0778
reynaldoaugustinusluping@gmail.com:1029384
jennifer.bolofer@herma.com.ph:121477_jrB
amiel.custodio@lpunetwork.edu.ph:Amielce@05
446134674@minia2.moe.edu.eg:Std#050220
457226972@cairo4.moe.edu.eg:Std#061225
ademir.rodrigues@krausmuller.com.br:6D@e6mon6
husseinmahmo:Hm01013029744
411658302@cairo5.moe.edu.eg:袚鈩⑿掆€犘撯劉袙鈥⌒撯劉袙鈥靶撯劉袙鈥炐撀樞捯懶撀樞捬栃撯劉袙袎12#
a.zevallos.laura@isur.edu.pe:contrase袚卤a
essam.chalhoub@student.tdsb.on.ca:Essam2909
hmpetiluna@gmail.com:Feb202003
suelen.costa@meta.com.br:Pes151626
cristazjunior96@hotmail.com:Alulema..
ghircoias.matei@salesian.hants.sch.uk:5ynTdabk4maj
danial.davis@student.ccboe.net:100678DD
s11152416@student.usp.ac.fj:sear7ng
mateusz.zamkowski.pl:Lamborgini1234
bi.sales10@carabao.co.th:Qoy82465
cncc@unimy.edu.my:CreativeRawk!
8591@yardleys.bham.sch.uk:azaan9379
hang.197qt04935@vanlanguni.vn:Hang240101
unknown:lamborghiniH21!
maithetthettun@ilbc.edu.mm:Blackpink65
me.assistant.shirqat@coopi.org:adnan@1985
aitelcaid.amine@ofppt-edu.ma:TDM101mdt
comedom21@jcpatriot.org:Jcs116096
202408215258@alunos.estacio.br:Bernardo@123G
ziya.ozhan@std.antalya.edu.tr:Naru2121
boeckerben@annettems.onmicrosoft.com:Schafkake1
2289@gis.edu.mv:aAkil@2020
102153561@c3dongda.edu.vn:Tamchaubon79
gladys.garcia@educacion.gob.ec:GG2019Anda
memon.fayaz@hotmail.com:Smbb@185
alexander.weber@cl02.ch:Start2022a
muthulakshmisuresh:aA1@$$$$
2512052@benisuef2.moe.edu.eg:Emp#100200e
454857215@luxor1.moe.edu.eg:emp#147%14
aymeric.preles@student.junia.com:Mimik97470!
bp981283@schools.mk:BlagOjCe2341
projectmember@tiraforit.org:GizPro!2020
464186998@fayoum1.moe.edu.eg:Moh#$12345
victor.patio@halliburton.com:Explorer98*
creusa.santos@unifbv.edu.br:creusa@1060
454464019@aswan1.moe.edu.eg:Std#060520
gRe7mygirado@wanadoo.es:aidsnigeg
zink.oliver@verebelyszki.hu:Sergio365
454628277@giza3.moe.edu.eg:Std#060913
jendrejek.martin@sosboh.cz:Jsemnejlepsi59
z186701353@taalim.ma:Nqjw8640
remy@bertola.mc:Zal70682
econtrera0077@mymail.lausd.net:kiki0907
202311228@fit.edu.ph:2005-04-28
450502241@fayoum2.moe.edu.eg:Std#050427
isantiago@cincinnatus.edu.do:Isa125346
049560505@ecampus.ut.ac.id:Ut.22082003
amin.weresowitsch@kks.kbs.schule:Aa2356ww
31334:Roq01776
juguzman35@unisalle.edu.co:J2273372335.
antoniobatista31944@gmail.com:antonio31944
jwesolowski@msn.com:cvEtANsI-@s
sv@doyensys.com:Vedanth@2025
b20fc1115@ufe.edu.mn:Maksimumride1
quangpm.k63209@st.c3yh.edu.vn:yennhi12
janabalonv@correo.uss.cl:EDUalb8778
sefcikjakub@zsbysice.cz:Gogomantv266
454647133@assiut2.moe.edu.eg:Std#060531
477300982@monofeya3.moe.edu.eg:Std#020814
eraydvl@gmail.com:2119895Aq
i.ettakadoumi@lamalif.ma:Bot31368
mohamed.karem@sofitel.com:ENC893*_djEwTzh45/IAfbRsyycUpKXOWSo1Ra4WoXw3TNBrdh52WujDXmk13vN5KOdbZA==_GIwkRjZdTt3gxuJ40yXQDGxC+WtlCUKQSkM1zJy+2GI=*
engabchri@cscprovidence.ca:TRey87god
labaco.273390@bacoor.sti.edu.ph:Jhn210126
cathe.marable@student.aiuonline.edu:Schooldayz1020
apoyomuestreoslabgiga4@udea.edu.co:juanito_1976
s4749935@mkhg.moe.gov.sa:@Evan1122
2021japbobis@live.mcl.edu.ph:albrrytoy
0635@sp5piastow.edu.pl:Kuba1234
l131347403@taalim.ma:Admin2000
achumos@upao.edu.pe:Pinkfloyd25
karina.teixeira01@fatec.sp.gov.br:Brasil@192022
piotrbijakhinz@msn.com:Fedner
950499@sharkia3.moe.edu.eg:Emp#690215
mamedova.zehra@students.gov.ge:Zehra123
thuyvt58@fpt.com.vn:Xuan@12071965
joleksiak@zso-ozarow.oswiata.org.pl:Tabela2201
esmraldayemina.martinez@docentecoahuila.gob.mx:Itoy2013
paris.jade.araza@adamson.edu.ph:@061021Storm
1030749@students.dadeschools.net:012711ms
UNKNOWN:123Vampire123
juan.silvero@apabogados.com.ar:Juan2015
uczen20@sp1wegrow.onmicrosoft.com:Podstawowa07100
niel.valle@ids.edu.bo:NULL
islamouabid05@gmail.com:todeath;;
tokata:tok@t@1234
442915990@cairo2.moe.edu.eg:Krkremara2003
prince.singh2022ss@nasacollege.edu.np:P1234&()
gabriel0379@hotmail.com:Iker2904
450959497@qaliobia2.moe.edu.eg:Std#050901
l21300652@villahermosa.tecnm.mx:NuezAlex21
30463149@colgaia.pt:27396787
hugo_saude.com:Byme570896
derk.van.dijken@achmea.nl:Sgtd2021!
iwilliams9793@students.mywwps.org:4qekWuKD
integraone@boroughofhatboro.onmicrosoft.com:HatboroPA1
luis.dias6@p4ed.com:e8ZSf3m7HY
stoufiq:Burlhorse@1
anto9577@edu.aofjobogdansk.dk:Ak.02101995
703870402@est.mep.go.cr:Evangeline02
f.abusag@uot.edu.ly:12Love90
luigi.mancini@silicondev.it:mc27526!
konda:gaya3withSirish
shorouk08088@std.alsun.asu.edu.eg:Sh88888Sh
d134710205@taalim.ma:Bazi1212
edu_wfmj_8243@diakoffice.onmicrosoft.com:LHP77GbL1
z205500107@taalim.ma:Rvon8495
13717034@office.itb.ac.id:nMr-651496
t684958@mkhb.moe.gov.sa:Masoud88
26090036@lums.edu.pk:025387
ilyas.muslim@fctirs.gov.ng:#*F2c4t6i8rs*#
luischirinosfernandez@gmail.com:Chirinos123
104446@dixonsaa.com:Fresh-Felt-Seeds-49
mricaurte7@estudiantes.areandina.edu.co:Pass2020*
admin@vxcqr.onmicrosoft.com:Yasiriqbalahmed@1
lalla282@uottawa.ca:22355Malonia!
sujatha1971:karthik@1997
3005879@dakahliya1.moe.edu.eg:Lianadam2#
muhammad_zainuddin.smp3@guruinovatif.com:Zain06395
chiza@techmasters.co.zm:Techmasters*2020
S@lm@:B@kk@ne
226ccampbell@gmail.com:Arizona2020?
d134292953@taalim.ma:Qdtkr3629
kientrung90485@kimdongq5.edu.vn:kimdong@123
2020175074@ses.yu.edu.jo:Amasilann12
0993528339:Jimmy2004
janbenedikt.lade@bildung-unna.de:wk2BWv3!
wafaaagami@hotmail.com:P@ssw0rd2
9692034715@moej.edu.jo:Moe@2211969
acorpas@bancolombia.com.co:@T4m@r1nd0V1ch3@$
carolina.cfranca@senacsp.edu.br:23092001
f19bca014@students.fui.edu.pk:stu@123456
1562230@aluno.uniasselvi.com.br:M@00787622516
ahmetberkayarslan@dunya.k12.tr:Muh37309
astout@efolder.net:Ashers08!
10384921655@yamahamotoramazonia.com.br:yamaha@3030
nitish.seebah@rogerscapital.mu:BigWilly27512$
byeluhina_v@ffeks.dnu.edu.ua:Vika.1508
horvathrap@wassermanngasse.at:Ji6JuIsT
niki@john30.onmicrosoft.com:npJDeXcRJk9t9Vz
enrika.draugelyte@vileisiumokykla.lt:JunejulyE8620?
dav165365@email.ccbcmd.edu:Landon2016
1220.thi.sethikun@rupp.edu.kh:Kun@2020
pm005708910@alorica.com:Po2li0na22
lisseth.huayanay@cinfounmsm8.onmicrosoft.com:Xum02421
jboada3@estudiantes.areandina.edu.co:Tequieromami.12
jpumacayo@utp.edu.pe:Ugomarzo2020
jj.kingma@dbedashboard.co.za:Dynamic1#
19210001136@ogrenci.ege.edu.tr:05326680524mE
u18305546@utp.edu.pe:75621387
rafael.aguiar@projecao.br:1996Ka27
yusronmicrosoft@mso365.pro:Ronimicrosoft1!
jenedineconsorcia.nojadera@r3-2.deped.gov.ph:Hub70852
omar.kailani@sesame.org.jo:Rama##4564665
rzxe9zfu@office.michelsen.schule:h5w7ug%2
robson.soares@bunge.com:bunge.2020
458257647@sharkia3.moe.edu.eg:Std#061103
toth.bence.szabolcs@vermesy.hu:Gyztes12
zeiad.mohamed@stemismailia.moe.edu.eg:01142060989Ziad
giancarlo.pozzi@capacpoli.onmicrosoft.com:allievi_2020
alec.thrall@windycitywarmth.org:Windywarmth2020!
phamquang.dung@etc.vn:Etc@1234
ssuszczynski@sp6biala.onmicrosoft.com:Szymus2011
daylan@gerweg.onmicrosoft.com:ELEPHANT_PARASRAM200
abeltran90@estudiantes.areandina.edu.co:A1coc73hdgfd*
7964286u@skorzewo.edu.pl:Szkola1!
info@honeywhale.co.nz:Cxjhot29
mirela.mindrila@student.usv.ro:29lidiamartie29
nicobrizuela1@outlook.com:Boca1234
pn.hungnv@vingroup.net:vinfastoto@2021
digiteq.martin.vostatek@volkswagengroup.onmicrosoft.com:Vo3tat>133
2330106@sue.edu.eg:NAGAT01091593886#
licences@prodware.fr:Prodware!!!2017
454371672@sohag1.moe.edu.eg:Std#060526
matthewm@medicagroup.co.uk:HarveyAnnabelle0
burhanuddinramadhani@alumni.undip.ac.id:@Dventure13
monica.bazurto@educacion.gob.ec:Educar2024*
eg138.31604170100329@nies-edu.org:Salah_132
23736@burgerking.com.br:Bkb@2022
diegoarmero@hotmail.com:Bab70549
ahmed_mosleh@dent.tanta.edu.eg:A@outlook332010
202312012331@alunos.estacio.br:Bg991902
basishvili.giorgi@teachers.gov.ge:Lali12#
cemssteamadmin5@moe.edu.kn:Wilson-Williams
aa.anik.199733@gmail.com:Nissou3354
l.leta1@unapec.edu.do:zohan619
220094@albrightinstitute.edu.au:Australia1975
j.sebas.96@hotmail.com:hnI6&x358*
2403323@dundee.ac.uk:Ihaveagoodmum_19
y.oueslati0709@myu.universitecentrale.tn:RLvyy-43
muhamed.korman@osmp.edu.ba:lopta123!
2020ag18.pk:mrs@7686
jdimate@famisanar.com.co:TeamoDios.2630
oton.junior@claro.com.br:C4s4#17001
136472140405@ncr1.deped.gov.ph:Gab102309
365672@st.mehe.school:Lb@13022004
20210077@miucateci.edu.do:JesusAlberto1
hs20.450@lythuongkietdn.edu.vn:Hocsinh@@123
pdallalasta@uade.edu.ar:Paulinadl6279
aboodmohd.1999:Rahman8T
aakash@ais.sch.id:aak4shAis!
chscanby@student.clackamas.edu:4762319
tcollado0117.edu.mx:Tabasco123
santosh.tanuku@techwave.net:Hyd8899bad
bishon217@gmail.com:30003120103699
tony.roose@howest.be:Ton@hh2022
pooja.jadhav@goindigo.in:Omkar@222
up202005624@up.pt:Braille27!nigga
hanan.steinbruch@gvcgroup.com:Oracle$123
454787679@sohag1.moe.edu.eg:GFdsa+2022
mona.242308.edu.eg:egyptM@e242308
13379-sanush@psbbschool.onmicrosoft.com:sanu9408@
470316430@fayoum1.moe.edu.eg:Std#020901
ding3639849@gmail.com:5
boykob@btv.bg:12345678_btv
485465750@alex2.moe.edu.eg:Std#051108
mateusz.kaczmarek@unilodz.eu:Xiaomi47
s9566062@rg.moe.gov.sa:87P@s68sW0r2738
melindanurul@smpn25bandung.sch.id:qeishara
armaan.saini2021@vitstudent.ac.in:f&38F7Oi
sakib@shahriyarpathan.onmicrosoft.com:shaheen@pathan@42
nickonovo@outlook.com:@Subzero2012
marva.paris@stu.bmcc.cuny.edu:Marjarich869
adarcosg@itsjapon.edu.ec:27dejulioDA
jeangm:Yat57524
batuhan.karsak@neroindustry.com:Mom66114
lakshay.9660-18@davsreshtha.com:Cav51925
44351@prc.ac.th:07/11/2556
crystal@skivagraphics.us:Juqo1279
supp:rcx$435
s15746@dpssharjah.onmicrosoft.com:Ayesha@15746
188999@apps.everettsd.org:holaprofe
71586826288_avarga0410@diakoffice.onmicrosoft.com:chelsea11A
mirza.kapetanovic@edu.fit.ba:digitalno&doba85
michael.antonsen@pkstrom.no:Killjean1322!
educ123@vs5zd.onmicrosoft.com:Gharb1234@12345
f142071144@taalim.ma:12Book@80
60922002l@gapps.ntnu.edu.tw:Fdhd9388
601705@te.vte.gov.lb:Lb@28766
franco.cicali@cioncolini.it:Franco00@@
zaidjiji:gaming4life
kevin.libion@4dimension.be:Rav73145
eily.villegas57@guttmanmail.cuny.edu:Alvania4
00511691@aluno.sesiescola.org.br:85639874iS
gloria.lefao@ekurhuleni.gov.za:Shakes@1997
engtecinfo:tayo9444
llima65@ford.com:110495Gomes!
kudse212f-010@student.nibm.lk:Naya@1995
preformtech@pepsi-cola.co.ug:patricia1
erozgaar3@gctrwp2.onmicrosoft.com:@Tevta12345
hemedina@defensoria.edu.co:Blanca3162668656
samalehahmedhassan@gmail.com:samalehjtm98++
r134821293@taalim.ma:Dazzg8606
s.sosa@yadsa.com.ar:Caq06243
mrouse0609@bulldog.gmc.edu:7204055
2382@365ppt.shop:!Zzz03140402
TheAnhDinh@truyenthongvc.onmicrosoft.com:AccChungGroup*
tle001@sjprep.net:Ancarem0
tymblo.552@edu.erzeszow.pl:TYmciowy700!
dominique.alarcon@mail.udp.cl:Domi2941
1h4j7h@korea.ac.kr:9372307hjk!
blake.beavers@numedinc.com:@pplEiMac117
ajay.p@peopleinteractive.in:Shaadi@123
jadielfelipe12@outlook.com:34541905
dustigross@live.com:qa3eXvQy
vaibhav.11613353@lpu.in:V@ibhav123
ytmethkal20@nur.just.edu.jo:Yanal0503@
martin.schlossarek@teiln.bfw-dortmund.de:Dialyse2013
756026@pdsb.net:1234Ee987
favio.amarilla@andrada.com.py:FWtgk292
ajrodriguezh01@larioja.edu.es:A19992021jrslm
aleksandrs.zinkevi袛袑s@sk.lvt.lv:Zaleksandr123
manglavi@student.wszib.edu.pl:Ik$dee451234
604-jintu@dealer.royalenfield.com:RE@ROYAL1
a.s.m.desilva@cipm.edu.lk:Logi1234
sanhitha-18298@devibv.edu.lk:CLOShp123
too_c@ptt.com.kh:PTTCL@1234
18050511058@ybu.edu.tr:Ybu20809
701009577@gotvdsb.ca:student1
jeni@securitytaxservices.com:1derland
rwcicspm1929819@pgc.edu.pk:TALHAikram123
leon.linkenbach@gyle.eu:Teams2412?
dgmelo@enphaseenergy.com:Atsidire28
62011211023.ac.th:Pw@1419901988068
aamirhabib.ups@unitypublicschool.com:Waa000044
shaarvin69-s81.com:Ros14478
zwuupdaphne@hva.nl:he6n25qm
syren.belonio@deped.gov.ph:spB@1988
mostafaabdel-hafeez.201@azhar.edu.eg:Mostafa1000000$
N00264474@upn.pe:nanitos1993@@
0000888889@aiou.edu.pk:Qkry8898
peacockl@student.acpsd.net:mUjZ
chris@pipsecurity.com:P.I.P6666
admin@admaktech.com:@we159753
ernesto.romero@fincamex.com.mx:Ern31FMX$
1174880@kafrelsheikh1.moe.edu.eg:Emp#680819
p.maciolek.edu.pl:rODZINA1998
jcloking@mcm.edu.ph:Nel012101091702
pranav.buchake@voxco.com:Dat@r1810
iberostarrosahall@hospiten.es:0x0SunnyJamaica!;
sabry@tla-uk.co.uk:Malek!2011
2352260@northsinai1.moe.edu.eg:Emp#851222
debadatta@pradhan2007123.onmicrosoft.com:Pradhan@2007123
09.r.vanstraalen@noordkwartier.nl:6RodeTenten!
senes881@wths.net:S0S11S11
repcakova2@stud.uniza.sk:Martina.1978
arkar.htet@tanchonggroup.com:PS.tanchonG@1
2008031152@unfv.edu.pe:Quimica2022
palak.nagda@adityadesign.org:pal@2020
kendyl_stevens@student.asun.edu:Bombers11
ami:d5zD6gkw-MncD-
kozak1455:LQqAvvF*UwW6D?x
459566844@sohag2.moe.edu.eg:Std#061122
20160571@hti.edu.eg:Mo.ha.ab1
sandy@vgctechnology.com:bastard42!
juanindra@students.undip.ac.id:3L*#3oQ58s
golobiani.luka1@students.gov.ge:Lukagolobiani2009
53494520@mylife.unisa.ac.za:4s2XmN
l21700087@comitan.tecnm.mx:Alcachofas_20
fa22-baf-014@isbstudent.comsats.edu.pk:HRB@fa22@14
c18matejletavay@gsa.sk:Jakubko112
equiporobotica01@correo.uts.edu.co:Carlos2103088
Helloboy1036@gmail.com:Kum46191
pekson02@gmail.com:Lord.petronijus
siswa1@smkmugawelerikendal.sch.id:Siswamuga2020
12137cb7@jis.edu.kw:CB7manvi
urho.rautakorpi@edu.lahti.fi:Feikki2020
moe133ts0120@virtualschools.onmicrosoft.com:NhQmlXrWXF2HxFJUbi2aBAC1E9
chimgee.g@aspiremininglimited.com:@5pir3P@521
alexei_su@regents-pattaya.co.th:Regents@2020
stum2011001766@privatemoe.ae:Ah123456789@
feamlearning1@feaircraft.com:Feam147!
jagkrit.s@opsmoe.go.th:hakunkrit99
217037924@stu.ukzn.ac.za:Mabhele26
kacper.pienkos@speg.pl:Leagueoflegends2
mkwiatos@ekonomikskc.onmicrosoft.com:Kokoserios11
sonali.patel@aarasystems.com:Bb1309344*
mehmil.asif@aku.edu:Horizon@90
erwan@hotmail.ch:4ad!Vances
m.alegriaayala@uandresbello.edu:Alvaro2018
8887studio@8k5y17.onmicrosoft.com:34vZ6BjNLzXScLi
gameloft.legends@outlook.com:ERTUGRULGHAZI
g133221595@taalim.ma:123456789mahjoub@
jp.benavidesc7@fmsnor.org:Fenix201124
buraktuna.akgun@ogrenci.mektebim.k12.tr:M1eveRhtm
support@estartup.co.in:Gst4you.com@12177
jhyie@wediniii.onmicrosoft.com:Kurokotaejun1
jose.jurado@unisimon.edu.co:C3017143671c
bpotter@traffk.com:Pen15club!
noah2353@hedensefterskole.dk:Drx49and
julianpatino322954@correo.itm.edu.co:3124806345Aa
faosini101066@outlook.com:ENRIQUETA12972
ar45228825@edu.mon.bg:M0nib0nb0ni
447744102@sohag2.moe.edu.eg:Std#010101
gUeFaust@live.nl:KAtARi@a
453122294@gharbeia1.moe.edu.eg:Std#070830
amel0006@uqar.ca:Kaniesce2023
algraham@stu.kerikerihigh.ac.nz:[010706Rowe]
smumar@hotmail.com:1980AminUmar
selmani-samir@hotmail.fr:055448283xy+
g3112602@arslvt.min-saude.pt:g3112602
ohernandez@ceu.es:#.V1ll4r3s.#
477722473@redsea1.moe.edu.eg:Std#070301
jchinchilla80271@ufide.ac.cr:TC1M_N5EO
dinh2.duong@live.uwe.ac.uk:4simJXRVUBM3
it@parsdarou.ir:St@1St@1**
bangdao22@gmail.com:Bangdao22
rodrigomartins1578@hotmail.com:91206581Ro100@99
u20231a686@upc.edu.pe:Esteban123xd@.,ae
1089.sendinu@piliyandala.negombosouthinternational.lk:Nasa@2006
maximiliano@skvc2.onmicrosoft.com:3)7鈧?hCS-u.6uaC!
zachieonyango@mylife.mku.ac.ke:32679379
suporte@brc.inf.br:abc.123@brc
20ddt20f2020@student.pmu.edu.my:Student.123
raimundolucas@terra.com.br:Ray20091980
solymoskovi_krisztofer@kemenygabor.onmicrosoft.com:Diak2020
denisse.martinezq@uanl.edu.mx:5SsJ6VYi
shs_95145@privatemoe.ae:PPrtn22&
adiimunnahar:Haemes16754
ivany.jimenezs@utadeo.edu.co:AKTflores4
7396208@formacao.iefp.pt:iEFP24032001
alab001@edu.laroverken.se:AO_Game_123
18-1-16-050475@sol-du.ac.in:sol#180100159251
410477324@kafrelsheikh2.moe.edu.eg:8ak@7ril
21-2-43-004286@sol-du.ac.in:sol#210100156998
msfernando@swin.edu.au:12Swin12z!
msmit168@students.asurams.edu:Graduation2023@
bestefania1990@gmail.com:Mcla19bridge@
liangd@hrbeu.edu.cn:1217895@raisul
r130004183@taalim.ma:FdP93WzzXS
191123028209@due.udn.vn:Hai23062001
956486:Pirlouit73
473944421@qaliobia4.moe.edu.eg:Mn0106528#
3464@ahliyaschools.com:Mohammed3323
ct0253353@kaplan.edu.sg:Slj5566@wanting
phacharapon.pukkha@gmail.com:night40567
roy.david@binus.ac.id:Mobilmersi345
antonikruszelnicki@nssp2.onmicrosoft.com:Antekkru123
lgutierrezg.ec:24deJuniodel2002
00002053094@aakashicampus.com:devkkverma@204
afuentes2367@outlook.com:@charly2635
watcharaphonk65@nu.ac.th:khampha2003
cruzventura.7@nlsa.teleperformance.com:tjZL14ex@6pvgyt6
aoo0981713203@gmail.com:Sao0981713203
divya.hudia@wisdomeduin.onmicrosoft.com:W808898988
423267830@qalqilia.edu.ps:Moe@42326
aanibarro:Soraluce00008
mhamed.elouamari@taalim.ma:rosa@1979
8667752009:Herohonda1@
it@muangsamsibhospital.onmicrosoft.com:Sor91022
467714232@benisuef2.moe.edu.eg:Stb#090314
ccelestinol@ipn.mx:loce7982
ciputra@365.telkomuniversity.ac.id:GRsXZ9cXn39.
camebrsa11598378@estudiantes2.edu.ec:BRIHAcab9795
u18180974@up.ac.za:Tshepo18
helena.martinez@lucianoguerreroserrato.onmicrosoft.com:Hmlgs2021
estrelaexauce@gmail.com:Mubuala12
bagas.dwipangestu@student.upj.ac.id:Xyndronia86!
abdullahkivi19@stud.ase.ro:abdullahkivi19
swd6241@minorfood.com:minorgroup#1
al:Chingasatumadre_1978
al22118819@chapingo.mx:26072007
222227276823@alunos.estacio.br:252722@Lu
genelyn.francisco@r4a-3.deped.gov.ph:Seiton.gen
cinthia.moraleschr@uanl.edu.mx:ZX2S4xt7
chartmann@arrimaq.com:30HartHeus11**
jorsche_ong@connect.ite.edu.sg:RNJR853R
ovandosanchez@outlook.es:C
matthew.manning@oasisgroup.com:Mc210345!!!!!
Jandres14nov@hotmail.com:Floki2019
bdm@cmadvocates.com:Saq70705
angel.molina287@educacionbogota.edu.co:Areyes2021
espaciostrabajocxn1@proteccion.com.co:D847cl29S14P2.r3
https://login.microsoftonline.com/d94ec94b-2854-4127-9da8-abbefe3c5015/oauth2/v2.0/authorize
lisa.platevoet@vklsbissegem.be:bLm2vpbp
453690719@giza5.moe.edu.eg:Std#060601
stanica.jokic@os-jmicunovic.edu.me:Jav63210
turnkeyisp@kbmf.org:Cac25037Cac25037
202403457652@alunos.estacio.br:G1a2b3y4!
admin@dynamickwt.onmicrosoft.com:24H-Njv~$xY
pablo.escares@sansano.usm.cl:Dragons_ca1
3219907@cairo6.moe.edu.eg:nazenakuno
Anand.munshi@inspirationaldg.com:Thursday74
ajaffri2020@tlt.edu.pk:Alianser786110
t663314@mkhb.moe.gov.sa:Rr@1012896385
914194:uiop=890
borismandzukov@students.softuni.bg:Boris6766
2700005870@leloipt.edu.vn:Xuantruong@123
jolly@itek.in:Lenovo@220
jocelainebarbosa@hotmail.com:198310
e.p.donaldson2@newcastle.ac.uk:SentSeatLook25252222
svc.off.wls@xxxl.digital:lD0!nAhGYmjD
kajetanosuch15@gmail.com:KAJETAN78
sdelacruzgutierrez6539@student.phoenixunion.org:CoveNape330Test
records.cebu@dar.gov.ph:Navu83930
dbhuta008:Dbhuta8080
brunofalek@escoladotrabalhador40.com.br:Evoluca0
mcastillones@teloshealthsolutions.com:T1gster101
nicdredondo@soy.sena.edu.co:1013150969
viktorf@suli.albaref.hu:dragon
jvorot.edu.ph:Jvorot_853101
cargo.soc@citilink.co.id:Santoso1234
1000056178@tvusd.us:04182007
sp.saopaulo.23135.br:Republica@2022
yohanes@wifgasindo.onmicrosoft.com:HanHan>2012
biwhrte@talktalk.net:hd5493k+i3
benjaminpauca@ilac.edu.pe:Primaria2021
tuandq20@fpt.com.vn:Poiudqt1234#
vijaykrishna.jothi@db.com:Work@#ome1
481991557@behera2.moe.edu.eg:Std#060706
andrel.vieira@telefonica.com:Verd@d&001
beshoy.fawzy@orascom.com:01272705893_b
anto.firmansyah@transmedicgroup.com:af@tmind
thesaugatt@gmail.com:K8TUa5uFpf5ZByS
ingrid.valenzuela@estudiantes.iacc.cl:Ing1196#
em.bouabana.ma:Car07023
458377035@dakahliya1.moe.edu.eg:Std#070715
jlcaleja2021@plm.edu.ph:Cestlavie0202
mahmoudmohamed0808889@sci.asu.edu.eg:08008808988Mh
coordinacionaph@subrednorte.gov.co:2024aphambulancias
chitsakb@cucollege.coventry.ac.uk:Panashe_02
fields@clackcorp.com:Fallout4.
sixto.vera@educacion.gob.ec:Tosagua2022*
l191080@lingliang.org.hk:s8112020
lukalaurent@montfort.be:MCRoz29ej
chochorowski_fabian_5674787@zspbialanyska.pl:Fabian12#$
s2937022@mkhg.moe.gov.sa:Aa0554142058@
9761033635@moej.edu.jo:Moe@631976
jfalcon@vocaturotest.onmicrosoft.com:Passw0rd
trina.carvajal@uniminuto.edu.co:asdfghj123
soporte@icubosolutions.com:iCubo_20212
cbbe.brandondaniel.rodriguez.to@unifranz.edu.bo:brandon1R
moustafa.kersha@kersha.onmicrosoft.com:Darsh481982
IstrateAndrei123:11Andrei11
it@spicekingdom.com.eg:Beta2019
192100024@ecu.edu.eg:Emera2421
khoa.tran09@vjis.edu.vn:Glober12345
3170418033@ued.udn.vn:8033@ued
sparky@we-ok.bacaworld.org:NElms1989!!
l:!120128!
ahmed.soliman@igi-developments.com:1162689@Outa
888980888@qaliobia8.moe.edu.eg:Std#080888
eleve@lycee-ndduroc.com:MP12.07db
mkolasik@EDU.LUBLIN.EU:Markento-WE988RY
abb524@szmschoolo.onmicrosoft.com:Abgfadil123
cortijo-2021-00038@colegiomontano.edu.gt:emet123456?
tb000331@trungtamthaytien.edu.vn:Phuongthuy1976
jleighj01@hotma:Ellison13$!
nelly.caicedoc@educacion.gob.ec:Mec*2020Z1
20.24.07.truong.lemanh@thds.edu.vn:Abcd@1234
0821682@utp.edu.pe:dh9w
antoniapAoe@gmail.co.uk:a109q2x
lee.swint@globalaxiom.com:MetallicA529940!@#$
k18es31@students.muetkhp.edu.pk:Nh78927
zahsan@iqra.slough.sch.uk:Iqrayear43
416-bscs-2018@web.gcu.edu.pk:Titanic_1997
emendl@slovacka.cz:7.Atrrida
edidik835@luvedme.xyz:fG6bXEgV&SxZ
masthan.jafu@trader.ca:Nilofarfarhan@11
kbrown2@1199nbf.net:Welcome1
213922995@s.iukl.edu.my:Iukl123456
800@zst-sedziszow.edu.pl:liliandwia888girl
210631@agroparistech.fr:Ujon4oowir
heydersabirhasan@openenglishprograms.org:H&SH1976Nawdarok
gilson.rigoni@anchieta.br:Senai591
abdoloufandi98@gmail.com:89988998
paul@kifinti.com:KifintiTeams1
h263@office2016.info:Ms10086110
firstName@nepalinomad.onmicrosoft.com:TrevorXT@1996
clp2021.ff-sofia.bg:Clini123
ashutoshkumar7a12600@www.armyschoolgwalior.edu.in:@ashu9003
ov.ovidiu20@yahoo.com:Dana1234
vitor.cury2@p4ed.com:Fb687dn4c
paul.giron.365@lisam.edu.sv:Boostergold4
nirajandiyali089@gmail.com:89088008
truong.huynh@hitachivantara.com:Ghdmaks@5dkm
201810100031@presidencyuniversity.in:Abhi6403@
edgar__arce@hotmail.com:Forester0506
450601403@sharkia4.moe.edu.eg:Std#050110
409609713@cairo5.moe.edu.eg:Std#060330
00001065032456sp@aluno.educacao.sp.gov.br:iza1957BR.
doctora.233218@balagtas.sti.edu.ph:Airborn11
sombrerojosef@ollc.edu.ph:JosefVan360
21029177@student.ltuc.com:HTE94E8
Admin:000000
david.husek@szm-mohelnice.cz:NULL
ashraful15-9363.bd:Diu123456
p018490l@student.staffs.ac.uk:Poop2978
UNKNOWN:Redl2481
sael820825j48@seph.gob.mx:Qkhr2764
UNKNOWN:19821982@par
maria.roberto101@educacionbogota.edu.co:Hunterperrohusky1
ssoma@mineracolibri.com:Ssooma2021
Data:Default
nicolas.moralesgarcia@rozas1.es:Noz79347
kalpanam1@khwopacollege.edu.np:icandoit@111
a870247697@my.uvm.edu.mx:Cacv8113948816
9725174653:Vinod@123
0116475725@caobaquat.edu.vn:Hvn001304003027
nbvaama@buenconsejomedellin.edu.co:VALE123_
de08lpGinhUiLl@orange.net:yaLlinguzQd
souls-st@hotmail.com:Aa131835843
dulce.amaral075@aulamexiquense.mx:Pixel0296
wayne.bai@meilocreation.com:wb_032317
5801674644@ninhthuan.itrithuc.vn:Kimhanh@5555555
salazar@placerheatingandair.com:Kailan21
low600841@stu.aasd.k12.wi.us:Wallet45?
nguyenviethung-ta47a1@dav.edu.vn:NULL
moonway@moonway0.onmicrosoft.com:ninjakawasaki9797@
j120000512@taalim.ma:Xria2897
aryajhan@elandnetwork.com:An1147521
jmendez@cbsjd.edu.co:Tomy1206
eniltonmax@yahoo.com.br:Micromax@2021
201410032@colsanpablo.edu.gt:vuguTRR457
455478926@giza2.moe.edu.eg:Std#060820
2014144@dpsgrnoida.com:[NOT_SAVED]
138357@ll.scholenaanzee.nl:Pip_2007
francy.zit11@gmail.com:Francesco11
1402278@estudante.uab.pt:*Burity*
karla.cardozo@colmercedes.edu.co:KC1069488638*
marcocampoverdecueva@teodorokelly.edu.ec:Campo9685
miguellweyne@gmail.com:Migguell_29
tawfikmohammed@tawfik1993.onmicrosoft.com:Tawfik93ragab
191398@eru.edu.eg:yaso2001.baek1992
osedbarra79@gmail.com:Os969760125
marilou.sara@r4a-3.deped.gov.ph:Jessmalou8
jmbcdasilva@gmail.com:Bisley2022
penaespinoza.cynthia@istitutocomprensivocalvino.edu.it:32PenaEsp-
aa336164@schools.mk:Besnik1970
p.martinez@pgbienesinmobiliarios.com:Comercial.12345
182059@student.ue.wroc.pl:Pazdziernik01!
RADINKAMARUDIN.16@ichat.sp.edu.sg:T06021924185w
kurb:Ykykyk21@
sChocke@o2.co.uk:qwrtz78dq
pnoel@yorku.ca:pfunkcl5
frusztecki@uczen.eduwarszawa.pl:Franekjulka1
131237150165@r12.deped.gov.ph:Wuco0203
fgodoy@entel.cl:#F0811.h015830#
ihsanarsyadotsl@guruinovatif.com:198Mei91
amr.hisham@cis.asu.edu.eg:King@mr2849599
b10865@365f.me:Qwerty7860.
recruiter4@ascentech.com.ng:KnmbFq7pw1xra
maday.hernandezqv@uanl.edu.mx:Y0ru1ch11
pxbrittion21@gmail.com:busguy008
j:6275089Nbr.
g.atanaskov8988@student.mf.ukim.edu.mk:088888888
MubashirAnwar54828@gmail.com:Student789@
i19jcrook@ifieldcc.co.uk:jaydon08
ja9764320@gmail.com:Atento.2020
lhrfscem2074079@pgc.edu.pk:muP2074079
waleed.safwat@orascom.com:W@@##w0106969464
nazry@venturesempire.onmicrosoft.com:?
i202310979@cibertec.edu.pe:7xM!ET6z&bG2SR
nazri.hamzah@smja.moe.edu.bn:Pas98728
b.j.oghumu@edu.salford.ac.uk:Bennyjune46@
joshua.neuhauser@go.minneapolis.edu:64916pO)t
carlos.sachs@tvconnectusa.onmicrosoft.com:Tvc@2225
+16463386303:Ballbase11!
addison@xkx.me:Aa1234567890
sam.vos@hew-automation.be:Immortal175
tania.ayasta@usil.pe:lapiceros26
6252183960@kontum.itrithuc.vn:giadinhkt123.com
office365947@office365store.top:Player12#
r132864016@taalim.ma:Winners2005
ahmed.2073228@t2.moe.edu.eg:A005629141A
mbaldonado_200000000429@uic.edu.ph:Mommykleng1
sris470.sunrise.edu.sa:Maryam.2243009
eric.schnei08@gymnasiumverl.de:Esrc2008
11bduartejulian@cucutainstenalco.edu.co:Cc1091354385
aadegbeminiyi@newhopeofindiana.net:Nh954237!!
1620560@aluno.fbuni.edu.br:Fb603505
a12513@esdjoaoii.onmicrosoft.com:Pepepopoman123
s1950965@asrg.moe.gov.sa:Aa@80606
kudela.boris@hollarka.cz:Bk88465266
pmoteste@totvssa01.onmicrosoft.com:XA^OCTE&G9bD6nW@#T!
mnajibasrofimtiyas@students.undip.ac.id:Njbtys123?
jbmendezp@unadvirtual.edu.co:Mimamameama18
c134115881@taalim.ma:Ejmd4676
467474220@matrouh1.moe.edu.eg:Std#112233
deviana@sdplxaveriussmg.sch.id:Devi120690
v-sanchezdelablanca@correosexpress.com:maruva0919
mkim18@coombe.org.uk:uncle8
us6024himani@uefoundation.onmicrosoft.com:United.123
administrador@wsteel.com.br:G0t!@#ntk2016
dina.22621@ladiescollege.edu.lk:ilovemydada@D1
wissal.dinane@esith.net:AZRAIBAn@j@t19651965
juan.pacheco219@aulamexiquense.mx:juanOlvera5*
jorge.bermudez:dUKE200ng+
julianbrusa@macro.com.ar:Josefina03
dbazan@inlearning.edu.pe:dbazan@inlearning.edu.pe
soria.mijael.6337432@postgrado.usalesiana.edu.bo:Moc23758
felipe.araujo129@etec.sp.gov.br:*Dragonboolgt5
alejandra.lopez@puertadearenas.onmicrosoft.com:Ale.lo2009
bruce8fauni@mylife.mku.ac.ke:MutuaLa@2023
gluckett@3dstoragesystems.com:paesocat2014
melvin.calderon@meduca.edu.pa:ta23KI89RT
2252119@tcs.com:Socra@80086
ssaadmin@sangamsweet.onmicrosoft.com:sP))1U9m@123
551555@escg.ac.uk:3996
kmorales@cambridgeschool.edu.pe:Cs74098459ma
79759@must.edu.eg:68dcba
118130606@sha.edu.eg:Ataa1395
luiz.renato@ufu.br:L.renato10
128217160052@r10.deped.gov.ph:Kax45027
reynaldimujantara@365.telkomuniversity.ac.id:terusberselancar
61202012@stu.hcmut.edu.vn:55!?ZQLk66
neednevlle@hotmail.co.uk:JennyKo8hl
setj1837@estudiantes2.edu.ec:Shiomara43
shs_76952@privatemoe.ae:Plmov74&
159362@suhsd.net:gash8472
dagarzo@bancolombia.com.co:DGVBanco241198*
nancy.rodriguez@saboresfrancia.onmicrosoft.com:Djc88888.0
taufiqasrizal@365.telkomuniversity.ac.id:Kotatasik58
winnovation@b-skill.com:Muzu1664
40686207@live.napier.ac.uk:Michael19970114
UNKNOWN:Rebeca26082021
2589861@students.wits.ac.za:2589861@students.wits.ac.za
khalid.elserfy@students.mq.edu.au:Khd012&8492340
1376556@senati.pe:DR010203g
helder.mendoza@unisimon.edu.co:Amor171826.
thcslythanhtong.q8@hcm.edu.vn:Lythanhtong@123
8000446@student.munster.us:8000446
julianamsousa@uninove.edu.br:elias202
20pvi02346@aiou.edu.pk:Puft3572
sasa.zdravkovic@htpuf.onmicrosoft.com:Djole2905
adrguz.606@edu.erzeszow.pl:Adrian2007!
katerin.ocampo@ecociclo.com.co:Ecociclo2023
bchitteth@bismarckdiocese.com:Annafe@2018
202303479565@alunos.estacio.br:085742As,
rawan_a_mohammad7190@moe.bh:Rr1052006
juanda9022005@gmail.com:luciayjuan135
ThapAyu25@issaquah.wednet.edu:0884633
emd0262@arastudent.ac.nz:Sophie123
19cs3136:dub71546
st225856@student.spbu.ru:VkzYGUi8
firat.tam.tr:Fe112021**
10318@davcsp.org:Password@9438
dp0d64206@techmahindra.com:DP@0D64206
stephen.miller@greatriver360.com:*july102008*
ssafale@ssgcorp.com:Simple44%
463500400@giza2.moe.edu.eg:Std#080524
salma.elkholy@misritaliaproperties.com:Pub41565#
luqman@orient-telecoms.com:ALL@3571
othmanshuqair@hotmail.com:Moe@43121
https://login.microsoftonline.com/swayamopenid.onmicrosoft.com/b2c_1_signupin/api/combinedsigninandsignup/unified
lhricomba1935924@pgc.edu.pk:astana.skd.10
948122@sharkia1.moe.edu.eg:eman@22672402
history2022_30@edu.asu.edu.eg:Aa18112003
direcciontecnica@farmartips.com:Farmart2022
s4650588@mkhb.moe.gov.sa:BaxBax_1965
c16686@365i.team:Mjql184!
vutuyetngan1711@gmail.com:Tuyetngan17
363457995@gotvdsb.ca:12345678
omar.alougay@studenti.unipr.it:40LAdroni
alpin.hermawan@binus.ac.id:@Alvn17
437479710@hebron.edu.ps:Kaj64909
arojas@ecomac.cl:Passw0rd.2019
ledong.vnl@vinalines.com.vn:123456a@
444903651@sohag3.moe.edu.eg:Std#031116
gerardo.tunoque@vinci-construction.com:Getu*3202_tmp
ed30528@ufide.ac.cr:Clinico2026*
claudia_ysabel_solis@dlsl.edu.ph:cyms534972
jimealvarengav@unitec.edu:Jimenavaldez2024
ssreenilayamramanan01@qub.ac.uk:EekjKkfCeL4
s4491382@estg.moe.gov.sa:K8681477@
swedlund1949@gmail.com:$ianara2122
amal20105057@gmail.com:32304410
rachmatgunawan@netoneasia.com:YaBismillah4j4
sajeeitha.uthayakumaran@student.tdsb.on.ca:sajeeitha
mostafa.ali@agr.kfs.edu.eg:elhamol@1979
robertor@sagradocorazon.edu.bo:Roberto2021
211535371@stu.ukzn.ac.za:Larona123!
a19c51479.do:6Y28e9
a238657990@uigv.pe:derecho2019
registration:8110dhlc.v
x22252227@student.ncirl.ie:Lampard@22
0504435355@uehm-latacunga.edu.ec:Mikecrack123
samir.khoudour@univ-constantine2.dz:PASSEword/ms
s6203023512148@office.kmutnb.ac.th:1100400936663
owenbitmez@horizoncc.co.uk:Leon2005
monica.wasef@goodwill-me.com:Monica47
calvinonlinegame@:Libbi445
ikallitsaris17b@amcstudent.edu.gr:kallit13
hg.ponce@acad.ucb.edu.bo:7758Bri3356
Aman:amanmanncourseA123
perschools3@gmail.com:angeliquer84
asiri.711932921@edemosl.onmicrosoft.com:Vbmmv@1234
j139094928@taalim.ma:Xgoy5993
161358stefostjohns.lk:P@ssword
adriana.chivata@neoris.com:N30.2o22
janrein.eleazar@calibr8.com.ph:Niernaj321
juan.barrantes1@ulatina.net:Barrantes92
s.castaneda@ccicsa.com.mx:Dasha2017
10360370@ms1.mcu.edu.tw:TheGrayNight02
a.hinestroza@udla.edu.co:3121015
466119633@dakahliya1.moe.edu.eg:Aa@1234567
jaime@princeson.onmicrosoft.com:JaGonWa3585@
tomas@mail.tau.ac.il:Pitzo22!
458128604@fayoum2.moe.edu.eg:081108#Std
462856571@behera2.moe.edu.eg:Hat#071107
truc.do@hoaanhphat.vn:89078580@truc
ugs.160840@eng.suez.edu.eg:sonicsonica2000
diegolal@mayfieldschool.net:pwexs3
62140161@kmitl.ac.th:Yokekiie930616
resham@franklinedu.co.uk:Mrkc@9857620131
hiuyeung@go.byuh.edu:t62036035
siekerski.bartosz.eu:Vod97535
antoniodealmei@laposte.net:Da1a.20
Cl006012387@alorica.com:cl006012387@alorica.com
3401magianderi@zoho.com:TEAkpr
stu06501721@dpf.edu.lk:diman/2013
diego.pena.r@mail.pucv.cl:Somaedmuin2004
debtors1@safricom.net:Jas001!!
g130674648@taalim.ma:Isma03092004
aibarra@udec.edu.mx:ani05208
whgksmf0348@o365.ice.go.kr:#Magicalsesami
supportinfo@save.co:WinDev20*-
ads_888889@privatemoe.ae:PDzjt88%
singburipartner@gwm.co.th:Ford@23300
apdallajocer:Yassin&120
0103153383:pdi191017
ricardo_segura@gecolsa.com.co:Ecuador2030
0000388400@aiou.edu.pk:Yfrz3872
norma.alvaradof@issste.gob.mx:Naf140322
tanishq.n_mhs@gemselearning.com:varied39
s97316596@qsmg.moe.gov.sa:93P@s18sW0r578
uo240380@uniovi.es:Krew
luis.albornozbriones:Poblacionsanmiguel3149
contacto@liliumorg.onmicrosoft.com:?
labeah@schools.vic.edu.au:%2%7m$Z?F2Y.zmp
pinto.1051@nlsa.teleperformance.com:YdA%##26283GXk
u20105758@sharjah.ac.ae:K11236u!
bruno.moreira@franqueadolinx.com.br:KO!DfosT6Eh!
2466326@aluno.uniasselvi.com.br:Carol1603
sitthisak_s@cmu.ac.th:1549900295793
tancredeboudreaua.qc.ca:classe103
21151250022@ogr.halic.edu.tr:Bu74$Big
kf47621@office-365.cc:CaccolA123TvbTvb1972
mark.engelhaupt3@student.aiuonline.edu:Momanddad1@
ashrutha.alagani@design.woxsen.edu.in:Design@123
francois.xavier@euroeximbank-sales.com:Umusaza@03122016
fdpparticipant132@avptirajkot.gujgov.edu.in:Jigney@04
sklvhbhqvo@links.icamtech.comsklvhbhqvo@links.icamtech.com:Miguelelsmosh1
UNKNOWN:Azerty12
elmodather.ahmed@stu.eng.aswu.edu.eg:Ff01019132050
202201023261@alunos.estacio.br:Sherlock@23
shawnm@geopointsurvey.com:Welcome1
msarmie4@eafit.edu.co:AOLmaw90
vanquocdan050762@onedrive5tb.com:sonyd6502
fe.donosop@duocuc.cl:D21116661-4
ali.2991560@t31.moe.edu.eg:*alieldeeb*9618646*#
satriarizki@365.telkomuniversity.ac.id:liics48FE
ximenaandrea.cornejo@alumnos.santotomas.cl:126060394
a.lekatis@gregorys.gr:Argos07!!!
tk28128454@edu.mon.bg:Cvety.k05
lia.vinmagua@educacion.gob.ec:D1str1to2023
dahornozcuna@unioninformatica.onmicrosoft.com:C4477960-9
michael.nazad@zsmelan.cz:michael33
oscarf.casallass@unilibre.edu.co:Jose3240989
faisal_17000139@utp.edu.my:Engineer_1982
siddharthan.manavalan@alten-india.com:Renuka@87654321
pcon0261@stu.cfisd.net:Tigers0628
evegas@correo.uss.cl:Fjvs2508$
iqra.tariq@mgs.edu.pk:Iqzkam2019
adrijan.gavrilovic@student.upt.ro:Cristinel021970
20305024@sv.ttn.edu.vn:phan@2002
jo.cb2b@gmail.com:Jchaude18*
mikaelle.ramos@hshelena.com.br:a7}n1F&U
7sfkjason@schule-im-aischgrund.de:LWpyh389
agnaldowizzard@gmail.com:Jok18732
daniel.pasovic:0112KalafatI2501$
2020985525@isiswa.uitm.edu.my:Syafiq9081
antoine.bugner@3is.fr:Livebox3cee!
anes.alicajic1@teams.musin.de:anes123
t-jpereira:hipkiss123#
hungvy222005@gmail.com:Bb01644116960
DORA12MACIAS@GMAIL.COM:Fumc2018*
UNKNOWN:01-134182-062@student.bahria.edu.pk
roxanap.penafiel@educacion.gob.ec:Z5Edu1001@
466020963@gharbeia4.moe.edu.eg:Std#777777
naeem.butt@jazz.com.pk:FiFi@101
468039889@giza4.moe.edu.eg:Std#090404
diegoabuitragof@javeriana.edu.co:sapolito8008
lteadmin@ptlintasteknologievolusi983.onmicrosoft.com:TheFutureInHand2014!
anam@est.colmayor.edu.co:1040759149.cma
es00215461@prosegur.com:Tolaba25761'
kerem.ince@vizyonkoleji.k12.tr:Kerem56739
ramezqu@bancodebogota.com.co:Maro101420**
alfonso.aguilarm@uanl.edu.mx:b7-X3kyd6o
rdm+AEA-paashaatelier.id:Bali+AEA-2023paasha
n.musayeva.ruslan@2bbtk.com:Teb7132a
rallin@rmworthyvirtualassistants.onmicrosoft.com:ralRRPP099*
422481358@tulkarm.edu.ps:33010277Aneemee
omer.saod@knu.edu.iq:Ab1299096
jlc1242@students.uc-bcf.edu.ph:Bullsjordan_23
koliver@victusacademy.com:Kul620088
63020010@go.buu.ac.th:minecraft232545_
luis.martinez@kentplc.com:0per4tion$Colombia
admin365ppn@ppnitaputra.onmicrosoft.com:ShiroYukie2569!
2454164@edu.burnabyschools.ca:nD9&psS9
457955004@qaliobia3.moe.edu.eg:std#070506
rizkyajiea@mail.ugm.ac.id:Ibuku0710
lazaro.derosas@telusinternational.com:Kashikari127
112442510@cc.ntut.edu.tw:Edward940611@
maxime.quetel@vinci-construction.fr:2017Mq2017
robertorojasc18.ce163@uemstis.sems.gob.mx:Aagu9478
matiasderamo@hotmail.com:XKXe8*?n6$dK"cA
jpercival@aprengineering.com.au:Rug22225
ana.dias4@utp.edu.br:040511
duongx11345@gmail.com:Duongx2003
yousefyasin@nuralogix.ai:Italia035
tramostx@aya.yale.edu:Bear1974@
anjana.747402@pkmc.tu.edu.np:Hellote@ms_012
rgg20keu@uea.ac.uk:Kurdistan1221@
442992436@giza3.moe.edu.eg:Std#030305
stoledo@resiter.cl:ene1986
s8137145@rb.moe.gov.sa:SALman111
202406205531@alunos.estacio.br:Isa@1811
pronojeet191@sdpublic.onmicrosoft.com:sdps#2020
jesus_mlopez@soy.sena.edu.co:Jl@78758318
2221002631@sv.ufm.edu.vn:UisSoan2#662214
mishra:Vivek_1234
fbelo@fiemg.com.br:Fsb991509717
ana.lamas@mopt.go.cr:Diego09*
lucie.krystkova@vodafone.com:Vikynka.11
L19070681@cdmadero.tecnm.mx:Vanessagrimaldo29
le.trong.tan@smartcom.com.vn:tanSMC+123
amoviedo@medimas.com.co:amor33*
:Crbunoid2*
p27936@sjcallahabad.org:Akki2807
diamant.beya@stud.bfs.zh.ch:KantonWeiach12!
willian.guimaraes@bbts.com.br:imersao2020
463712888@monofeya1.moe.edu.eg:48476865
robert.balazinec@ciak-auto.hr:uJ?93ST98JcgA
jan.robak@student.uj.edu.pl:Punk4698
k.cisternasmuoz@uandresbello.edu:K_cisternasm20
jonia.nessim@charmillionresorts.com:Kac54397
ritha.evan@madinagulf.com:Madina497138
Abduljabaru2000:JABson0013@
ggatica@multi-xsalmon.com:Dic.2022
gabrieljohnson185@gmail.com:klbq7892z
joseluis.juarezh@ine.mx:Wi87qHsF
zub0001@gisbornesc.vic.edu.au:ahmed9999
michael.forgenie@sjob.rc.edu.tt;L@zer123;https://login.microsoftonline.com/common/oauth2/authorize
tanya.bureva@in2food.co.za:sleepysheep37
dana.1320503@stemdakahlia.moe.edu.eg;youngwriter.2006;https://login.microsoftonline.com/878ae732-59c5-40e3-8d49-91e7988bccfd/oauth2/authorize
manouthebest@numericable.fr:eCmo_-@
k22.045.anh.dlh@thcsnamtrungyen.edu.vn:Nty12345
qvinhpt2:12345678
j.naveen@mba.christuniversity.in:Naveen@98
labkom1@sman3sda.sch.id:3Sman3-sda
gyureka2002@sulid.hu:Sunflower12
18b.truong@oakolin.eu:1K2k3k4k5k
lx07646@innovaccion.mx:22021989.wgs
aaqil.p1_oow@gemselearning.com:juicebox
James.Gonzalez@pressganey.com:Frances#4
administrator@sinclairressources.onmicrosoft.com:96BGg$8f{
kinyua@mahoganykenya.onmicrosoft.com:GWj7xX4P6DFP5S2
rasit.ozcolakoglu@servis.arcelik.com.tr:RAsit6146
u19218927@utp.edu.pe:danilo123
obed.penogbolu@mail.citytech.cuny.edu:obenator77
es-walidahmed2022@alexu.edu.eg:Nor292300
a.alalfy@eg.aictec.com:Alfy_19901
1361998@senati.pe:JT211103f
485234552@gharbeia3.moe.edu.eg:Std#071006
dnjeru@daystar.ac.ke:Dlearn#2020###
administrador@nuevabotella1.onmicrosoft.com:Nuevabotella2018
vinzroosen@leerling.wico.be:Samroos5
marialucilene@ensps2021cc.onmicrosoft.com:Tum28177
epeter@hki.org:Congress9161
p130090882@taalim.ma:hakimahassan
rziara@huskers.unl.edu:Gaza123*
douglas.silva@sfbarros.com.br:net@4321
enma.castillo@unah.hn:Bl@ckveil17
aggarwal.dhiraj@gmail.com:BhaaVCom@4567
0984056945:Chien@77211
argroupcontactcenter@gmail.com:Miscorreos*
gio:3043775599sS
admin@moscow-tr.com:Ali@Mm1968
wctorres75@misena.edu.co:Diego2006
jackeline.lopezapaza@verisure.pe:VErisure2022*
2239538@newvalley1.moe.edu.eg:Emp#841116
50900394@stu.hcmut.edu.vn:luonganhduy
adam.plochec@zsm01.onmicrosoft.com:Adula1234
e00000318220@aliat.edu.mx:Temporal1
445173134@alex4.moe.edu.eg:Std#031014
carmen.popescu@profinfo.edu.ro:ucs3p0pnaoi
rudaina.chowdhury@alnoori.nsw.edu.au:nishaT09
1606337@senati.pe:Andzzz131
rswilli31@gmail.com:Silber2009!
kk108@aakashicampus.com:centralkolkata@123
murthy.gowda@progressive.in:Southhead19
leonidasger@fastmail.com:#312P20082
achmadfurqon@365.telkomuniversity.ac.id:B1sm1ll@h
antonini_luca@outlook.com:ens#01refrel_Log
470499565@cairo7.moe.edu.eg:Std#060306
micahfarmerr@oru.edu:Nosoccer18
rachid.klitim@taalim.ma:Chanabo1171977@
72487164@continental.edu.pe:12345gam+
kdourado88@gmail.com:2501Kar!
carlosvargas245798@correo.itm.edu.co:Chita4914032
ermemo@canadakoreatrade.onmicrosoft.com:Host2017
karym.cardenas137@educacionbogota.edu.co:Karym270213
teena.chordiya@vgos.org:pass@1234$
dlope67@jcp.com:Contrasenaa1
2025065@qaliobia1.moe.edu.eg:Emp#730423
jcgonzalezcindra@movilidadbogota.gov.co:Movilidad2022+
s11225367@student.usp.ac.fj:2023
v-17103348@micorreo.uny.edu.ve:My17103348.
deepa.kumari@sumerusolutions.com:Sumeru@123
n.rao@techgroup.ae:TG#nro.2016
willian.naranjo@unah.hn:W12gamerart
612593:2533
12736-pooja@dealer.royalenfield.com:RE@12345
vitor1371631@sesigoias.com.br:Vhugodb12
ads_513093@privatemoe.ae:PBtan68#
tenzin.tuenschitsang@fladenotker.ch:Tsering_960
491025338@giza6.moe.edu.eg:Std#030209
452518074@dakahliya1.moe.edu.eg:Mm_123456789
cameron.martin.kyschools.us:cwm100602
0888768694:Oudom168
102230318@sv1.dut.udn.vn:Tainguyen@209
些鈥π┬壭?些鈥犘π┾€?楔鈩栃┾偓楔袊楔漏:Moe@40940
harash@ualberta.ca:Baba763368
scottla2025@wauwatosa.k12.wi.us:xfct1615
student.fathimabushra@innovatuscampus.com:Stu.Fat@123
aml_cadi_emere01m111@educadventista.org:em11113621301
maria.garcia2@ecolab.com:Wat2019er
usman-khan.lhr@unilever.com:Punjab1234$
mateus.santos330@etec.sp.gov.br:Mabasilio2004*
akshaysharmaw@gmail.com:Goals@123
hujan:biru
andres_benedek25@nemdigital.sep.gob.mx:33Andres33
r888888888@taalim.ma:Naelf8898
amiraindr@oficeoriginal.com:020991Ain.
nkacy@systemsxplorer.onmicrosoft.com:mybliss@1982
445019503@kafrelsheikh1.moe.edu.eg:Std#040301
stum173476@ese.gov.ae:AA@a22334455
harold.benavides@mininterior.gov.co:Colombia.2023*
320170102044@stu.ttu.edu.jo:Qusai.1999
rodriguezl.138@nlsa.teleperformance.com:r676@1pscTuDc
mbedoya@famisanar.com.co:Vidanueva2017
morgana.pereira@parceiro-kroton.com.br:0D#WwuT$
rinju.parappallijoh@amrest.eu:Amrest2023@@
m.zhyrun@ukraine-teacher.com:Zhirun3216
sladjan.matejic@t.ht.hr:qCxOdXkw0/huBa3H8JVIGg==
marcoleung0325@hotmail.com:Iphone60108
4004wibo17@nuast.org:rometotalwar1isthebestgame
STCAM005@stthomas.ac.in:Allen@2003
technico_commercial@stmi-international.com:Tcm53914
ec.msnithin@tataadvancedsystems.com:Dell@8888888
u9bmsd0rt@iitel.org:aa11AA11
jan.valasek@zstravnickova.cz:C3B8hoDb
cassandra.bravo@mavs.uta.edu:EeveeOdin2020!!
17jaemat@erdingtonhall.org.uk:yellowoctopus61
20912019100493@fci.zu.edu.eg:Am@2831707
srivero@eficasia.com.ar:Asistencia1
anujitham@horizoncollegei.com:P@ssswrd
paula.vargasg@usantoto.edu.co:PAULAvargas12?
yoxeltorres@tera558.onmicrosoft.com:Farbauti5%
grwfscem1921524@pgc.edu.pk:shaP1921524
1164104005403@mail.rmutt.ac.th:Chiew1752?
wuttitchai.ja@rmuti.ac.th:Maii289789aa
dominykas.paskevicius@integretrans.lt:Naujas.0401
eamit-2214-10@amu.edu.et:NULL
466807507@fayoum2.moe.edu.eg:Std#090923
451313625@sohag2.moe.edu.eg:Std#010101
dromances@creainversion.com:Wol51022
OKASETM2286216@pgc.edu.pk:okasetm2286216@pgc.edu.pk
karinaf@itcollege.com.ar:Octubre2022
phuctt.12@vjis.edu.vn:Bao210207
Sethum:@123456789
72440135034@sisy.hu:mow732433
457038160@luxor1.moe.edu.eg:Std#051119
459748097@redsea1.moe.edu.eg:Std#070313
graciela.wahju@binus.ac.id:Graciela2004
keerati.chu.ac.th:uw5m9z23
136754140327@ncr1.deped.gov.ph:Alohamora420
l18270039@smartin.tecnm.mx:Batjim8819
ahmedsayed@83q72z.onmicrosoft.com:Sf@VaiTZaFN2cr79876
br.mtn.gabrielh@tier2systems.com:grupo@mtn24*
cadcam@agrolinekft.hu:C4dcam21
mderutas@chanamdg.com:Adamariecoleen08
lucas.silverio@melies.com.br:chocolate@#1
X?2GpsNs:-"Z,WZ
brasiliasetornortegama3@polo.cruzeirodosul.edu.br:gama@2022
00006666883@aakashicampus.com:Bv@0306
ecelebic@intercars.eu:Alma1995!!!!!!
eslamsamy1400754@sci.asu.edu.eg:eslamsamy1400754@sci.asu.edu.eg
1KG19EC037:2580
samiabahgat452:AAqq123456
danielrojas_11@hotmail.com:Clave_001
mohamedsaleh.hjiri@universitecentrale.tn:Med27542
larosero24A@udenar.edu.co:Luis123=.
igorsekula@gmail.com:Superfuz91069
a.muhammad1874@nub.edu.eg:wrtgaU
459546251@kafrelsheikh1.moe.edu.eg:bEEdo1981#
3Data:4Tegne
rutemendes@hilton.com:kadjana41*
t.paisley@e-convergences.be:@SupportItsys2226*
jim900329@gmail.com:jim96245
yeray.merino@uvic.cat:Bc089ace69101Universidad
shashankb2@birlasoft.com:ShasBslb2@12346
lo34155@dsfm.mb.ca:LoOu.2953
munahajsaleh@hitit.edu.tr:Ms20132013)
80088088@es.naturgy.com:NeW8888
477898272@minia3.moe.edu.eg:Mopy#12345
puzari:physics123
ram@interactivebees.com:Kuc01163
varun.dhanraj.singh@accenture.com:<@run#21
edson.ferreira@kroton.com.br:Aniversario21#@!
s307061500347@moe.edu.kw:555233
19vakero87:Verpuntocom0
UNKNOWN:Tisica.2020
lee3104@sps81.org:11232005
yousef_bensoudane@um5.ac.ma:SFG55XXE
379975@giza4.moe.edu.eg:Mahmoud#19
admin@alzareesa.onmicrosoft.com:Zaree.1327
285861@monofeya1.moe.edu.eg:MYFinal+25
charlsdavin.concina@cit.edu:Dave12345
mathieu.bianchi@eiffeldijon.onmicrosoft.com:19nGv704
iverdugoa@ripley.com:Pjgvyxr4Kc=2106
melme080@uottawa.ca:[P+Cm1YKs;
sc21171@dasc.edu.mx:Terry1992.
vineethreddy444@gmail.com:VINith@1122
noamza20@gmail.com:651252aA
pragvanshdewanand.awachar@arcadis.com:P@ssw0rd
eman.862584@t2.moe.edu.eg:egyptM@e862584
win@nobu.com.sg:Nobu4696
tesoreria@ucundinamarca.edu.co:Ucundi2024
lei_0615235@my.scccd.edu:Plei0772
dudu2408@gmail.com:9b80be24082408@@
jean-luc.petitjean@u-bourgogne.fr:Indiana51!
bryantmatthew.dayao.cics@ust.edu.ph:Mateo_090918
12a32122.13@c3phanboichau.edu.vn:Kiet1233@
rconcepcion@smissanpedro.edu.ph:Rtc071611
puzzleshxx@t.5tb.in:5p7WtC132b
sudhanshu2342@outlook.com:sudhanshu2346
phamdinhquang0911@trogiup24h.com:Nan05834
andersoninacio@petrobras.com.br:mLjP1080
karem_vanes@hotmail.com:Spotify1
pushker@videorox.onmicrosoft.com:sunny10174
202212008497@alunos.estacio.br:-LQKnWx-Q87pvyC
bobulka2009@gmail.com:Betynka2009
marwantaha12@outlook.com:Zebbywa2ef
ana.diaz@proconsumidor.gob.do:Pr0c0nsum1d0r
0242048@feevale.br:192907
abdellaziz.sarmoh@taalim.ma:DQ1GPX2Qp
dristun@stu.cn.ua:Fghmxtyuik_76169
467307981@fayoum2.moe.edu.eg:Std#071001
jonathasazevedo1503141249@escoladotrabalhador40.com.br:@Mor1998
458634073@kafrelsheikh1.moe.edu.eg:Stud#09050
muhamad.pardede@bankmandiri.co.id:Qwerty12345!@#$%
l2522638@bancogalicia.com.ar:Maygal2225
essajoan9916931@estudiantes3.edu.ec:258e45a01JOSE
1337472@senati.pe:Amor1608
365@modrzak.wlodawa.pl:U3e2we916sb3!
cgrillo@ana.gob.pe:Thiago01
s6674739@mkhb.moe.gov.sa:Ahmed2020
omaie201@61gsqb.onmicrosoft.com:Yauv28BbL857#fa
edna.tamaki@seara.com.br:E1809**ht**
hawan.msee19rimms@student.nust.edu.pk:123456789qwe@
daniel.rodrigues@uftm.edu.br:Rdrgs.22
coeus.muhammad.hassan@vwfspay.com:Coeus123@#
aa2406@sussex.ac.uk:Noaharia16!
vvega334@unab.edu.co:Oddybebe318
bkallepalli@ss33bs.com:Prasad!123
emsalteskili@siriuscenk01.onmicrosoft.com:150716Hv.
22559@alunos.aevrsa.com:Fuga0735
s10158473@rb.moe.gov.sa:Nm13051987
major.dominik.gergely@csanadiiskola.hu:Dominik900
guillermo.escobar23ilt@nube.unadmexico.mx:Romina_24
60826157@columbia.edu.pe:Andrea1702
rimson.bacuel001@deped.gov.ph:#RimsB0210
01741997240@educasesipa.org.br:Brasil@2016
t437054@ng.moe.gov.sa:aisha1045510490@
edwin.bautista@smdevelopment.com:P@ssw0rd01
r.elsaidy01047@sci.dmu.edu.eg:Tut77175123
115621107@st.tvu.edu.vn:UkS83g?Jbt-~Zp?
s965435.gov.sa:waleed12-1
proyectos@globeenergy.es:Mof79718
subhadeeps@nycischool.org:subhadeep_5364
unknown:Mamans96
darkvision23@tzbm8.onmicrosoft.com:Sharatnanda764262@
joe@dankbrasil.com.br:Cs150593@
p759393@corp.caixa.gov.br:VacaTi08
matheus.ribeiro@veste.com:aviamentos@24
1365182@senati.pe:JF210904l
akinlusii2@gator.uhd.edu:Alumni102
donderisana@gmail.com:7mef
412171079@sv.ufl.udn.vn:0935617384Ph
crm@softwaresystems.com.au:wis3Square15
0603017036.com:Hoangbao2507
153747@student.myscps.us:[NOT_SAVED]
mfarah1@wgu.edu:Scarfi0413!!
domchanthea@365connect.onmicrosoft.com:Tep_Sreynich007
contabilidade04.iap@iap.org.br:Lia02112013#
dastudillo@electginer.cl:R0sa1956$
fadil@oncf.ma:Fad@2020
bruno.cferreira14@senacsp.edu.br:sly97544124
ana@linevias.com.br:Zumu6741
2728402@fayoum2.moe.edu.eg:Naqula22@#
bagoesm@my365office.net:Rasarasa123
jorose@moemu.org:sukFic-casfy8-kejsac
459696532@cairo4.moe.edu.eg:Std#070913
simmysi1977@gmail.com:JP2004-07-14
460949491@dakahliya1.moe.edu.eg:Std#080822
leticia.ramos@upsjb.edu.pe:#Lr12345
202203791214@alunos.estacio.br:Diogo@4341
productexecutive@axiomenergy.co.in:Axiom@2022
jesus_mteran@soy.sena.edu.co:Jexu4.2025
al13119298@chapingo.mx:Yeimipaz26
jackmaso664@ed.amdsb.ca:Ja0326Ma
smr229@cifpcarballeira.es:Y1745319r!
486633748@qaliobia3.moe.edu.eg:Std@#12345
jbatienza@unionbankph.com:Julietbravoalpha122098.
anespinozai@est.emi.edu.bo:t4MNt0bn
v.minervini2@studenti.poliba.it:300401vm
itbpcmpd23020087@my.sliit.lk:200031101224
marcos.candeia@davincionline.com.br:Mpc311295
sebastian.regalado.castro@salazaryherrera.edu.co:999Yg1y4
yangimunzele@yahoo.com:mainman!1
j15cccali@cendoj.ramajudicial.gov.co:Juzgado15*
arquitecto@geranature.com:Gfutur2020
finEpa862r@ntlworld.com:9976391
dolidze.diana@students.gov.ge:RUSIKODUMBADZE
sandrasolis@nube.unadmexico.mx:Yawo1941
3300452646@hungyen.itrithuc.vn:Minh@1975
5925009658@student.myscps.us:Ibench4125009658
t188871@rg.moe.gov.sa:Reem139300
amkbmacalalad@lpulaguna.edu.ph:Aron145321
weslley.cshonorio@senacsp.edu.br:45453696
boarias@defensoria.edu.co:Defpublico04*
davidcerros49@gmail.com:Napster089
anwar:arqs2003
zz23@officeclick.site:Safe310729
andrea.payan35@my.unitec.edu.mx:335003213
dan.popescu@888holdings.com:Tenergy64
cwolsen@ubixstudios.com:Rewbert7905!
462248745@kafrelsheikh1.moe.edu.eg:bEEdo1981#
1132920@minia2.moe.edu.eg:Emp#750101
3317148500@c2thuongthanh.edu.vn:Ngthuha200701
erdinchengi30@gmail.com:Erdinache123
e.akgun@hotmail.com:e@325486H
tymoteuszcudek@zsptuchow.onmicrosoft.com:KONiec1410
startech@silverstreaklogistics.onmicrosoft.com:5t*rT3Ch**
422058099@shebron.edu.ps:42205@Moe
454366062@sharkia1.moe.edu.eg:Qwe123456#
raul.mina@upb.edu.co:97Pa03lo06te*
divre_jatim@bulog.co.id:Surabaya_123
piger123456789@gmail.com:aa66018167
emilie.lotte@mediaschool.me:Fleursdapprendre1234!
coskun.pirim@hilton.com:Fb1907fb!
043917483@ecampus.ut.ac.id:Admisi14052002
shriramk16@iimb.ernet.in:Shr
9:p%HX_wu
skumar@mcmaster.ca:SyM83nP9q5
21393141@utcancun.edu.mx:Tadeesau19_
franklin.souza@buonny.com.br:Hitoaritinajp28
fdemanche@gestnett.com:7119b11354
ops_smpsantaclara@dispendik.surabaya.go.id:Stclara123456
user1@eohmclive.onmicrosoft.com:Fuvu6450123
occupylibrary@progressfoundation.ro:Claudia1122.
sunwoo1029@office.inha.ac.kr:Rlatjsdn1!
s.trivedi1@uqconnect.edu.au:Battinson.22
m26370@wevip365.com:Hyss2010+
danna.guevara.ec:Lechuga2407
aterrerosr@southernperu.com.pe:Keanestrangeland*2022
128227150001@r10.deped.gov.ph:5000106@Ar
d20h6953@educacion.edu.do:fbzaro*
2018136448@talento.tls.edu.pe:Zox91692
vinaytech_3005@vinaytechhouse.com:vinaytech@2024
0908031511:Om15112019*
20323269@students.uii.ac.id:2003070016NIHQLR
slimeisop1@gmail.com:Jus14013
2079124@cognizant.com:Novarich@123456
daniel.mumba@zm.ab-inbev.com:MasterGuide.DM@22
ashim@edheba.com:N#p@l123
antoan.georgiev@tek-experts.com:06111992Antoan
gaudreaultt2@csrsaguenay.qc.ca:vyce7
domenik.garherr@juniorhighschool.at:Lena1701
pb.pcm@bomjesus.com:pb@!pcmbj
17030176@itcelaya.edu.mx:Superusermod6205
lusana.labores@r7-2.deped.gov.ph:lvl302932@
anthony.jurado@espoch.edu.ec:Tonydan29
isarievainGrih@blueyonder.co.uk:8_$kZk9q
thanhson365@zemmedia.onmicrosoft.com:NULL
wilmer.jimenez@innacensa.com:Produccion_2022
abdallah.elsaeed@soft-trend.com:Moon@010
kittisak.civil@mail.kmutt.ac.th:kittisak.civil@mail.kmutt.ac.th
s3151165@mb.moe.gov.sa:Absd1467
vmeza@sitechile.cl:metallica123#
6257027@aluno.uniasselvi.com.br:nUw$,'iA(3G3vgW
jorge.diaz.insmx@gestion.com.gt:Atento.2020
stediaz013@student.citruscollege.edu:Cc042806
luciano@lopezfloresfirma.com:Rah37187
stu0312044@dpf.edu.lk:Abd0312008
almoerme305237@estudiantes.edu.ec:Erick.2doCB
my6280@365i.me:Najarpur1
dawidbetlewski@sp6nowasol.onmicrosoft.com:Cog121221
sinergia@digitalsac.onmicrosoft.com:CCSAltisio2021
rebeca.soran@brg14.at:Becalove
h.murillo@sgnpl.com:ColombiaSG2024*
2737262@minia2.moe.edu.eg:Dm@#223556
40153119@hcuc.ac.uk:Iunie23122003
450543760@sharkia1.moe.edu.eg:MARIAm#$%2
juanf_usme@soy.sena.edu.co:1036254081
rounak.772417@puc.tu.edu.np:#1ILrubina
nagu@sulid.hu:Marci2007
6313096@ffhandball.net:Hbc21///
99311058@students.camre.ac.uk:Joyswin06
458281564@gharbeia3.moe.edu.eg:Std#070801
j_-__avan@live.com:charlyabc
tanushreeroy:Omghojai1@.
isabella.mamo@contractors.gov.mt:YgbR44&3TY
500503150040@r12.deped.gov.ph:Allow@123#
salman@trademarktex.com:Redbook.2022!
valentina.berisa@lbb.schule:24.07.2003
maach.hkalid@taalim.ma:Kha@1978
kenban1110@globalfidelis.techstyle.team:Tatsukeen6300@
a16211442@alumnos.uady.mx:Frank1919365/5
s_awartanni@hotmail.com:Yov12098
almulla71h@gmail.com:SAEED2009
daniyal.hayat@vrgworld.com:karachi_3030
e1314200492@live.uleam.edu.ec:concepcion,2024
54:Xxxx1982
ws289638@weston.ac.uk:Plunge@41
andskotansvedur@live.com:Kulumagi.2
103200167@sv1.dut.udn.vn:Phat1406@
Avi@studio-sparkle.com:Kaman123!@#
crmcontrol@islahate.ma:Gaj45779
xlll@hnu.edu.cn:Manod!!19979797
62591732@aulavirtualconvenioandresbello.edu.pe:Convenio2022
pgs.14220590@pharm.suez.edu.eg:Taf73235
cvest@burrisoptics.com:Easy8Sherman
amilcar.benitez@umax.edu.py:Amillz11Vegettin
imagen:Imagen/01
khairirebah454@gmail.com:Loca.1511
zenaida.suarez@upsjb.edu.pe:Lectora21
tshego.l@afrihost.com:Otha@0505
Mohammed.Waseem@techpennar.com:1plus@321
UNKNOWN:Thursday56
diegoemmanuel.reyes20@cbtis123.edu.mx:02-02-2005cbtis
a9246242@ulive.pccu.edu.tw:312821013Oo
faizanumarlodhi.pk:faizan@2020
mighelup:estrellaDeNeutrones84*
fatima.alkaabi3@charterschools.ae:Fa@nce2023
454059667@sohag3.moe.edu.eg:Std#060701
guest1@stxaviersghaziabad.onmicrosoft.com:password@456
muchemi.0259@teams.ksl.ac.ke:Trillions2020
everett.quinn@bcsdschools.net:00092965
joris.radert@groupepvcp.com:Rosa2509!
nhanb1806932.edu.vn:Nhandt2k
msenthi7@smrc-automotive.com:Motherson!2022
thakhanim@intervate.com:Sufo.207063150
okonieczny@pspjasien.pl:1Mama1985
UNKNOWN:PRO1507@
abdelrahmanwehbe6@gmail.com:Isl@mdeen1
ias.migracao@abqm.com.br:Debju@1110
ahmed.hamada@fma.fichtner.de:Qecafifu3726
jomarie.u.velasquez@kcc.com:julian
nawataKoUlA@email.com:Ruzzon75
jair.misat@soy.sena.edu.co:JAIRmisat1234
shehtasaid0208@stuabroad.moe.edu.eg:M02082005*-
462038150@dakahliya4.moe.edu.eg:Std#080225
aa.intopservi@outlook.com:Aristides88
21810559.s@acu.edu.eg:Acu12345
FreihatA@state.gov:JabaniF@state.gov
ujin@sastodeal.com:9803958482
cl-hdcvl-19-18@student.icbtcampus.edu.lk:Ilzam1234
mesbahi.tariq.flsh@usms.ac.ma:valencia1980@ILYAS
kobmason@gleeson.catholic.edu.au:jw5xt*mg
jaov@iestphuaycan.onmicrosoft.com:Gup50684
mohamed17227@fci.bu.edu.eg:hgCW6amg
asoliman@ebtikarfinancial.com:Amr@1961978
221103@hmcollege.nl:juliankillerboy1!!
david.tait@qr.com.au:Work01535
jose.gutierrez@alu.ucm.cl:20171046Ab
1280289@mymab.org:Pcgaming2022
134125130020@r12.deped.gov.ph:Allow@123#
peter.adel.a-201836@f-arts.helwan.edu.eg:015620002Pp
17w0007@eng.asu.edu.eg:samer321
eduardo.fonseca@mail.escuelaing.edu.co:Kotosagi24
assassinextremer@gmail.com:Thequipe2013
ramarao@appositelearning.com:KREYA1-3
bug_ghulam@ppl.com.pk:AliBahi786
f:xuhvwyT2
mcmolina46@comil.edu.ec:Caridad2011
ts:Pt*834715
metekesler@ms-office.site:Avitek2019
castrohector_a@normaledufisica.edu.mx:Campeonato58
skeithgonzalez@cpm.edu.do:Gaw06990
grw.sdn2selomarto@pdkwonogiri.id:Oramudeng20
jcrodriguq@eafit.edu.co:@Laura#23-
h.mosquerbridge-ksa@arabcont.com:M@be1245
uman_ar48@student.itstep.org:UM2013Nazar
1998051800432@ofppt-edu.ma:youcandoitUC154169
shabbir.ahmad6@ptclgroup.com:Ahad!@786
3010173@tps10.org:tps
usmanarshad7535@gmail.com:6!/wUsx#/tegZ3T
455393739@luxor1.moe.edu.eg:Std#080212
s2051710930eg@std.aou.edu.eg:1532001Mohamad@#Zaid
mohammad.00384@kbs-edu.com:MOhmardk20
22mci10001@cuchd.in:Ayushi@0220
senmith.20240756@iit.ac.lk:3AR82q>w
maximiliano.munoz@my.unitec.edu.mx:20788935
iamdunhil@dunhilcollectionsllc.onmicrosoft.com:Khokhar#@#@4512
07000195@ms.scu.edu.tw:CCcc03600051
atkfscem1800268@pgc.edu.pk:Izaan134
ayyoub.abarkach@lycee-bordebasse.net:TSZ1Q3ytp!
sa20238912@wipro.com:Mav@616333
136477180500@ncr1.deped.gov.ph:Aaqes_2022
15055593@imail.sunway.edu.my:December12101997
chopurovi.araz@students.gov.ge:ARAZ25
u24223508@utp.edu.pe:M979145869uni@
lvalverde@pcm.gob.pe:LIDIA2013$
d137878160@taalim.ma:Pawi2539
1014892@senati.pe:Calderon2017
Cmarques@field.jw.org:S3dr@qu3
y:Yusra&shehab2022
josivananime@talktalk.net:Margoto76b
lurrego@catastrobogota.gov.co:I01RNYle
siwanat@bangkokair.com:pass1234
300448@deped.gov.ph:K5Dgj'^m&x27Vye
tania.delarosa@chca-oh.org:Luna2002!
selvam.manogaran@sgsco.com:63$5$a0J$7
yajeth.perez@meduca.edu.pa:12345
2402525@fayoum2.moe.edu.eg:Emp#650925
radzikowskii.r@xkx.me:aleksanderxx1
41210418@esht.ipp.pt:FKP673dtb
admin@cemsa070.onmicrosoft.com:Pandacitio1#1
licencias@almaceneselrey.com:G3n3ralR3y$
miguel.dasso@usil.pe:Miguel47
ugras.kaynarca@avextr.com.tr:Ug2016ka01<
son.le@clairvoyance.vn:Teamsecret2019!
450564483@sohag2.moe.edu.eg:Std#010101
3db1f7@hefsd.onmicrosoft.com:AWITKA
judith.cruz@oportunidades.org.sv:JCvtae093#
basil.rehman@techsurgeinc.com:Willsmith_09
trihm@hilo.com.vn:Tri0392429300
lqdtm2401982@igcschool.edu.vn:Thienan20072009
craig.willcox@jirgroup.com:EatShitAndDie1
mohammed402877@feng.bu.edu.eg:1qcC8KH!1%e9A^6@^JBj7id23U2IiB!WT
mvoltes@uade.edu.ar:Matias43725096
7708671537@bariavungtau.itrithuc.vn:VKhmKUh3/Y_N.7m
maicol.vera@unipamplona.edu.co:Saloe.Ver.01
augustus.velarde@telusinternational.com:Bobbit#09876
52019033@mhiet.edu.eg:M@30005012406815
s19116083@edu.ic.daito.ac.jp:try14351067
khoadvd:Matkhaukhovai12
peterhiseh@mail.fcu.edu.tw:abC0975155312
seham.yassin@alexu.edu.eg:S..chemo..1963
Adrianleal.1495@outlook.es:adri2005.L
jeevithan.ganesan@study.beds.ac.uk:8526352455@19@02@1996@jeevi
mmzicspm2458507@pgc.edu.pk:58vaxrb6-7kerkp
MA.PillacaL@alum.up.edu.pe:Universidad2024
mvoina@zsswitnica.pl:Milena2011
eslam.80880880.edu.eg:Asdfghjkl8888888890@#*@#*
mirsona:Sona@1991
脙聝脗聬脙聜脗聮脙聝脗聜脙聜脗:Std#070806
codi196@icfes.gov.co:K@therine4
carlos.espinozap@correoaiep.cl:Cobreloa95+
juliana.rosa.br:rosa8741
eugen.chladny@wernersobek.com:bau10510
s.abonawara@uot.edu.ly:SMAA256?
lquintanillam@correo.uss.cl:Camilo199*
var:bittu@1919
armando.benavides@educacion.gob.ec:HomeroLusito00
amansingh163:NULL
ayansaifi8520@gmail.com:ayan@0786
omar.habdou@taalim.ma:Oma@2020
460850099@redsea1.moe.edu.eg:Std#060325
btc0121116@nttf.co.in:Deepak@123
ddf.justin@gmail.com:Sinner19
4711-aniket@dealer.royalenfield.com:RE@12345
ir130@proplus365.site:Heralva01
njflorezm@ut.edu.co:Alicia.3203104339
203160rushikeshsirsat@mgmtech.org:jnec@123
shama@darboven.com:WDja?KJ9
karoline.borges@ufpe.br:Teamo444
462703573@fayoum2.moe.edu.eg:Ahmad&1234
18731.bayu@sman1kebumen.sch.id:Sriwahyuni0812
ugs.0721766@commerce.suez.edu.eg:Kod34205
fox5@zsoit2020.onmicrosoft.com:Czarnakrowa1963##
maxime.vandeneynde@smclede.be:P!303684
pb180410102@upbatam.ac.id:Renoayu123
checker_coalhauling@banpuindo.co.id:Melak2021
pramishr17@publicisgroupe.net:Tiger@1234
46364693@eesppindoamerica.edu.pe:Eli_1990
9015@diyafahschool.com:November242010@
136644180310@ncr1.deped.gov.ph:180310@Po
a7086@office365-31.de:BAUYH612
70710807@circuloingenieria.edu.pe:Clark2022
72520944@continental.edu.pe:leondoradoviolin11
babikeanjeng@gmail.com:Ruhulislam123
dtigrea@student.universidadviu.com:Dut@3838
sumonghosh2018@gmail.com:SUMON0605
pgs160230@utdallas.edu:25#PAGALfriends
l1s21bscs0103@ucp.edu.pk:QWE456rty@
sd1593578102205090003@dispendik.surabaya.go.id:tambaksari-3
lbalanag@rmis026008.onmicrosoft.com:paddiebelgiansheperd10
maorc@d.co.il:Boom123456
UNKNOWN:OMAR_123456Saven
4860804199@danang.itrithuc.vn:0iFA545A
gdemetriou@academy.ac.cy:214365
11213872@st.neu.edu.vn:gtkill6789
arajerison@ingenosya.mg:Multimedia2020
108177686@ideastudent.org:Idea080811
alexisg0886@gmail.com:noferat9
mrudzki@sp4ruda.pl:Olivia061!
maria.meroj@ug.edu.ec:FernandaFanny20
guilherme.knirsch@gmail.com:LouD.andre
josue.felipe.pa:Flaquito10
ba.riverosf@duocuc.cl:bastiriveros505
isanchezb03@educantabria.es:Corarex28
siliha@dnvgl.com:Yaassin@2021
cheekam@condortrans.onmicrosoft.com:LIFEisgood101
rylxknrtb@xkx.me:S0p0rt3.
andewiadiayanahda@teams.sman9smg.sch.id:MEnil0512
alanrmx@outlook.sg:a1ZSIRSB05153@nyp
admin.com:Sweden9000
alvaro.florez.2018@upb.edu.co:Non08509
t505400@mkhg.moe.gov.sa:054080Ab
ikamustika696@apps365.work:almardH1
william015@unisim.edu.sg:2wcwhc2c
julianasanchez@arquint.net:jsarquint2023*
880980989@sohag8.moe.edu.eg:Std#080808
luleyigit55@gmail.com:05339600717Y
sophia.kacharava@majorel.com:Sopoka1234567!
sebgun14@elev.nordrefollo.no:Kontroller1
19472766@student.curtin.edu.au:Lordnancykity99
mario.polovina@students.vegova.si:Qmpy8888
nhakos@sulid.hu:Gokart2017
00511463@aluno.sesiescola.org.br:Abc1234
hamza.i_rds@gemselearning.com:cat
hb22074@auis.edu.krd:HBAlqafagi_4
mar0114@lowanna.vic.edu.au:Kangaroo27@
fbc89808888@symbiosiscollege.edu.in:snoop@8888
mamousa16@eng.just.edu.jo:Hamada_159357
alvinquinnplata@sanpedrocollegedavao.onmicrosoft.com:Pop81814
vasqueae25@pwcs-edu.org:Football3$XC
nqz647@mocs.utc.edu:Randolph30
celiatusiime@cemeliainitiativesafrica.onmicrosoft.com:CemAfri@2024#
bc.05944@supportscg.com:8163814Ta
vladimir.cardenas.13act@unsch.edu.pe:Satanas666
rodrigoc29:antares44@
s5426727@jb.moe.gov.sa:Malek11@11
streyes@altice.com.do:@Macopeje10
30084186@student.toiohomai.ac.nz:swayaway06*
eric.dostie@lr.org:017Sierra!
jaffar_m_ebrahim7137@moe.bh:Qohl8014
huseyin.dongul.06.tr:123Df-321
125217140053@r9.deped.gov.ph:Narra8*malalis
vth22248@morrcoll.school.nz:cYmbop0gon
pmr@beanpole.plus.com:Nc750xpegaso909?
jestrada2418@conalepmex.edu.mx:e192220079-3
4411195u@sp1monki.edu.pl:Barca2014
des03tacrb@cendoj.ramajudicial.gov.co:Tribunal2024*
carlos@thecolvinco.onmicrosoft.com:1852KRUmbreon
10035510@continuumgbl.com:Continuum5757
241106@ulis.vnu.edu.vn:BjQJ4e5p0G@zEjQ
cdiaz@sticcoltel.com:Sena2021*
beckerdaniel@zj3v7.onmicrosoft.com:bleach1989
kevin.ross@estudiantes.iacc.cl:K89907rmm
s119591372069@asrg.moe.gov.sa:22P@s15sW0r2745
3108942860@haiphong.itrithuc.vn:Hsthcs@9a330
477438400@qaliobia2.moe.edu.eg:std050801#
yesha.shah@i2techs.com:Password
mohamad.anwar.ramoun22@gmail.com:theblue2sky1
170319555@live.unilag.edu.ng:#Misspat1$
sconet@kerenskylawfirm.onmicrosoft.com:z1@MKo365
wcabezasm@ucundinamarca.edu.co:-(-(+A123456B-)+)-
fibra0001.02@msa-abra.edu.lb:$ou@ef&NiMa2020
georgesaipen.com:lifetime1234!
zarrouki.hamma@gmail.com:Mrg@15637
2021033491@feu.edu.ph:Tamarawr1234.
accounts@psi-uae.com:PSI@2022$$
s3061715@rg.moe.gov.sa:faye2006-ayman
e134117532@taalim.ma:Kwar3272
abdul-hameed.sheikh-ibraheem@elev.boden.se:Boden+99
ss0588665@outlook.com:ss123456
4417710@aluno.uniasselvi.com.br:A@92052991034
79427367@mylife.unisa.ac.za:yiw24GJY
mohamed.259542@azhar.moe.edu.eg:egykfM@e259542
sanauddinmd@gmail.com:IHS@104776
emagdalena@smu.cl:Josefa.2818
ymarisolalarcon@ucompensar.edu.co:Sosa2703
karan.chopra4@s.amity.edu:MB5691@1
4801606054@student.hcmue.edu.vn:nguyenTam28@
coxurria@3c.cl:Orfeo262
veronica-a.mosquera-p@up.ac.pa:Vero.0405
nivaldohuvi@gmail.com:Perro1102123134
in011723@springdalelko.onmicrosoft.com:neeta@123
phonphimon_07@outlook.com:Tps-1992@
7piskac.antonin@skolamichael.cz:gangmouse
ruth.bahia.cen20@ibge.gov.br:R@b92776841
ir10085947@edu.mon.bg:Ir081108
maria.sousa288@etec.sp.gov.br:MALulu2911
smelter.kolaka@ptpp.co.id:P@55w0rd!
kurtboy18@gmail.com:Basketball18
andri92+AEA-igi.or.id:Jamtangan12
abdulazis@robbanikendal.sch.id:Empires421577
c1034039@newcastle.ac.uk:GovernStillTube28061993
faisal.mukhtar@compliantglobal.com:p0Feh$e5D7z6
ugs.191252ins@nursing.suez.edu.eg:Nurs@1252
gaarbizu@correo.url.edu.gt:Celestegrecia2
muhittin.kara@bahcesehir.edu.tr:MkkDek0310-
raczkowskil@8und8.de:Tab8ea
quinlaslattery@terra.es:kekdvhocdvi
nagy.richard@poljoskola.edu.rs:Iskola2020
hi.demirci@student.han.nl:Kepler6533
sorofrancis.sfa@univ-na.ci:Sirata08
mn.tinay254@lms.wmsu.edu.ph:Emaysieych14
nguyenthituyettrinh@tkh.edu.vn:Hoangminjh2016
dcmunoz@bausate.edu.pe:Diana0811
emerson.leao@mtaboca.com.br:taboca@159753
1496786@senati.pe:1496786@senati.pe
gurvinders@adnoc.ae:National_35@1234
josegonzalez.it@hotmail.com:neo@@789
wardamuhamma.t_tws@gemselearning.com:lit
finance@connectm.com:Welcome@f1
s3811122@rmit.edu.vn:Benprokute00
mnoorellahi.7869@futurelearnschool.com:fls@7869
czekm003.307@sjcphanwell.onmicrosoft.com:cherry7#
dlee179@student.solbridge.ac.kr:pmkkmp0029!
watcharapol_p@svoaitp.onmicrosoft.com:Flukeee0873649340
mdrodriguezmayaieluisdesarmiento@tic.edu.co:AmoElArte16152022
besyo@cumhuriyet.edu.tr:iyBes1250
mouazib@actis.fr:akseL129!
mic722070@365office.site:Agnoceri.65
477797116@dakahliya2.moe.edu.eg:Std#031101
sukhanov.a.ua:B8xp888i9
165993@west-fargo.k12,nd.us:Loic09522
23isau:435grjT2
ojakubowski@spprzysiek.zlawies.pl:Grafciu1
cinson.john@eclerx.com:Sw@ppy1993
l19520423@chilpancingo.tecnm.mx:JBR0207amla
capcha1230@gmail.com:157855157855.mac
kendall.beita0888@uhispano.ac.cr:Ken-8998
202203403222@alunos.estacio.br:AM<%BY8kN#ngY?V
22.maria.cverc@st-thomasmore.cheshire.sch.uk:123456majko
10447@pwsz.wloclawek.pl:Chwdp997!
562255775@qena2.moe.edu.eg:Aa5566####
anon.sai@spulive.net:0839765295n
jhon.rengifo@servientrega.com:Cali2020*
ameurahmed12@outlook.com:Azerty200@
17h61a0271@cvsr.ac.in:himasrireddy@123
445406920@sohag3.moe.edu.eg:Std#040925
akshvidh.k_tms@gemselearning.com:Monu#2015
paul.okwii@turimail.co.ke:timothypaulokwii2004
guilherme.azevedo@sescsp.org.br:Gha85135297
dev@petevolution.com:7bJ4[X6K3YjFy7'd3l
tps5631@titikshapublicschool.onmicrosoft.com:kannu#16
22096948@ogr.baskent.edu.tr:ALPER袚鈥揨G袚褮N1
s0965565694:Anhlap2694
karma.ahmed.qna@nes.moe.edu.eg:karma2017@kk
luisantonioblancot19.cb163@dgeti.sems.gob.mx:Vdue1552
gaap0002@ce.pucmm.edu.do:gqne82531Z
kdelgadom@jbgye.org.ec:Magaark123
nxt.ldminhtri81@thuathienhue.edu.vn:Mt150707
duynguyen9081@student.vus.edu.vn:Vu$@6392
sb3n20@soton.ac.uk:Bhati1996
bonfacekowang77@mwalimu.tsc.go.ke:!Bon2024?
kjulianagalvis@uts.edu.co:Paka0110
thcsyc.hs.b2123.nqanh@namdinh.itrithuc.vn:hsyc@123
monalh1110995@gotvdsb.ca:20Ontario23
jenny@romerschool.com:Reuel2711
jsebastianmelo@ucundinamarca.edu.co:Colombia.23
academic.faculty@theforumcenter.vn:Forum@439
457938257@behera3.moe.edu.eg:Std#061109
dkmorales@entel.cl:eO6\rmgphdokyc
LDWICSSA2202554@pgc.edu.pk:ldwicssa2202554@pgc.edu.pk
mann_b221004ee@nitc.ac.in:Wisdom#360
alaoui_s@etna-alternance.net:MA575!hz.
ldcarvajalo@utn.edu.ec:Carvajal97..07
s691915@charterschools.ae:MBM@691915
ohm_j@apthai.com:Oamnavy_45
esayed@asarinvest.com:Asar@e909085
jchm89@outlook.com:Facebook110389
rene.camposeo@uanl.edu.mx:Renecampos10
justin.pohl53335@edu.ipchile.cl:Ju5t2n2377
melwin.dany@cmcvellore.ac.in:246852468Mm
6301101105112@trums.thonburi-u.ac.th:Bessza1112
s.mohamed@qualidev-tech.com:Lattaptan@_2025
admin@gajjarajay.onmicrosoft.com:P@$$W0rd_74131398
202100799@student.polytechnic.bh:aha860451!!
2018wareingn@waltonledale.lancs.sch.uk:Sydney85
238910@qaliobia1.moe.edu.eg:Th@15111979
k.kahsuberihuberhe@student.utwente.nl:Itc1257!@%&
j146563@g.unicamp.br:e^pi=-1.
yeigcoba@suramericana.com.co:Camilodiego2
o.a_santos@uninove.edu.br:Metal123
eman.mohamed@lifemakers.org:Life@600
jessica.long7651@sinclair.edu:Bug2017!
j144055565@taalim.ma:Salma2004.
s149355@cherokeek12.net:chanchan317
rfm_itc@recruitfirst.co:RFMBLO12345
rwcfscem2161203@pgc.edu.pk:M.AWAISBUTT000
oabe.2201183@stu.cu.edu.ng:491bc3116
11fansh@davrohini.org:Buw70575
408064305@minia1.moe.edu.eg:Std#030316
waad.rtibi@enis.u-sfax.tn:Lailahaillaallah23031991
unknown:STEM@hm123
itsupport@crtpartner.com:Doq50764
1187027@kafrelsheikh1.moe.edu.eg:Emp#750701
hiam.487301@t1.moe.edu.eg:egyptM@e487301
courtney.cooper@response.org.uk:Joseph0410
georgeaustria@usenode.net:dy310910
george.gatdula001@ncr2.deped.gov.ph:Ching-1976
julio.espinozan@educacion.gob.ec:0180jcenjunotasfinalesfebrero
COSIHLOP:MXL6401S9v
s201081795@ddsbstudent.ca:Benandoreo1
genesis@insurancemetropolitan.com:Garcia63
fatma.hassen.22305@commerce.helwan.edu.eg:M_44#89Bz5
p120064218@taalim.ma:Srwct5140
armbaltu1430@emokykla.lt:Fog81712
pashand@uwindsor.ca:MARTINgarix@123
450747188@cairo6.moe.edu.eg:Eps#250+22
drbismina@sbbwu.edu.pk:asf@1234
valentina.junieles01@usa.edu.co:Vj100323467#
ALENNY-SALAZAR@HONORESHZ.onmicrosoft.com:alenny-salazar@honoreshz.onmicrosoft.com
1132002@wholefoods.com:July2042Fran
bryan.cabascango@upec.edu.ec:User.5398
kjrt9215@estudiantes3.edu.ec:KeNjU2507
mustafa.osmanovski@cles.enaip.tn.it:Mukiapollo1
adelnes:aboyoussef@31
tiongson.284468@novaliches.sti.edu.ph:Rok00707
bh19500794@utb.edu.bh:1Qqawsedrf
21663@chomthong.ac.th:0967242993Az
100074818:Voj16074
joxc53@outlook.es:75864295zz
cristin.gray@my.columbiasc.edu:Koala5332
717372@luxor1.moe.edu.eg:Asan#19681
473879401@monofeya3.moe.edu.eg:Std#020929
accounts@greenranchesuae.com:Greengroup@acc1
461717286@sohag2.moe.edu.eg:Hamza#222@
muhamad.alvaro@sdislamalazhar31yogyakarta.sch.id:Nom79747
s2849198@estb.moe.gov.sa:Muosad77
ahmedali.alahmer@outlook.com:ali*0926123188*
p139398244@taalim.ma:Mpna9020
stu03001495@dpf.edu.lk:joj958620
karentobar@iteizacapa.edu.gt:Jesusmeama4523
bwieczorek@spoddaniszyn.onmicrosft.com:Gab38592
tohomavi7190679@estudiantes3.edu.ec:MathiasClik2020
filipethe123@hotmail.com:93588540Ff!
aboelsoud.rabie@365officen.onmicrosoft.com:@samehhh11
a.abouof00852@nur.dmu.edu.eg:Aboouoof123
fpthenry@tuanbatngo.onmicrosoft.com:Rongvang2kk@@@@@
moataz.elshafie@crystal-mind.com:M@ataz_2
407884741@sohag2.moe.edu.eg:Std#030620
aradhanamallickofficial995@outlook.com:Ana@67890
wanwisa_bou@cmu.ac.th:Mint_wanwisa45
118890838@est.mep.go.cr;JDANIEL09saborio;https://login.microsoftonline.com/
s5207456@estg.moe.gov.sa:BbBb@1234
2017pk14@cpgm.edu.do:Visa2020
jbmorin:310144
jculanag@eastsystemsrizal.onmicrosoft.com:Blindspot123
almirrogerio@v47m0.onmicrosoft.com:rebecamota
cani8804@emufsd.us:nc1485
alifannisaa@365.telkomuniversity.ac.id:Ambis333!
m.lobo@uniandes.edu.co:Majito1311.U
willgriffiths08@gmail.com:Near2853
pablo.sandoval.ramirez@mep.go.cr:1983Sandoval#
djleon@poligran.edu.co:Mathias1105
202304489408@alunos.estacio.br:033886@Ni
468099639@fayoum2.moe.edu.eg:Std#081214
dannapuello@liceogalan.onmicrosoft.com:Danna2806
476575464@kafrelsheikh1.moe.edu.eg:Asel3672
brian.valenti@raveis.com:Alison13!
mohammed.bimazgane@edu.uca.ma:primo@0651753426$med
E010704@esoft.academy:Binara@123
amuzar@tvz.hr:0706Fv304
simostah@teams.rs-kitzingen.de:ShenSd18?
200621:Mukesh0805
nadeliothompson1016@students.mpsaz.org:Nd181550
a.cuervog13@fmsnor.org:vale1000127809
s9788616@rg.moe.gov.sa:67P@s15sW0r2718
mic630426@365office.site:0365Inst@ll
anas.majidi@gmail.com:anasQB23142
u19206743@utp.edu.pe:70681236Th.
1511329@senati.pe:727374PKMS.
ahmfaisal@unimas.my:Abdullah08Anasmuhammad13
452662530@qena2.moe.edu.eg:Std#041030
pgomez@noval809.onmicrosoft.com:Bluesoft07"
5007962097@student.csn.edu:Hz682H#uwUe
al068254@cncivirtual.mx:LHLj8Nde
gerenciadeagronegocio@sed.go.gov.br:Gerencia20173
luiso.villagomez@educacion.gob.ec:iw8980ie*
lpdiaz@national-u.edu.ph:Aquamarinebeth27
4715@medivus.nl:Arthur2311
052154174@ecampus.ut.ac.id:Februari87
21022848@student.ltuc.com:JKH7594
3509538@vingroup.net:Vin@12345
202676@qaliobia4.moe.edu.eg:Ams16#6505
quan.207dh52511@vanlanguni.vn:VLU29032002
barry@amatuli.co.za:Yoj61230
ons.khnitech@polytechnicien.tn:Jas80535*
dqglorietta2@aranetagroup.com:p@ssw0rd344
hend.said@com.usc.edu.eg:Zux34242
richard.fernandez@pe.aseyco.com:proyecto1
maria:Kk33234077
spoit@caa.columbia.edu:dfC*"=?4=54sm
gfaustino.34620@escacilhastejo.org:Sporting2004
inperioxxt18@gmail.com:88375861We
p.janus@sosw8.elodz.edu.pl:Student8088
470655@st.hlu.edu.vn:Romanreigns1@
mtatar@zspkd.onmicrosoft.com:Milix16082012
136798180109@ncr2.deped.gov.ph:MAYES22022
s00146087@tbr.edu:Funfamily123
arjun.krishna@kamedainfologics.com:BLAHblah@12
lgramirez@cideim.org.co:4sR8Qxr8-pBrFWV
nguyenngocdai@a3thptvd.onmicrosoft.com:A3thptvd@gmail.com
km.est8888@cbva.edu.pa:P@estud8808
contato@digitmax.com.br:Dg15236890@
stu0311942a@dpf.edu.lk:Abd0312013
f16sw189@students.muet.edu.pk:Abdulahad32
dt@pigelec.onmicrosoft.com:ROIsage2
lwilkinson@utcmediacityuk.org.uk:greenguy
gerardo.arregui@ardistribucion.mx:Fuz09897
nd88696@dow.com:MicheleMilano24!.
par201218@uvg.edu.gt:Bishnu21
jmcardoso@kellymar.onmicrosoft.com:@Fcp4ever152260
g136358783@taalim.ma:Rlym1395
51221004@utehy.edu.vn:Anhhai123
lolu@loluoyebolahotmail.onmicrosoft.com:Lol20050629
wm.gudivada@automotiveml.com:Wm$gdv123
hamza.baran@fon.mk:Baran7272
460978257@dakahliya2.moe.edu.eg:Std#080816
golodnyd@gjs.cz:Damian
t605289@rg.moe.gov.sa:HH5945hh
888888808@behera8.moe.edu.eg:std#080888
hala.m3_mil@gemselearning.com:let
ydelaguila@cosapi.com.pe:efbH54/*
mariluoropeza@medife.com.ar:Luffyto06
it@alsaritrading.onmicrosoft.com:Adham2021
ouldhammouomar@gmail.com:mineral#generaliste@100/100
asanchezd1801@alumno.ipn.mx:M4rip0sas
br04125029@prosegur.com:Maracuja@26
16967606743@cefet-rj.br:Vi31Ma07
UNKNOWN:'F.S`01s$c
priyajaiswal25798:Password@1998
459910058@alex4.moe.edu.eg:Std#041127
mukhammed@sfedu.ru:abm19811
aymane.lachehab@uir.ac.ma:Lachehab007
20b.e.satishchandra@acsians.acsi.edu.sg:bhaba3239g
zaldytalattad@gmail.com:Saranghae21
ict20841.ac.lk:ict20841.ac.lk
sisjuansavatran@gmail.com:Pesekpesek_12
alaa.shaat2016@stuabroad.moe.edu.eg:Alaazm@2022
vocilka.radek@zshornibriza.cz:Zs7brad21
gfstothard@yahoo.co.uk:white685
mihai.dragomir@epshipping.com.sg:@18Dec20203
marryjoy.perez002@r4a-2.deped.gov.ph:Marryjoy@28
ravikantsaini25272829@gmail.com:Ravi@saini1
stu0311330@dpf.edu.lk:Abd0312012
445742156@monofeya3.moe.edu.eg:Std#040705
twhitley@sonifi.com:Louisville2024!
10857@bhavanskilpauk.org:Kam17851
sitepad@cetrad.org:Hak55814
wambacher.samuel@schlosswagrain.at:tiger#77
aissa.benhada@eduhainaut.be:PortugalAssietteSigner5
stemanegazza@live.fr:n-$h8Ukj
190649@med.asu.edu.eg:DoctorMohab1
angie.lrp@hotmail.com:Orionyleo2020*
amad.jaafar@dvinst.com:Mziriduhok25
carlos.antonio@verintconnect.com:Un4f4c1l$
65020530@kmitl.ac.th:tN3pvyfubl
pedro.bonilla@unach.edu.ec:Calopaanbonillaintriago2002
vielka.yanguez@up.ac.pa:8808VIya8080
bgarfiasn001@alumno.uaemex.mx:_17ASUMY
good:2
gadz_7vwv@itstep.edu.az:8U51nHA2
nicolle.oliveira5@aluno.unip.br:spock3015
ibel.herrero@firstdue.com:tatadiaz.1989
lalitkumar.dewangan@baker-taylor.com:*321dekPrat
isabel.guerrero@adventistas.org:isabelmpcs
angel.gil@educo-actividades.com:Angel@25111981
warren.rooi@5ca.com:Steinborn007
imen.benhouidi@zitounatamkeen.com:0503@tamkeen
twinbee@technologiestwinbees.onmicrosoft.com:081885099d3232400x
katherinecastellanos9@predinsa.edu.gt:Kecm139300
antonieta.pacheco@educacion.gob.ec:Ministerio*2020
a.rogalska@uczen.zspkleszczow.pl:Bud03370
rian.juriansyah@nirvanadevelopment.com:!Nvd5678
qasim.ali@copear.com:Cl0ckT0wer44!
Shady3m@abv.bg:eminem123
mohamed.ward@dego.com.sa:nlZtw@120475566
770220@khec.edu.np:@@1q2w3e4r5t6y7u8i9o0p
rogerreichmann4@industriaswmexico.onmicrosoft.com:Canons20$%
ys85277689@edu.mon.bg:Pthemaster2
20174011@stu.uob.edu.bh:MARWA*990502430
zim.zaman@sea.samsung.com:ZimZum88#
ivan.zipasuca@gobiernobogota.gov.co:Jeremias33-3
edu127amila@dpf.edu.lk:Bole$2023
yael.camacho@alumno.buap.mx:Bateria040898
vijaykumar.b@rasiseeds.com:Hanee@1234
19cnovotny@ssrjaromer.cz:GTomy135
kevincosme@free.stulive.com:k3v1N@L1S@KAl@m69420
daksh.meena@happypointgroup.com:Indu@9909
robin.kulianu@zsmsbrezno.cz:Robin137946825
francinaldo.bernardino@cs.cruzeirodosul.edu.br:190489F*sb
manaskaales2006@gmail.com:Ales2006
rone545835-30066@stuabroad.moe.edu.eg:01221142313m*
12311@of365.store:V.10510831
imam.182002010@green.ac.bd:imam12345@
jmowrer@harvestgrocery.com:Cusu4775
nguyenvansang@humg.edu.vn:Dung_27022005
hanson_low_ming_hin@students.edu.sg:t?-KBc3"v_u%s3e
danielamarqueza18.cb59@dgeti.sems.gob.mx:Reqi8733
050626066@ecampus.ut.ac.id:@NITAdiUT
rodrigo.navarroc@usil.pe:rodriusil
mohamed.baiomy@xceedcc.com:Mo@01033234663
lebaoan2a5@hactech.onmicrosoft.com:Thinh1981
2022michel.ma@pchs.palihigh.org:mm111403
hk89520086@edu.mon.bg:HrisHris22
222327227752@alunos.estacio.br:Jukessuo@
matheus.silva1597@etec.sp.gov.br:63325127e
49887@mail.tusi.edu.lv:Fish7381
a3austinjjbrough@asfc.spt.ac.uk:Gibson2661**
s136331894@taalim.ma:OCS1U2o714
kstrzelecka2007@wp.pl:Tuptus2019
phamtuanhung.a7k56@ubhs.edu.vn:Yuq90174
20602823696:operador50
76611.br:abc.2430
72@365pro.work:1123583Mehedi@#..
tifaneyd@fzcorp.com:G00dtmdM0rning
norarivasvilla@hotmail.es:mj88889988
10120130407@alunosmaristas.com.br:m200@03048
21mcdadef@nseven.org.uk:fmcdade2
ebrown55@centralgatech.edu:JB126428!
charlesbenedict.malia@evsu.edu.ph:@charlesmalia02
radwa.ismael@med.tanta.edu.eg:Allah111#
janetteh@ccam.umisea.org.mx:140925Cl
brenda.oejbdjn@hgo.nuevaescuela.mx:xyz12345
451061366@sohag2.moe.edu.eg:Std#010101
066043:Bra10101974
imane.basbous@derhemholding.com:Xac70134J
aleksnader.baranowski@zs34bydgoszcz.onmicrosoft.com:Bratek09
fabio.m@vtikortrijk.be:Fmm461325
mohammedmahd.l_tws@gemselearning.com:Mlich@786
hnaser@islamic-ec.edu.jo:han_8120392
raraalis1525788@estudiantes.edu.ec:1iJK7Qex
120200712021@st.ahu.edu.jo:has20300
22154090076@manipalacademyonline.edu.in:MAHE@1991
458281184@gharbeia3.moe.edu.eg:Std#070119
tapijupa6092902@estudiantes.edu.ec:Alumno+2021
sona.edu.pk:N@ust123
d136180308@taalim.ma:Tjwco79502003
joelluiz2003@hotmail.com:8009717wW@
%:._dg$-grTZ$66
dinand.quak@vsokleinborculo.nl:DisterVPlays
teboh2ndchance:Victorine1
bcan1ca21033@itmuniversity.ac.in:#Adityaraj18
202305140786@alunos.estacio.br:230892De.
armands.rengarts@jsvg.lv:mince_1009
6430000023@stou.ac.th:1659900480891
26200309@edgehill.ac.uk:@tStNfuSUy0rs
tvdung@btu.edu.vn:anhnhi@2020
cgeorge@rwgroup.com:summerholidays2018.
131296140263@r12.deped.gov.ph:Allow@123#
462676303@sohag2.moe.edu.eg:Std#081001
adriana.pessoa1@unipinterativa.edu.br:32539619827
vitatabolong80.ac.id:rW8Rf*%888
457170611@behera1.moe.edu.eg:Std#070307
bonivasius.pramudyanto@ciputra.com:Sungairaya1
anetastrakova2020@zsbedihost.cz:Skola2020
painglovestar3022:Pho
demarcosvelazquezjm@gmail.com:welcome1
scontrerasc1701@alumno.ipn.mx:Sc67T0H1
alberto.martinezrbld@uanl.edu.mx:hannafirehawk123
21dpr0605z@seppue.gob.mx:SASC861203MVZNNL07
jafry.hisham@cityoftones.onmicrosoft.com:$cumduK38212
z5380691@ad.unsw.edu.au:Spectre123!
sama.ahmed.9190279@sh-eng.menofia.edu.eg:Sam152001
luxshan@sff7p.onmicrosoft.com:Office-Luxy1987
tchoe1s@k12.jh.edu:C1hoezom
s201913011@e.heungto.edu.hk:Aa374980!_
grace.fronda001@deped.gov.ph:grace.fronda001@deped.gov.ph
kamassachristian8008@gmail.com:John8008
myalawi17@nur.just.edu.jo:133012MOmo@@
arjunmurthy:GOAt@123/
ln72163810@idat.edu.pe:lgts151164
bruno.s.prieto@stf.jus.br:96994302Br!
emicesna9097@emokykla.lt:Namas2727
466444062@dakahliya1.moe.edu.eg:987Q654w$n
md7550fs@go.minnstate.edu:Scbhxlp@742
cnavarroc@tpc.cl:lucas.3110
hansludovanmierlo@planet.nl:Rovers75abc
i.lichota@sp11.bialystok.pl:Niepamietam1
sadniamohammed@meta.stulive.com:srsr2006
hammanibouchra@t.5tb.in:Ess74@b82
451078905@cairo4.moe.edu.eg:Std#050506
reportebilocales@cruzverde.com.co:Colombia2504*
sara.zaki.mounir@alexu.edu.eg:MPwiy121
301910142@ute.edu.mx:TwentyOnePilots21
5573106@mec.edu.py:Py6013755
u24227667@utp.edu.pe:Pr1m1t1v0#
kellian.gourmelen@stfelixlasalle.fr:zorilda596
yuibg@yphga.onmicrosoft.com:Regalo123*
es-ahmed.samir2027@alexu.edu.eg:eng@270051
meghanbnieto@gmail.com:darkcloud83
pedros365admin@pedroschicken.co.za:Chick3n@7861
31nn@os-druga-bd.edu.me:Was07569
elbadaoui.nadir@ofppt-edu.ma:MEKNES@@TOPO22
UNKNOWN:Hai@1976
lucas.silverio01@fatec.sp.gov.br:06935875803
D148056760:Massani2468
taher.103091@azhar.moe.edu.eg:egyptM@e10309177
tatyana.va.nikolova@edu.mon.bg:Nikolova65
rachel_lee@manulife.my:Fc888608cf
392200275@ecu.edu.eg:11086@sis
1834661@std.hu.edu.jo:2337303
15757.leonor@albufeiraoriental.pt:saudadeb1651
mmella10@beco.bancoestado.cl:Banco.54321
soren.deloof@sgsintpaulus.eu:Onderweg123
a.awad@techgroup.ae:TG#aad.2016
t428876@hb.moe.gov.sa:0545367070Saud
ko:DFZBEGKZ
marco.tawadrous-mu.edu.eg:Spider24681012**
1520.sophal.lihong@rupp.edu.kh:095228922$plh
Pedrorolafima:75394185#A
kelvin.lai@foodpanda.hk:Janejane0421814
mboudali1@numerique-educatif.fr:Mattheo@2008
ra21602278@uniceub.edu.br:92026304ma
f132113151@taalim.ma:Yxac7455
pedro.pesantez@est.ucacue.edu.ec:Universidad1
dexter@appscz.com:Silvestre1706
maly03@student.vspj.cz:Abtd6519
redasaeed81-23485@stuabroad.moe.edu.eg:saeedreda2007#
camila.guerrero1@cloud.uautonoma.cl:Ua58817891
redzutaki@onedrive5tb.com:1ffp71uz
r136845832@taalim.ma:Sjyd8144
470618044@cairo2.moe.edu.eg:Std#081218
huizhiyangmi@usmmy.org:huizhi2410
caseyct@okstate.edu:quKb9CSi
hillsongafh@martykramergroup.com:HIllsong11
463775632@giza5.moe.edu.eg:Std#210901
enrique.gonzalez@dieboldnixdorf.com:Diego.zizu
90329369@bildung.gv.at:BOCKSDORF11@
cc2021-1616@uce.edu.do:df6970
moawad@zewailcity.edu.eg:FCIS1998@moon.com
21ftt1753@student.pb.edu.bn:Afiqaiman07+
454835958@luxor1.moe.edu.eg:Godislove@78
moisinandrada@gimnaziulamaior.onmicrosoft.com:Andrada2013
Brss1234:
5022211224@student.its.ac.id:Fahreza07
10716733781@cefet-rj.br:Noudy@5186
32020210@hti.edu.eg:Efh86420
it.unit3@phyedu.sohag.edu.eg:iT.123456
486721150@monofeya2.moe.edu.eg:Std#001125
469049752@cairo4.moe.edu.eg:Std#070906
thiago.albuquerque@capgemini.com:NULL
100073467@ucientifica.edu.pe:JPaq2019//
859037256@ecampus.ut.ac.id:G320a3jMC
100088866774697:Accounts256%
s0145118@fm-edu.org:Cuh30259
msra419042@paaet.edu.kw,ayshah.alomairi@eng.ku.edu.kw:Aa123123
stpsetm2001227@pgc.edu.pk:P2001227ATpe
a37044@thanglong.edu.vn:e6111988.
s22551@streetrat.ac.th:12297001186
26930@maesai.ac.th:Max12881
skeefe@hcmwonline.com:Tournemire1
sofia.gomez@horta.lasalle.cat:Lsho2882
kienpvph43695@fpt.edu.vn:Kienpham2003
f.dimopoulos@admie.gr:Fd1234
b00104996@aus.edu:Slamdunkhana10#
404228922@luxor1.moe.edu.eg:hh#1234567
thais@6rrsr3.onmicrosoft.com:Oregon&salem*1642%
180232psbbmsonmicrosoft.com:180232psbbmsonmicrosoft.com
casper@3-c.se:Ch020815
20150328@cispk.onmicrosoft.com:Tanmay12
leonor.monteiro@manuelfariasousa.pt:Anabelafilha.16
carlos__tecnico@hotmail.com:Gabriel2015
randy.woods@crevalleboats.com:Crevalle1
shamir.bachabarias@libertymutual.com:[NOT_SAVED]
mouhoubir@edu.cspi.qc.ca:640300
busisiwemkradu@yahoo.com:Busi9094051028085@
18bcs6515@cuchd.in:Sosadboss@220379
4559@soyunaq.mx:Romina10
yousry.1036044@t3.moe.edu.eg:egyptM@e1036044
leonardoalv@cielo.com.br:A5u!fJQNGF
r136620917@taalim.ma:Abzc3185
awadh.badhrais@wilhelmsen.com:$123Reset
bilal92000@gmail.com:Bilal1985
u22326818@utp.edu.pe:@CRD7142128crd
466425370@redsea1.moe.edu.eg:sTD#090722
jkowalska@edupolis.pl:Szymon12
tybl.adam19@zsnamesti.cz:ty*ad_8B
852345@lcps.org:Ontop,0404$
05-275201-015@student.bahria.edu.pk:Brunel1995
825054@gharbeia1.moe.edu.eg:Std#000000
karelnova:Kvetinac2001
wehb0052@algonquinlive.ca:oct12
hermessuarez:Sara88sebas
santosh.mohapatra@amribbsr.in:%^&*aZxSwQ
shs22-0059@thedilimancollege.edu.ph:Shaun14545#
eltopal@br-prutz.at:1234Bus+
renato.gaudio@mcom.gov.br:29165130ren?
dantas.528@nlsa.teleperformance.com:q7E$5NEMESam8xw7
24329@atasunoptik.com.tr:Kamal谋++1905
k139479929@taalim.ma:Exjc7827
patricia.guarin@sedtolima.edu.co:Patriciaguarin28837199
korady.suarez387@educacionbogota.edu.co:Ti1021669387
CallMeKav:tharindu123
ealcarazfederico@buenosaires.gob.ar:Shikeimalice2
mireyes@senaedu.edu.co:Sena7213*
h.ahmed09092@education.qa:sa672001
45354538@continental.edu.pe:Maria2812
handaric.daniel@liceultehnologicdornacandrenilor.ro:Memolica888
arij.benabid@wimbeetech.com:Rouja2625
nolaharr160@ed.amdsb.ca:[NOT_SAVED]
messagliaj1@udyaton.edu:Gipper1988!
victorpinargote@espammfl352.onmicrosoft.com:VICTORIAJOELITO4412@#
41370505892:Policial2020
spyridess@unisystems.gr:es7000/#
navarro.656@nlsa.teleperformance.com:fr2q9DVenpy27mu$
00002587214@aakashicampus.com:Asd@2004#
jefferson.astocaza@upsjb.edu.pe:rljj2027F
lilliandasilvamoura@gmail.com:2728375655!QAZxsw2#EDCvfr5
ljgonzalez@orf.com.co:0RF.LjGd*951
abderrahmane_oulhaj@um5.ac.ma:1412558392
rrhh.iaaj@jujuy.gob.ar:Romimajo1*
julio.gonzalez@panoramabuildingsystems.ca:30aveWRepr
22hoypreston@seal-pa.org:200217
pabgarmar3@alu.edu.gva.es:Americandad2
joaquinlopezmarin@izan240.onmicrosoft.com:Lopmarjo1959
jane.solmayor@aerisinsurance.com:Leightonjhay20
bvenegass435@alumno.uaemex.mx:RFJS77YZ#
6806426@formacao.iefp.pt:iEFP13081998
deepakumar.18mc@kct.ac.in:Hondababy009
756664@pdsb.net:Hawks2020
hdu@dmwai.com:T0rtellini
ingrid.hurtado@unidadvictimas.gov.co:Colombia123
s.marcillaud@talis-bs.com:epseco64
tinnguyen4575@student.vus.edu.vn:Vu$@2885
100034735565565:santi19...
2109361@cognizant.com:Warlock143~!@
21835@chomthong.ac.th:Ct50052001
tuannm4@vng.com.vn:QAZqaz@123
alejoortegapenagos15@hotmail.com:Alejandropenagosxd17*
19mali@stopsleyhighschool.co.uk:strongpolo1010
asofia@ipvc.pt:RGvNkai2Wm3#
nabihnaufal_sipil18s1@mahasiswa.unj.ac.id:16UNJ5506
p.taranek@sp4.strzelceopolskie.edu.pl:fortnite123@@
hello@oakmeadfinance.com:Hum27045
microso:QLMpk.HSVmsTC9W
229153@qaliobia2.moe.edu.eg:Emp#740504
453686035@benisuef1.moe.edu.eg:Std#060815
bafniu18232@student.hcmiu.edu.vn:Mkh2492000
sofia.harly@trewhelas.cl:Nox93184
laura.avila02@correo.usa.edu.co:Anaduarte23
pravin.nadar@dfinsolutions.com:MyLaxmi@1994
ahmed.afifi@aspiretechnology.com:Aspire2@21
tgibaud@etud.univ-pau.fr:Shippuden64
11254815@mylife.unisa.ac.za:wlw02YBS
22003050@edu.ukcbc.ac.ae:Merapeerd@stageer786
beatriz.costa27@aluno.unip.br:46249014870
mandal:GC5sHfx6
emil.polak@gymtv.sk:Fus43125
yesgonzalez@defensoria.gov.co:FbaxP9wV7
yaskac@fes365-pfungstadt.de:segu6906
vps67496-41707@stuabroad.moe.edu.eg:aa0552588415a
v1319@qroo.conalep.edu.mx:retoselpaisa2620
picchim1@s2.rpn.ch:Matteo06
leo.blanco@osetra.onmicrosoft.com:Vanina1742
abhinaykumar@analytic-edge.com:Robot21121994
dipak.garje@jkrisk.in:f312d1m0n3
pg402818@uem.br:Evertonsilva097
gg00093011@edu.mon.bg:mama1209_
jjortiz@live.com:Guillo#1109@
4391063@gulf.edu.sa:Aa.0503921007
442859188@qaliobia1.moe.edu.eg:Std#030827
01-112182-051@student.bahria.edu.pk:apshamza126@
hse-operations@civi-land-int.com:Tuj90317
emilandebraa@gmail.com:torsk355
aschefer@neorede.net.br:wolverine@2222
global@nordcoop.onmicrosoft.com:W@ndtke761237546
yperezb@technosolcr.onmicrosoft.com:ypb11-2008
chotisri@mail365std.com:Cbr600f1
107941160102@r4a-1.deped.gov.ph:Pvalenzuela_0013A
pkhoan@maclifevn.com:Kimhoanmedia9211
423462530@hebron.edu.ps:Moe@42346
philblumenfeld@hotmail.com:Haden123
anubhavsonker@hcl.com:Awesome@86927
Plays:Golem12512
album01@rickywind.onmicrosoft.com:Phong0986994171
mahajlak000@hsestudents.org:Hse241730
vicente.paredes@educacion.gob.ec:Docente2023
cerimonial@iengenharia.org.br:Cerimo2021
kiettt.1323@c2hoangvanthu.edu.vn:Anhkietdeptrai55279
czamora87@docente.upoli.edu.ni:Cam1lozamora
6bpb@sp5ketrzyn.onmicrosoft.com:bartekP09
swanyihmawbi@pactworld.org:Giomyanmar1
aleks07201@gmail.com:Aleks2200
youssef.mahmoud@stu-aspireschool.org:YAS@asp23
ritik01verma@gmail.com:Hemant01..
sagitl@aglconsulting.co.il:Stu@7654
nakshatram999@gmail.com:Santroxing3033@
24.student.sadiksha@broadwayinfosys.edu.np:Soy36720
455530957@cairo2.moe.edu.eg:Std#060219
u2142487@uel.ac.uk:19Sep1984
mp415006@gmail.com:X9CHR4
revista@iglesiaoasis.com:RDtml258
hinojosanb@uestar.edu.ec:Neiranb123
kevinthompson@com.edu:904513
coordinacionacademica-secundaria@colegioverbo.edu.gt:Verbo+400
pi.gacula2009@student.tsu.edu.ph:Pogiako!
manuel.sargent@up.ac.pa:Desguabinado23
20141011@sis.edu.sa:tallow2005
m.h.almuhanna@live.iup.edu:Milan1234
m41s38@matsumotoed.onmicrosoft.com:000---ppp
spatel@wpschools.org:32483
a19103678@idat.edu.pe:76327517Mj
griEnbAekC@gmail.co.uk:Marusi
2021barc027@spab.ac.in:Location93949541
457565963@alex2.moe.edu.eg:Std#070910
g:Lths2019
ianjuguna@gmail.com:!@24fe5689@!
lmquiramar@medimas.com.co:Agosto12*
e.haubrock@overberg.schulen-re.de:27121972Jessica
sam.forsberg@mssa.unitedtraining.com:Samtheman32
toanpq7883@ut.edu.vn:25102005
z222802084@taalim.ma:UL4XMc2z0t
piratefox2018@gmail.com:5FPCNS
8088988@students.adu.ac.ae:Student@888
azoghbi@isccairo.sabis.net:umroz@2008
100111419@cientifica.edu.pe:mimi130537
leone.lessa@vitru.com.br:Qne2c47@honda
0950701813:@Romero2325
it_info@softathome.com:v45&FB^dcv;A
a20200964@idat.edu.pe:Palomino2000
edson.nonaka01.gov.br:EDbuoka2020
202304265666@alunos.estacio.br:t.i2007@
adamjoy739@gotvdsb.ca:abc12345678
sim.diaaahmed3064@alexu.edu.eg:Diaa01119980333
k12_a2_24@thpttamphuoc.edu.vn:Emily0974726785
vivekadam@vivekadam.onmicrosoft.com:Vivek@123
ivonemachado69:Veloso1949+--+
162332@office365online.co:soodrachit@RS1
jagg0783@estudiantes.edu.ec:JUPITER2020+
imran.tahzeeb@mulphico.pk:MnP3221++--
s141908@student.squ.edu.om:Saud@9963
20-1-42-007402@sol-du.ac.in:sol#200100067721
ozziu2:Z.W7w6z7G2BR5z4
heshmat.msuod@orascom.com:alaa_2121
e2300838113@live.uleam.edu.ec:viviana#27
kchetty4@oldmutual.com:Schultz@120290
abo_fawzy@mu.edu.eg:Mfa01002055945
botondtng@student.elte.hu:fefnir123
ignaciosotomc@outlook.cl:A20484139-K
487422263@behera1.moe.edu.eg:Std#961121
ismaililarslan761@gmail.com:me5h6et3g6j7o0
webmaster@inuxu.onmicrosoft.com:O365inu@132
191900581@projecao.edu.br:Pedro10$$
estela.oller@docentes.ucbtja.edu.bo:Yus97734
ana1.rodriguez@sanpedro.edu.co:AnaSofia6907
arifnurfiyanto@smkmuh04byl.sch.id:Arif12345
leandronbp09@hotmail.com:iEFP26101998
2022175937@talento.tls.edu.pe:Mc@763536
dmoreira@athenstransporte.com.br:Dev@8088
slametrenaldi96@guruinovatif.net:Lembaga031
zoiomotors@wanadoo.es:cemece@2
admin:Lexvalor$XXI
al.adel@nu.edu.eg:3P29$3jf
16420364@mahasiswa.itb.ac.id:Jancok123
gmarie@ocadu.ca:Roobedows1
elsayed.446972@t2.moe.edu.eg:egyptM@e446972
1299279@senati.pe:LZ090603c
202120129@students.asu.edu.jo:Hvi40602
409703855@minia2.moe.edu.eg:Std#030323
haardik_21_5597@indusvalleynoida.onmicrosoft.com:Dox04222
2193217@cognizant.com:Mydobis10@
aurelio.alvarado@umip.ac.pa:Toto3030
minhtuan.tran@uqconnect.edu.au:26042001Tt
s9263852@rb.moe.gov.sa:ZmZ7736899
dhanushkalpana3477@gmail.com:8438056
22ntucs1334@student.ntu.edu.pk:fLnhufSq
154conta@microsoftoffice365.vip:Cezar4321
2001828409@jolearn.jo:M7medgamer
rwafscem2000433@pgc.edu.pk:Aqeel@2124
59100959@up.ac.th:watcharapong
adenasruloh@outlook.co.id:0
serraa14@posteitaliane.it:Piggy005
63023@sdo.fi:342100
luis.bulgin@meduca.edu.pa:Felipon65*
cpp5404@umo.edu:Jasonlovesme41!
harsh.chourasia@adypu.edu.in:722884@Ss
info@tedcorlu.k12.tr:Not81236
justinaclark17@clarkappdevelopment.onmicrosoft.com:7167Cheryl#
behira_follow@thanexam.moe.edu.eg:Behira28
giovanni.amgad.2021@commerce.helwan.edu.eg:Joooe1010
2913008.edu.eg:Mhmd12##fo
aortiz@nasa.com.mx:c@huich28
ar438@365proplus.site:Paradox5
454599076@dakahliya1.moe.edu.eg:Std#000000
odedtetuchassi@hotmail.es:LIfeSte2LE
jub-neh@jubilee.edu.jo:Jam73022
lhricssm1942546@pgc.edu.pk:Pass1942546
baselabood11@gmail.com:Abodbasel20044
221107447c@uct.pe:200810884ACM@90
455495322@redsea1.moe.edu.eg:Std#040217
72782365116@digiconsti.hu:Muw97105
459504703@giza5.moe.edu.eg:Masrmasr$?
12338700@myregent.ac.za:Drshamah02710
favargasl@grupoins.com:Maecana1
9i.fataqu@smpn1plemahan.sch.id:R
gillhamza@heathmount.org:Gillham99
1031120705@erciyes.edu.tr:Fflagflag22
anna.hicks@student.ashford.edu:Majesty12
mary@mfddental.com:Akinyemi1$
470302755@sohag3.moe.edu.eg:Std#040811
rr01135891@uls.edu.sv:admaioranatissumus2020
julia.souza67@aluno.unip.br:46932998807
e2scardona1@colsanignacio.edu.co:Samuel16+
UNKNOWN:Hercules1002
8623670@csdc.qc.ca:bois8623670
pawan.gautam:Iamthebest@7890
ahmad.aldarazi@kbr.com:Abc.$1Abc*1234567
47146@365net.co:clp2020
vguterres@sesc-rs.com.br:vivi@359
uttapol@entechsi.com:entech@2023
wanderson.pereira.edu:Per141908@!02
andrew.hills@stu.barren.kyschools.us:bcs2289
omar.salah.eid@alsane.edu.kw:M65xo22asdf
ops.tn@kingdomindia.com:Bronze302!!@#$%
insane001@circ.onmicrosoft.com:Insane@001
iabok@kze.me:Bohbohboh00
458380069@assiut3.moe.edu.eg:Std#070824
CatherineMutegi71@mwalimu.tsc.go.ke:catherinemutegi71@mwalimu.tsc.go.ke
nafilhirzi26-5@sman-modalbangsa.sch.id:Infernobird26
venkataraghunath.gorthi@clorox.com:Raghunaidu@27
al_18227@aegp.edu.pt:Kikimiguel2
mani.deva@marketspark.com:deva@zufiz.com
ahmed.30934374@f-eng.tanta.edu.eg:Tuf41414
11317@thetvsschool.org:dondon77don!
ionut.jinar@eteagroup.com:Inverno2019
sales1@smexpresslogistics.com:RAJ@kumar123
sitthichok@lensowheel.com:Lenso@12345
s7895385@asrg.moe.gov.sa:Aa@147963
o:M3sK,NaE
nayelly.rodriguez24lem@nube.unadmexico.mx:Naye6314*
arulananthan.renga@pacificinter-link.com:harene14
sambor.strzelecki@miodowa.edu.pl:Missi2017
jm4676@srmist.edu.in:Decruzev123@01
yorby.pertuz04@gmail.com:4303090y
justin.whiting@okstate.edu:JRWhi2003!
p147089697@taalim.ma:Aukm7683
muhammadfariznur@student.telkomuniversity.ac.id:Fariz123@
lastcart33@ytyih.onmicrosoft.com:L@002056417457ov
s253931@ese.gov.ae:Algla1975
s2133784@qsmb.moe.gov.sa:howniC-2ruxmu-hawpes
458820167@monofeya3.moe.edu.eg:Moh#306120
112210020@student.machung.ac.id:Darrell04
s3889915@mkhb.moe.gov.sa:GTr13123456
travisjamesmichaelfedillaga@spcbasiceduph.onmicrosoft.com:Dudzkie123
nanangruhimat_53@edtech.sch.id:Nanang_1976*
26098292@sch.moe.edu.eg:Std#060503
s5313800@mkhb.moe.gov.sa:Rr12@Rr12
emazariego@mercy.edu:bcbv7nk5
109458027@cc.ntut.edu.tw:JoeKuo3A516022
jalajuwomi@liberty.edu:Oluwafemi9125
a010112748@my.uvm.edu.mx:Al17091982
$+x+9C:G5uayr)3
guillermo.romero@inegi.org.mx:Probabilidad.2023
6668@lavanda.edu.eg:Kuq991299
485234935@gharbeia3.moe.edu.eg:Std#071217
10870032@o365st.cycu.edu.tw:untariDyah4
hussain_s_alkhalifa0860@moe.bh:Cauf8232
loaysaadifrij1@gmail.com:Loays121232122
459001992@benisuef2.moe.edu.eg:Std#060720
carvajal.nick@msumainph.onmicrosoft.com:Gwaponick1322
23172@grammar.net.nz:Jollie0509d
ttaky8131@gmail.com:samer4132
ihebcherif@tozeur.r-iset.tn:09718517Iheb
jhonathan.gomezc@campusucc.edu.co:Jonal_1309
s6143024@rb.moe.gov.sa:Bmsq12345
13dad21f1134@stdmail.psmza.edu.my:Danial03
s6214915@estb.moe.gov.sa:EQsad8269130
a2023105525@uwiener.edu.pe:Cyjlosmejores061818
dkcnv3@mcsl.site:htqlv32022@
gogofrangieh3400117:J.F.M.M.1982020.
mbenguepapematar@gmail.com:Voyage2021
thidarat.thip@pvc.ac.th:Jam.0984276075
sonamsaini670@gmail.com:Max@rampage1
esteban.vargas@alumnos.uv.cl:Esteban17
mo.finance@mo.com.mm:Finance@2022
ismael.hernandezpe@my.unitec.edu.mx:Peceromaik88
yessoextran58@hotmail.fr:Jeferson1
Rodzen:Romain030706!
unknown:sNUBBER24681012
aissaraiss5@gmail.com:AissaRayss0654271700
pkenitra@trigo-group.com:a1z2e3r4t5///987
1900400185@svcpoly.in:Pubg@2003
juan@gutiassoc.onmicrosoft.com:00000000
noely.nascimento.br:Kroton@40-
wilfrido.rivas@ica.gov.co:Wilfran.2014
u21316210@utp.edu.pe:Etson1403UTP
450678250@monofeya2.moe.edu.eg:Donia#1235
pesastoquel@educacionbogota.edu.co:Pes02985
hp12142406@edu.mon.bg:Pepibg1996
rackoja@zs20.plzen-edu.cz:Brojova13
454162039@benisuef2.moe.edu.eg:Std#060405
453829850@kafrelsheikh1.moe.edu.eg:Std#060326
hgins00444@haiergroup.onmicrosoft.com:Subaganesh@123
absalon.abiada@cohesis.com.au:Salvaci0n
edgars.atvars@inovacijuskola.lv:Elsa2010.
1802272@eng.asu.edu.eg:3K5B7D3a5g7fXYZijk
2021615862@isiswa.uitm.edu.my:1300888333Afiq
frnfnc01e54d086z@studenti.unical.it:FraFriUni2020@
minhthao2900@ms365vip.com:Minhth@0
217304002@ms.daihocthudo.edu.vn:hnmu2020@
v.herreral13@fmsnor.org:Na.1007142154
claumar9@alumni.uv.es:Claudius14*
phillip.hassan@my.ucdsb.ca:diamondminecart34
abedelkareem.alnajajreh@poliba.it:sanbol1132!
573938@gharbeia4.moe.edu.eg:Emp#780116
i201811904@cibertec.edu.pe:Moon1103
462868233@sharkia3.moe.edu.eg:Std#300000
kendall.ruiz1@ulatina.net:SPqr2000230
ewebiyiruth00@gmail.com\:Biggirl123
ralf.zepter@gpd-switzerland.com:@victorinox032007
matthew.hamilton2@student.tdsb.on.ca:KiyotakaAyanokoji
s188766@ese.gov.ae:AA@i22446688
3201820081@alexu.edu.eg:2990140202121
mquezadav3@correo.uss.cl:123456M_k
laura.preciado@uniminuto.edu.co:LA191228*
amunoz106@estudiantes.areandina.edu.co:Wdleon142390
s21511514eg@std.aou.edu.eg:Aa#30303280100614
0000147354@aiou.edu.pk:2016kiu1159
23095@globalcollege.edu.np:Sob35906
deepak@vmsconsultants.com:Ras12609
aduranso@unadvirtual.edu.co:Joel123!
power.lukasz.stawowczyk@tenderhut.com:W@Kacje2020
lailamachadocont:Lascarmice223
salma.5184198@talmeez.pk:Passw0rd.123
yazid.oujir@gsalexandre.ma:Yazid1234
sarah.tobin@student.cgcc.edu:Shimul$365
kabayat@jbc.co.zw:Noels@1997
david@ispavirtual.onmicrosoft.com:vid*958518657.
flaviap@unimedcampinas.com.br:unimed14
nizar.arrami.cemtl@ssss.gouv.qc.ca:LUHAavPM8wkJ888
sampath@vemanait.edu.in:vvs@19992010
oletumovil@oletumovilecija.onmicrosoft.com:Ecija2020movil
pali.marton@autsoft.hu:tUeFq755WWi9ztM
470903214@behera4.moe.edu.eg:Std#100912
788689:Jonny@7780
jaadriandiaz@alumnado.escolapiosemaus.org:z18g94
laelson.clemente@mrs.com.br:LA2reth@1979
nkanyiso.ngcobo@gppos.net:Nondumisoskhosana.2017
apsara.adhikari-2@myaccor.com:Dubai@123
tecnico3195@cec-chile.cl:Tecnico.po
ubo_290@office.dlit.ac.th:pass@word1
128186@wylieisd.net:TTigers.8
gustavo.figueiredo@docente.unip.br:Koc97119
aditya.mmx@micromaxinfo.com:Kishan@Aadi
dgreenwood@tru.ca:Ve7kdgVe7kdi1947
it-jordan@helal-group.com:Anas-123
mario.siahaan.21220113@student.lentera.sch.id:Teguh2021!
aabdusalam@hamad.qa:Zizang@2024
blaze63.bwp@gmail.com:Dannyuiop1399
70:iraven11
sisaac@emaar.ae:Social2+
myqadmin@almouj.com:P@ssw0rd
ivf@veggitechint.com:asim1234
admin@santosseguros346.onmicrosoft.com:2497622648753Rss
admin@becp.onmicrosoft.com:Bhilai@2023
mathis.a.dada@gmail.com:Assya2017
jonatanvasconcelos@aluno.uniateneu.edu.br:Ateneu@06103098386
vishalk@avnallampalayam.onmicrosoft.com:Amrita@123
445028005.edu.eg:Std#040922
caterinai@italiagaseluce.it:Cat158%@KY
ZackDaDon:Hub33818
sp22-baf-018@cuiwah.edu.pk:7405-725
souhail.rahmouni@uik.ens.tn:Carna%0
ikumanova@unwe.bg:chochi_kumanov@95
d.mcelderrywilkinson@verisure.co.uk:32Monksparkwayne128xe!?
16fordch@oaklandscatholicschool.org:lenovo12
gk.yumbos@uea.edu.ec:Shandia2023.
x202110667@cibertec.edu.pe:Julcas_2020
468342877@monofeya2.moe.edu.eg:Std#031025
nojpuj@kg.vgs.no:Znbujdmr064
anamendes.pinheiro@kroton.com.br:Crossfit@123
spons:Blacksad12
c1900164@cis.edu.eg:momen1234_
pablo.martinez2@ulatina.net:Cqskjo22
mazo2292@estudiantes.edu.ec:AsMaicol777
fransantos.org.br:FrannSantos12345
a.alharbi11@riyadhedu.gov.sa:Abdallah123456789
luiseduardotjsp.jus.br:legabidu2709
jeremy.kerosi@jawabu.onmicrosoft.com:Dopejk123
diseno@signumimagen.com:Gug84433
494712409@fayoum2.moe.edu.eg:jefzmqvt
senio.generoso@bugbusters.com.br:OBusters#94
baleshwar@techaheadcorp.com:bsc@101188
harishtomar@iffco.in:kartik@1998
9225624311@cantho.itrithuc.vn:Abcd1234@
hanna88@sulid.hu:hanna8888
bhawna.mishra@coforge.com:coforge@123
453675312.edu.eg:Std#060820
mesafplc@hot:Pyarricur123
s51420@edu.campus02.at:Rocky1501#
0518591@students.dadeschools.net:012308af
global@wandtke.pl:Gy63j!@90
ehasbun@esuaca.ac.cr:Hus72228
e24240757@miescuela.pr:Crespo5356
454388225@dakahliya1.moe.edu.eg:Std#000000
2000115058@fcstu.org:6222010
aracelyac91@betelcs.edu.bo:BGdrn891
rubioplaza.rub@botiqueria.com:plaz7896
sertac.topal@microsoft.com:doW2KSEap98kuy
s2051510685@std.aou.edu.eg:ahmedabbas302#
silvia.tormo@gmail.com:Miratasellamajacho1.
0030732@sesi-es.org.br:Uruguay402
behnjamin.bonello.f33047@mcast.edu.mt:poRxer-mogri0-xucqyq
10848126@mylife.unisa.ac.za:Thatego22
5711610@hcps.net:b03252009
405775@qualificaepvc.pt:Don025209576
navarro.consthanza@gmail.com:Conisofia2001.
onamade.o.elizabeth@edu.lagosstate.gov.ng:Welcome123
t392017@jg.moe.gov.sa:T2772t@#
isabel.leyson@resultstel.com:December121981!
tadeasnovak@zsmesteckralove.cz:LuluBrichoun
engenharia1@vitisaconstrutora.com.br:engg@15wf
jlolas@miuandes.cl:Jorgelolas1
30011563@sfcollege.edu:Kolumbas3214
late:FECODE2020sindicato
overexposure@oppoz.onmicrosoft.com:p5dsy6@qV@rinN3
448077410@kafrelsheikh1.moe.edu.eg:Std#060817
nicmandkasse@outlook.com:2305Cille
ac52406@assumption.ac.th:djEwxvRWZUb+6OjwD8rBPVnvKEQwazTqDA9nTkYLtiMUtzuX4T0j
85469@54638.onmicrosoft.com:Rat75791
r2016104609@feuroosevelt.edu.ph:Xariskadesh2108
pk.209402007@muj.manipal.edu:pk_123@890
maridaniavargas2402@gmail.com:harold21
482141066@matrouh1.moe.edu.eg:Std#111111
j103@365i.team:A55@l@mu@l@ikum
fajar.ari.sandi.arifin.smais@sekolahsabilillah.sch.id:smpis
msse2003@pieas.edu.pk:169078a@
444960952@giza5.moe.edu.eg:Std#030310
gIueppARoleo@arcor.de:V61$2106H
13159155@modelo.edu.mx:procesos98
459585924@qena3.moe.edu.eg:Std#080101
fc-saad.benbella@uir.ac.ma:Benbella_-_-17
dlequernaque@iberotec.edu.pe:1212199176jN
452576747@fayoum2.moe.edu.eg:Std#060201
marketing@cultura.am.gov.br:M4rk3t1ng.2022
payth1830180@etu.cegepjonquiere.ca:11081997
m12089082@ca.mg.gov.br:Lr180706*
brilianaainursafira@sman2kudus.sch.id:Camillo86
clarice.cunha@eneva.com.br:Eneva@2014
angelicadin@kampusreginapacissolo.sch.id:Miekuahenak123
alexsilva.n@hotmail.com:A@04583090366
e00000295325@aliat.edu.mx:barron809
finance.solo@rimaabp8.onmicrosoft.com:FinSolo100%
fabio.queiroz@fiberx.com.br:827096aaA$
820201604006@mutah.edu.jo:Dreyy@3559
shavedfaisan:[NOT_SAVED]
3339935023@hungyen.itrithuc.vn:N07m41m4n
glaijo.jose@contractor.tatacommunications.com:Tata@321
PuzzleJoinery@puzzlejoinery.onmicrosoft.com:Nicholas1908
455289729@qaliobia2.moe.edu.eg:Std#050321
ohlidal.josef20@gymnazium-konice.cz:Fantom3298
daniele.minciarelli@studenti.unipg.it:Daniele2001
s9562636@hb.moe.gov.sa:Ateeg4500@
muhammad.7746103@talmeez.pk:GithubPack@123
administracion@130heroesdelcenepa.edu.pe:Cenepa2021
kamille.domingo@welcomeworldwide.onmicrosoft.com:cp719kd!
rongdo54711@jclown.me:LongMai2418
z225901258:lo
emanuele.collovini@itzanon.onmicrosoft.com:Uls1940@06
w1851@365office.site;CMEnemo123;https://login.microsoftonline.com/common/login
bdidou@poitiers.iae-france.fr:Ned-37300
wajih7818001@jatengpintar.id:Abiathamika78
00102201000651@carmelschool.online:Mah74178
216015747@stu.ukzn.ac.za:Zikhona1001
s3395602@asrb.moe.gov.sa:Aa2316977
bengoa.joaquin.13938.py:BEN561834927goa
aycordobamo@unadvirtual.edu.co:1007600311Cc*
marketing@ss-mx-1.xyz:F224SDGz8b
452583020@assiut3.moe.edu.eg:Std#060308
jpoirier4042@hwdsb.on.ca:3blanKing
msft7069@myoffice365.site:Nigtay626
s7952313@asrg.moe.gov.sa:Aa1020304050
1902527@sit.singaporetech.edu.sg:Farhan261
djalmalf@3yp037.onmicrosoft.com:290319701998-dlf
120210722055:56106
s2445183@mb.moe.gov.sa:#Qw_E12#3
eder@impactorh.com.br:Fatura19'
101013@rgsgq.com:Aba55811712
siddiqueagsert@sky.com:42336P__An
sbarcelo@amsarg.onmicrosoft.com:Hog46645
toufikemam@hotmail.com:toufik#777777777
jml025@student.usc.edu.au:VaBr8696!!
ksrikakulapu@synamedia.com:Neeraja3$$9$$1
sanele.ngobese@worley.com:Mazwenkosi@30
csc17s080@stu.smiu.edu.pk:smiu@080
2438897798@bacgiang.itrithuc.vn:Ntnam.6aashfdynfuysdvgyh
xovers@hotmail.com:rck15JUN1945
2518809@behera4.moe.edu.eg:Reda@#2000
heitor.almeida.2020-cscjf@redesc-alu.org.br:Heitor2010
mina@bmulift.onmicrosoft.com:Polapola1!polapola
bernardo-kramer@procergs.rs.gov.br:M3t4tr0n
l131156974@taalim.ma:Xuzs9519
marius.bobleaga@s.unibuc.ro:%'5/2wF3P$%a-/J
100035363@ucientifica.edu.pe:Dam75470
borys.skorka@sp1s365.pl:Kzzk1122.
carlosamaury11121@learn.flvs.net:416Norzagaray!
bi286945@epsnj.net:BI6945
kotchamon.t@muangthaiinsurance.com:Kotmilk2711
0205892@feevale.br:097531
t06u1411@andrapanchyat6.onmicrosoft.com:Tan60209
458206286@sohag2.moe.edu.eg:Std#061101
dylan.cole@stu.grant.kyschools.us:Dc6364
rohitdesilva@gmail.com:Kannan@97
453903978@cairo2.moe.edu.eg:Std#060916
tiku3104@student.harmonytx.org:Hps08072006
a8.f11@pintorjosemariafernandez.onmicrosoft.com:Saj92385
487300486@fayoum2.moe.edu.eg:Std#060101
colella.luca@studenti.ittmarconipadova.edu.it:MARKU87.2k20
vendas@alpesautomacao.com.br:Alpes24@@
0164165495:Naidu0164165495
swojtulski@sp-mazowsze.pl:Szymon1!
s131165713:Vlkeb6484
neetha.gshenoy@manipal.edu:Mds@2019
fsbicspm2221440@pgc.edu.pk:P2221440XVqw
@soldierchristy:astro23
haleimah.mohd@etihadwe.ae:Happiness_Ahead_81
robinsons_magnolia@periperichicken.ph:RMgarcia13
tvaliashvili.mikheil@students.gov.ge:misho8848
pcaviedesn@cc.atentoperu.pe:Alertas2019
duah03@osumc.edu:Kwaku143
william.karanja@crownpaints.co.ke:Crownpaints1
wajid.hussain@akesp.org:Karachi36
jony.dlg@dekkolegacy.com:Jo7975nY#
paul@apcorey.com:PCnhq09!
445223419@giza2.moe.edu.eg;Std#040602;https://login.microsoftonline.com/common/oauth2/v2.0/authorize
solange_orna@usmp.pe:Campana2005
mehtam813@gmail.com:Xdrty&65
c.aionesei1@unimail.derby.ac.uk:Astalavista1
staff@accountency.com:Numbers5084
hanan_muhammad_bs21@iluv.ums.edu.my:020722600058
2373240150@hpn.edu.vn:Hpn@23022005
mariav.d@datanalitica.com:-04143444771-mv
rahmhbanyessa1@gmail.com:2000011726
286349.tcs@csn.edu.pk:PleaseStartWorkingProperly.0
must1fa@must1fa.onmicrosoft.com:DIAMOND#9977553311
465233068@assiut1.moe.edu.eg:Std#060915
dacaballero@uade.edu.ar:WebCampus23
51883201.ac.za:loloal
emersonpcv@planet.nl:Q0669aSim
roman.molodykh@teb.edu.pl:Jackers30
mateus.carvalho11@fatec.sp.gov.br:'Angelbr123
s.costa@msbdh-ke.de:ASASAS133!
volovikol@sphk.ru:Naq30690
s6735449@asrb.moe.gov.sa:Haitham2020
456505370@monofeya3.moe.edu.eg:Aa#1234567
marcsalvador@mataroin888.onmicrosoft.com:Mataroin8080
jkhattab@nms-kematen.at:45WuXeFiSePi
kp240198@outlook.com:@K240198e
cristina.beloti@lifestyles.com:@Blowtex01032023
cristianal.torresm@alumno.msev.gob.mx:D3xt-t18
michelle.quiroga@o365.unab.edu.co:Misiontic2022*
githublover@outlook.com:Reekid!224
r130095784@taalim.ma:opse9907
suriyekart@agiiletisim.onmicrosoft.com:Fcbart123456@.*
1346768@senati.pe:Armanderelcrak01
leraajr@students.national-u.edu.ph:Princeblueempire12
yassine.azhari@teggianocomprensivo.onmicrosoft.com:nhwikonhwimok123@
paul@virtualhumans.onmicrosoft.com:Iam@3113269
e1316256872@live.uleam.edu.ec:JazzeSantiago17
stefan.gavrila@lispanciu.onmicrosoft.com:Gstefan12
118351.be:Steffien_01
2216449@leedstrinity.ac.uk:pkKrA@54EnJJ
info@credence-cuisine.ch:PriNt!!23
d.alhaddadein@gju.edu.jo:uahHEB$983
q:Truongthuy1983
b2tbunting@rmet.org:jupiter16468
chayanan.ko@myshop19.com:Chaya1122@
u22238847@utp.edu.pe:159646
marcel.fabian@noris-group.com:CeliaJoleen#987
u22100985@sharjah.ac.ae:T2ren84Qo#
lutfi2131158@itpln.ac.id:Gag260803
81175592@reinadelasamericas.edu.pe:Liliam13
119270329@est.mep.go.cr:GqBo251427!
37112821:gc@88888888
5445599@hcps.net:5445599at
aaguilera@redbridge.cc:Aa2020**
e_2020100099d@uncp.edu.pe:NGts2003
1870006275@binusian.org:22112010
pasine@lee-engineering.net:A97531pat
457896495@behera2.moe.edu.eg:Std#070916
toets@cosmedent.co.za:MyPaSSWoRD1349#
timo.duppka@osbernsdorf.onmicrosoft.com:$93eFffAfGE
danalysispk@psi.org:Aa123456
myles.hulse@studentssd.org:9216390
a2152@aecm.edu.pt:i8boguinhoS
administracion@mcinnovatec.com:Kuq80001
6161374u@szkolamragowo.onmicrosoft.com:Xuv93407
sakonwach.m@frasersproperty.com:S@064004
rayzhang2031@slis.net.cn:Sg@202207
aymane_benazzouz@um5.ac.ma:Hawhawhaw55
462739785@fayoum2.moe.edu.eg:Ahmad&1234
409213048@bethlehem.edu.ps:Razan@123
jchave4184@episd.org:EPISD#547945
dynamicso365erpadmin@gloworld.com:Faka1314
mauriciorandow@escoladotrabalhador40.com.br:Mau6023182063*
yoiner.jaramillo@meduca.edu.pa:Sigel0120
255222382@ecampus.ut.ac.id:D3wi@n55
baroro.354552@batangas.sti.edu.ph:09351331592Dave
alvarofe00@educastur.es:Alfe15112007@
plpiwaan5430560@estudiantes3.edu.ec:MARiapincay2020
662998421@aths.ac.ae:WGS2WGS_
jasonkeefe.facinal@tup.edu.ph:JAKEvargas825
guillermo.manangon@educacion.gob.ec,guillermo.manangon@educacion.gob.ec:Educar2022*GM
mohamedtayeb.oudjet@cevital.com:CevitalPoly2786
407903280@gharbeia4.moe.edu.eg:Std#030104
218119321@students.nust.na:98745
dcastillo@credicefi.com.do:Credicefi2021
christian.michaud@my.ucdsb.ca:Mar2022
jonathan.barcenash@my.unitec.edu.mx:codeina420
mastercode_s490@mshkschool1.onmicrosoft.com:MasterCode@2021
l20071024@cdmadero.tecnm.mx:Aguacate117
eurecca@rwolsza.onmicrosoft.com:brukbet246!
k.kubis@euroctiw.onmicrosoft.com:Cot57845
ojambo@thutonet.ac.bw:lss@2023
alberto.sabandoga@ug.edu.ec:Espartano300
ramilbasa123@gmail.com:eE@kHiAnbRypX6n
franvillar00@gmail.com:959337955LOLASG
gerard.montalbo@ready2xecute.com:Gm@021870
juba.larbi@ad-connect.fr:Sony1234.
indi4.0@sig.id:sig@2022
17pmn01805@aiou.edu.pk:Mksy0476
kehixel246@o3live.com:24529080Go
snaidermhs2003@gmail.com:Snaider2003
victor.espinoza.b@estudiantes.iacc.cl:vitoko1990
dm1026.rcsam@rivercityscience.org:Dm102694
cmgualteros@sena.edu.co:Colombia2022**
asistente.it1@poligrow.com:colombia.023
rlarriola@correo.url.edu.gt:Cagando01.
toufik564@topbdfreelancher.onmicrosoft.com:toufiqurrahman564@
458753373@behera2.moe.edu.eg:Std#070901
a33719@365i.me:Venemo471959*
r.varduca@gymnasium-taunusstein.de:LeaLOL19!!
santiagoalain.gomez@bachilleres.edu.mx:SAGG3010xs
kriv_dt13.org:BAracuda1234
SOL_SNOWD:SANTIAGO12@@@
wiranachina@wirana.cn:wirana123@
amandacruz@treinamento435.onmicrosoft.com:D5!$yHG85t$.#j
vikash.11809908@lpu.in:20COMEr70Currer
olivia.luo@pc.ola.org:wps5d223
492000139@ecu.edu.eg:Salama1692002
perronjb@orange.fr:20Fev1977?
201912052@stitek.ac.id:Xan62353
tbablani@hallenconstruction.onmicrosoft.com:6316176119Sahil#
m.salem@el-seif.com.sa:?
rajveer.latkar459@deccansociety.org:Neelam@123
453851925@dakahliya2.moe.edu.eg:Std#060520
dcsg_6312@nube.unadmexico.mx:.7418529dd
jn.torrealba@uta.edu.ec:Jnt125_820
jannia.gamarra@correo.tdea.edu.co:PuchiYer2003
ecda:Emma$2054
sanhe@sanhepay.onmicrosoft.com:Sh168168
namig@myoffice365.site:kezeq?99
duc.chunguyen@vvdntech.onmicrosoft.com:N.620465680862uv
h.abdelaty@nu.edu.eg:2610@Kak#$
isabella.gonzalez80@meduca.edu.pa:Quvau8889
bpm4.telematica@pm.ba.gov.br:Sqt42024$
atif.kalyani@eternussolutions.com:Espl@2022
216-oes-19@sonsecompassos.pt:#JeremiasMoisesDavid#
villegasdaniel248@gmail.com:Gab54261
UNKNOWN:Smt1234@
Anton.Taljaard@aecom.com:samor45@!S5086087
jofa@3wbm01.onmicrosoft.com:Janeco-15071955
admin@nirmalartsgallery.onmicrosoft.com:Nirmal@9848744321
tan0031@fountaingatesc.vic.edu.au:Rugby7s
sala303@ekonomik.zgora.pl:JwL12262877!
mustafamohamed87727@azhar.edu.eg:az@66308371
manoshvili.mariam1@students.gov.ge:manoshvili.mariam1@students.gov.ge
im50176383@edu.mon.bg:14042008Fr
auttaitthirat_l@su.ac.th:Sseven72oo
kloo1@student.newman.wa.edu.au:Comply698
8120760@vozaanstad.nl:SennaF11994
450359039@cairo5.moe.edu.eg:Std#051214
ommo787@hotmail.com:Salim787
xxnamess3ii@gmail.com:Ahri20holly
sigitputra1234_53@edtech.sch.id:12345@Sigit
aforman@hilton.k12.ny.us:Namrof22
sammy.talaa2016@campus-eni.fr:Onche349600
hannah.s10_oos@gemselearning.com:sap
s2172899@jzb.moe.gov.sa:Mmm1234567mm
210513859@ogr.altinbas.edu.tr:4=76dveajM
20180952@hti.edu.eg:yaseenhassan151066
carmen.ortizc@educacion.gob.ec:Virtual20231*
98419@alex1.moe.edu.eg:Emp#720103
mendes:Mendes123
4900469@formacao.iefp.pt:iEFP05041990
user019@netorgft5617186.onmicrosoft.com:Luya5089Luya5089
74ma22007415@campus.economicas.uba.ar:Marcela2021
unknown:%@NLpP,,Hprdr3c
samia.fahmy.eg:Yuh24052
smtp1@cutiescourt.com:Gup05130
danielrocha_696969@hotmail.com:@11276283@Dd
300375@r1.deped.gov.ph:Fisheries14344
25aospina933@hempsteadschools.org:PigStep69
ayoube-2022@zrfnj.onmicrosoft.com:#Ay46ub89*1234567890
s9725266@mkhg.moe.gov.sa:69P@s70sW0r2578
hoda.301703@t2.moe.edu.eg:egyptM@e301703
455952970@behera3.moe.edu.eg:ENC893*_djEwpDkMt4NJGioNCTpqXzNL92awV4Z/vBFGJxtCrBHhRt3iW/Qg8ao=_0Gtkz9eWJBbS8ywK7QJvIX42l3I2GaBmkQbWV67PDNc=*
T213070800828@moe.edu.kw:1027510275Hh
mbr104@francis.edu:Cayman2368!!
ihernandez@itsch.edu.mx:Blink1822483035
power@123:Robert#123
472755848@cairo5.moe.edu.eg:Std#040628
carloscharone@ceapg.com.br:ead2020#
604239596@cdi.college:@Mango2012
20200258006@ogr.akdeniz.edu.tr:Feyzi4107
juniormen.12321@gmail.com:junior.masna123
alois.phiri@alliancemotorszm.com:july@2021
9922446773:Reshma08#
rardila82@soy.sena.edu.co:@11478963258Plijy
45301@twgs.qld.edu.au:Katebowow123
jakub.cvejn@zssolnice.cz:125Kuba6
200099337@aluno.unb.br:OAMP1776
nathan.herrera24@ycdsbk12.ca:Nh1127866
lourdes.barragan@educacion.gob.ec:Mary2024*
Karlostuestadgk@hotmail.com:Kt@769590
adam.wojda@hyd.agency:g*zjs&7sy9xz42S
minhphat.2109@linuxteamvietnam.edu.vn:Leminhphat21
nicolas.velasquez@unmsm.edu.pe:Vallejo13love
aidan@alpinesalmon.nz:Qow14717
src@soffice.mmu.edu.my:Cyber_Melaka_123456
groliveira2.com:Finalfantasy2020
9932896206:gioneep5l
rashadkrmsd800309@krmangalam.in:Row43443
deepak@entechconsultancy.com:dpk_2023
andrew.carr@cecstudents.org:BLueyoda09
galvarezo12@outlook.com:Ga94J1P3
kevingt87@educastur.es:Kegote87
guclu.service@gmail.com:1s4b3ll4
5742-lavish@dealer.royalenfield.com:RE@12345
filipopolski@spwasilkow.pl:Zapalki22309
l.fajraoui2304@education.qa:Chahoutmk2007@
nisht170102045.in:Nn19891999@
dhitaljiban@vac.edu.np:jiban@123
118553180002@r7-1.deped.gov.ph:8000217@Ar
ncmom@365user.net:Spiritualgangster77
20617@leerling.huygenslyceum.nl:Julianvdw1313!
202401499714@alunos.estacio.br:081887@Re
marta.gadusso@hsanmartino.it:Acquario1234567
mohamed.elhyaouy@taalim.ma:Spopovich@86
910177@sharkia4.moe.edu.eg:Emp#621110
bruno.damin@fabioperini.com:Amor1305*
hiecwman@wanadoo.es:ybci1987
jeancarlosp10@aampetra.edu.ec:JeanP123
sjean@mercyhomeny.org:Events2025!
d.miliziano@attrans.com:Nad14882
dario.farnesi.s@iclucca4.edu.it:Rimapidagi7679131518!
heidiong17@gmail.com:qj0grpgkcpal_9j
h1910068@nushigh.edu.sg:Lerbin123
zakirubc@gmail.com:sadeedkm@123
sevval.guz@istanbulticaret.edu.tr:13610851870
160928.ec:Eliu2005
akreuwel@vrfryslan.nl:Haaksbergen9
2187073@mec.edu.py:Monserrath02
20000554@bfusa.com:minecraftmeN1#
m13130@365pronow.com:PONGphon99@@
a14282@aecastelomaia.pt:@9Felix13
Aldn28@outlook.com:Tree1234
jebeclaredwin.omandac@wcmanila.edu.ph:JBWcm@2021
s45436@student.umt.edu.my:Zarulsakai97.
sam@ramjet.com:EM5008
andersonj4@students.westerntc.edu:Shelbylynn12#
surawitc@betagro.com:Srw@123456
narendar.tanwar@my.tccd.edu:@Advanced9898
mrodriguez@dos.com.ec:dos.2018
cm.zambranol@uea.edu.ec:1977Czamuea
487126862@dakahliya1.moe.edu.eg:Std#090325
ruqaya_k_naser9158@moe.bh:Rkae01410
noe.cruzp@my.unitec.edu.mx:1Lanakrk!
valivali67615@sman2ambon.sch.id:Val10054
s6313011620136@kmutnb.ac.th:anna011061
364784.tcs@csn.edu.pk:Lahore@123
b2137@a.s365.lol:F1f2a3a4
milos.tosic@buildarocketboy.com:Rudji23@Dasa
453917603@qaliobia2.moe.edu.eg:Std#306090
84407@aegv.pt:Pipoca_00
g130685920@taalim.ma:Qrua7977
pbarkovits:Szelloutca52
tranvanhuu@humg.edu.vn:HUUTHAO@17189195
tanvirakash.arr@outlook.com:517843062Arr
457563093@gharbeia3.moe.edu.eg:Std#070204
miszel.zmudzinska@zsppaterek.pl:basiaijacek_6
euroeximbank:Ras@663366
jennifer.dematteis@studenti.unisalento.it:Irenecosta20.
s8552815@asrg.moe.gov.sa:Knour13613
danrley-alves@bm.rs.gov.br:Showdebola1519
pantiquera20200026@team.acquirebpo.com:123456
acruz@unfv.edu.pe:Cmatematica3
badakgil@hotmail.fr:Dragonballz1804
saleman@docentes.uat.edu.mx:Uamra2019
468368582@kafrelsheikh1.moe.edu.eg:AnEwnifmomp1
farasha.g20773@iqra.edu.pk:IugC@1783
alexandre.souza@solor.com.br:@1A2l3e4x
jeffry.treminio64u@std.uni.edu.ni:Xup37753
sphillip0050.net:Blessed5
milan.lovasz@umszki.hu:Mestermc2015
hu20089582@wipro.com:hu20089582@wipro.com
smaat111:Vhld44266
20100205@hti.edu.eg:modynely10/12
v_pritchard21@hotmail.com:Liam2525?
fadhili.muhindo@stu.ocsb.ca:Ferrari162
s1861634@mkhg.moe.gov.sa:HM6@qwer
oliver.bagnall@walton.staffs.sch.uk:07722731523
455777274@fayoum2.moe.edu.eg:Std#070617
486208592@qaliobia2.moe.edu.eg:Std#051114
info@nsconstruction.co.nz:NSCon@2022
jyothim@genesisintschool.org:ranjay@10
s2469937@jzg.moe.gov.sa:Hh123456Hh
a108@msoff365.space:!Dkemf0824
453770536@cairo2.moe.edu.eg:G6q25328
umesh-s@hcl.com:evergreen@44
ahmed.abdlla.2023@aiu.edu.eg:Lujw#ty}7y
21075037-weds@apgsws.onmicrosoft.com:Wedps@37
4611070841115@outlook.rmutr.ac.th:gnt-0000
sd007799422@mec.edu.py:1998ramirez
muthma'inah:2021023610
almallas@shernet.sheridancollege.ca:Safa.celine11
123csgoroll123@gmail.com:vzxdPZBS2711#
r136702005@taalim.ma:Zckg5187
valentyn.kovalchuk@wsiiulodz.onmicrosoft.com:Ml24081993
0000465810@aiou.edu.pk:Jvym6724
s8141514@asrb.moe.gov.sa:tt1122334455
admin@pollyrubber1.onmicrosoft.com:Polly@2021
kobe.sanchez@alumno.buap.mx:Hollow31
tps.vii.rajnihindi@tagoreacademy.onmicrosoft.com:aggarwalji@84
3201911995.eg:ABDELRHMAN2017MoMeA
sandgomez@tesla.com:Delicaterose1
jonas.nascimento@quality.com.br:Rb541218@
RND0110461@FET.JU.EDU.JO:Uoj@20971
444680933@gharbeia4.moe.edu.eg:Std#040807
23411070190294:10042008
it.tanzania@kalisia.net:May52251
stu5020387@dpf.edu.lk:Soc97530
mikegabriel.delapena@rockfortchristianacademy.ph:RCAstudent$$$
hanjirsalma12@gmail.com:0664032205
timujian2021@smknegeri3banyumas.sch.id:*
anserna@mindeporte.gov.co:Julio2022
emreizmir@reseau.ispa.asso.fr:Donccgrave45
202312537@souunigoias.com.br:ga121212
sanjay_007:Sanjay@5103
552272277@kafrelsheikh3.moe.edu.eg:Std#252222
alex@quadribot.com:BlkSpider*20=yo
mirco.pescatore@ptvgroup.com:Marzo-2020-!!
469562276@fayoum2.moe.edu.eg:Std#090905
asifatalharam966@outlook.sa:saleh@100
timeoffice.tirupati@neolync.com:NL.tom1@2024
hsbliu9@liverpool.ac.uk:Qazxcvbnmko-1994
kayleekuijpers@edu.mondialcollege.nl:ywfxfwzm
antonioaznarez@hotmail.com:raf27-419
micco8109@gmail.com:Sweatergang5!
1420519@dakahliya1.moe.edu.eg:Emp#680610
imprensa@policiacivil.am.gov.br:pcamai2020*
202001536949@alunos.estacio.br:Lua202016
ma.marv20@edu.hak-villach.at:ASKfischel2122
457624167@alex4.moe.edu.eg:Mm#2222222
nbiskupska1@zselangiewiczakielce.onmicrosoft.com:lucek123.
johnpownall@redeemgroup.com:Redeemkimmi262466
466181550@minia1.moe.edu.eg:Std#090808
ceciliabarba88@hotmail.com:misa88088809
s9851278@jzb.moe.gov.sa:Aa123456
natasha.llanos@ucen.cl:Teamofamilia13
alumno012@smprovidencia.pe:Mariajesus84
geetha@wesleycollege.lk:Ge600119
omarpopoca@comunidad.unam.mx:.sangreazul
5211437@hours,edu.eg:619527
es-mahmoudr.ragab2021@alexu.edu.eg:Fog02292
dan_g@promptingpeople.com:States.Placements.1
opns.babyco.hypermarket:SMRetail2019
thuannd880888.t88@lmsquynhluu.edu.vn:mk#8bthuan8
estherrm02@correu.fub.edu:sime9058
mal8055@365office.co:Jokept453ds
debojeet.shah@ais.amity.edu:@3F12BB1S
juanignacio.gonzalezpersoglia@ucine.edu.ar:Yeso1245
8888889:88888888.COM
ton2301@escoladotrabalhador40.com.br:Sdckk9y.
baaddi.tarik@taalim.ma:som2227136@
17278315@basecollege.in:guru@123
424361160008@r4a-2.deped.gov.ph:Hon06255@nlca
11920118871@alunosmaristas.com.br:m200@04052007
arman@lenax.com:Western36
ayman_mohmed@music.helwan.edu.eg:Ag50823922
nescel.tolentino@gmail.com:Godisg00d!
francee_redi.com:Francee1s@liveagain
sleh:CALLplus2020g
stu1672@misdoha.com:Karun1204
6661230076@untirta.ac.id:Jawara01102004
s:secchan76
braulio@titayage.onmicrosoft.com:B1r2a3u4s
gverag@it.ucsc.cl:gioAlexis97
s8494101@rg.moe.gov.sa:0P@s97sW0r1482
ankur.dutta_kt@external.swiggy.in:Rj}c6nZM_gu
453987679@dakahliya1.moe.edu.eg:Sud#051201
victor@licenciafamily.onmicrosoft.com:Bizarro1981@
edscarlett3@outlook.com:Edza77277277
mflstudent429@eschool.ie:Wwetnaecw1
raczagreb@d1913.rotary.hr:D1913-hr4$
tn051246@firstbanknigeria.com:Ola-0503
guido.gonzalez@mec.gov.py:Jok35708
ardianyogisaputra@students.undip.ac.id:Majum4p4n#
lsunbul@sabis.net:#layal@2016
cesar.diaz@laviga.com:Joaquin2020
2171320017_smkbdg@telkomschools.sch.id:SMKtelkom-2020
ceinnova13718@innovaccion.mx:Ickkcki3p2
parslia452@bwdsb.on.ca:PAli1452#
sarahann:luann@80
1392797@aluno.uniasselvi.com.br:M@49626167068
alan.castillocntr@uanl.edu.mx:Castillocq45
202251067@uopstd.edu.jo:EV20en05
zihao.dong@ucdconnect.ie:seer.86352400
gkwilson@uncg.edu:Ifthisismylastnightwithyou@2024
204032@student.creo.be:Blacksam59
g132620514@taalim.ma:Jsys5718
450689591@sohag2.moe.edu.eg:Std#010101
consuelo.padilla@educacion.gob.ec:Misamores3
lpv@mollerdvc.cl:Ced@2023
desiree.andilab@deped.gov.ph:12mMSLORECHE
zander.hall@sinclair.edu:Brutus12.ZH6886
fcruz@ogorman.com.mx:@HelpDeskOH23
suwapa.ple23@preedavit.onmicrosoft.com:0822912968Pp
25471@colegiomodulo.com.br:280912
ruslashraf799@gmail.com:R.A12377#0
thais.pereira2000@cs.cruzeirodosul.edu.br:Tatah2000!
alhujjaj.com:K7waptrickdot@#
porchette@porchette.net:**80022224925E**..
andy.jin@learn68.ca:picnic12
agrudiwinarto@usd.ac.id:Ranukumbolo_1984
daniel.sanchez-al@uniminuto.edu.co:D28798938d_
20160254@unapec.edu.do:Quierohelado25*
467007473@gharbeia3.moe.edu.eg:Mh1234567#
mihalceanu.ad.eduard@scdingeni.onmicrosoft.com:3zsvC5XNtmm6S
marciovargas@fedex.com:Mrmv2023
71814430@bryce.edu.pe:Cug71275
huapayamartin0@gmail.com:terracargo
mk49946651@edu.mon.bg:Yah85294
melek.ugur@std.medipol.edu.tr:BenMELEK7890
36j2226@ict.edu.om:S@Ozr934
Exaltadostore23@outlook.com:Seguridad23*
nayeliesuter@dplcfi.onmicrosoft.com:chess_grade5
bjorn.tielen@student.nhlstenden.com:Minimas1313!
basemfawzy@powerbimaster.com:15101902Bf!
lp.christian.tambo.e@upds.net.bo:manestaestucontra1234+
szabo.aron@deakgimi.hu:Szatyorvagyok01
462339289@minia2.moe.edu.eg:4@Shirry&y
thomas.crelerot@lycee-pierretermier.org:florette38CR
a20657@aeperodacovilha.onmicrosoft.com:Sporting1906
451372000@minia2.moe.edu.eg:Std#050504
calimbp@outlook.com:SALIM&MIEA-85
e35246490@miescuela.pr:Jjoo12345@
hem.sela@clecambodia.onmicrosoft.com:Duy99359
karoll.ruiz-h@uniminuto.edu.co:Karoll.2001
f132286116@taalim.ma:Nyol1271
3449989@aluno.uniasselvi.com.br:F@06516310254
creativ3lab@outlook.com:POWERstroke7.3
lamk1@rokstu.catholic.edu.au:Welcome23
dumlan.106627@munoz.sti.edu.ph:Foh30149
tahdiaz@uade.edu.ar:Tahiel21101
admin@geaind.onmicrosoft.com:@G3p43d1@l
boliveira@neadvance.com:Hov73516
al14495_joaosantos@aeresende.pt:Joao321.
saadhashmi@suttongrammar.school]:queen559
ian.hickin@925foxnews.com:Space2003
agoneto@tjba.jus.br:bot626***
sah018@student.bau.edu.lb:S1haidar
nkjadeau@inbox.com:m_@y20807
giank1221@estudiantec.cr:Sky334545
ee_12306800023201@sedcordoba.gov.co:Wilmar730314047
admin@kayahealth.com.au:Greathealth$101
erick.aragon.46@est.ucacue.edu.ec:Araagoon13
sneider.alzate@gobiernobogota.gov.co:Bogota.2023*
20163654@student.centralbeds.ac.uk:figureof8
nadiagacem@outlook.com:Azerty200@
dieickson.barbosa@sambalogistics.com:bestten.2020
uo277609@uniovi.es:Chamorro12
antonio.dasilva@progen.com.br:Pro@2020
claudiu_andone@windowsreport.com:Comandment21435
00309765@red.unid.mx:Talango94
dinmukhamed.appazov56@academia.kz:LATITUDEe7450
maribel.quimora@r4a-2.deped.gov.ph:Rosedianne31
352531.tcs@csn.edu.pk:covid-19
mohammed.ramjan@newvision-software.com:Mohd&1234
contact@djassurances.com:Azjkn456
jmarkhulia@ombudsman.ge:Ombudsman21#
ushakiem@365.telkomuniversity.ac.id:Gigi@kuda123
huytruong3646t@student.vus.edu.vn:vu$@9957
61498@vip.of365.win:Ashnawey29
457963721@monofeya2.moe.edu.eg:Std#070615
mikolajnawracaj@cezstalowawola.pl:DVRSgs009.
n12556@ioffice.site:GFernandes11061995
zfikri.zubir@gmail.com:Zulfikri18
a4619@aeag.pt:s3hui908
jamilhalti@bytehubsolutions.onmicrosoft.com:Karachi123@
darwin@cedro.org.pe:Emprendedor#2020
michael.socolich@woodplc.com:Wood.2018MS
naeem@4-you.cc:D@TAshare2021
708491@cognizant.com:May@2020
411660872@kafrelsheikh1.moe.edu.eg:bolat1can
a.pisano5@studenti.uniss.it:Pomodoro11a!
e139128672@taalim.ma:Fmzu2058
abojammall2020@od.wulel.com:funda1990
andrzej.czak@office.zstu.edu.pl:Nerrfi2006
gsolorzanoo@est.utn.ac.cr:1213Hollow.
ganty@sahiltelecom.onmicrosoft.com:Shady888
r.seguin@pharmagem.ph:Alphaomega1975!
thitiwut.pro@live.ku.th:Dew0988328820-
solborn.balawas@carc.pshs.edu.ph:Solbibo09485358187
venicewadwadan@gmail.com:s#PrA9Ca?/mGk2H
lilly.rosemback@gmail.com:AW#se5DR%ft6
elhoussaine.aabour@taalim.ma:A0670487282E@
468721741@giza6.moe.edu.eg:Eyad82009%
987909@my.leicestercollege.ac.uk:5ba241196
444775043@qaliobia3.moe.edu.eg:Std@#12345
juan.aldana@axessnet.com:Axess2023***
lpze.florjana.avila.ja@unifranz.edu.bo:Paul23242602
lordcommander327@gmail.com:Apr#2572
luz.quispequispe@intjem.edu.bo:user
marouen.jaouedi@iteam-univ.tn:Jawadi@2022
student6@vpt.edu.in:vpoly@2020
bilinska_kh@ifnmu.edu.ua:iFOk75M
//login.microsoftonline.com/common/login:Iamz1306
4074.142@edu.fb.org.br:penta5v
nenad.nicevski@perficient.com:Dunja13Dunja
marwa.70@ips.eg:Marwa@ips
n.chehabi@unrwa.org:ASDF1234GHJK#
brayan.torres@comunidadincap.edu.co:Mike1001341620
ali_h_eid1488@moe.bh:Oxfd7600
p145004466@taalim.ma:Hrmh4840
support@completeofficecare.net:C0nn3ctUs
901044@senacminas.edu.br:07135952642
1761681@minia1.moe.edu.eg:Emp#770527
simhonm@outlook.co.il:Ydna150464
853417@gharbeia1.moe.edu.eg:Std#000000
s2080581@rb.moe.gov.sa:48P@s89sW0r4916
s2139327@mg.moe.gov.sa:Faten1970
entpeee@tin.it:WaL9Tr
mjmorocho@ecpenlinea.com:Lob68348
mayra.romero@unipamplona.edu.co:100672May.
jorge.riveras@cfe.mx:Comision0101*
839681@gharbeia3.moe.edu.eg:Emp#710608
s1044354@student.knoxschools.org:Monkey2007
765686:Sh#*3g&S/T
chacon.a@prodesa.com:PRODESA.2020
s306050502369@moe.edu.kw:009675341445
Mohammed.1324020@stemdakahlia.moe.edu.eg:01556931247mado@
darkkuro_948@hotmail.com:Rondon09
nvs_nataliealonso@wheelerclinic.org:TeamB9!wheel
p.kucza@it-global.eu:A2671b72
carlosm.zambrano@educacion.gob.ec:Tarqui123
eng.yossef@hotmail.com:rR0555248870
avifrid@batyam.org.il:Editfraut12!
praveenkumar.c1@hcl.com:Manasa@7
chok0006@undervisning.kk.dk:chokki15
472290480@fayoum3.moe.edu.eg:Aa0123456789#
kort.dhiaeddine2@isamm.u-manouba.tn:W*2?;4nQ_,VfkZB
ldeheredia-22@villiers.ealing.sch.uk:School22
merida.presidencia@fedecamaras.org.ve:Quva9997
fjhernandezco@medimas.com.co:Pachito02+
mohamed.naem@Zoser.com:Naeem@13040
fidel.gomez.cb55@dgeti.sems.gob.mx:Naxa1698
yth.aymanhelmy@mcitegypt.onmicrosoft.com:Egypt@2016
sadew:Shashi@2016
maria.vargasp@unmsm.edu.pe:hr5yXKQy
paulo.oliveira1@policiacivil.sp.gov.br:Qantasg01
numanovic.azur@nmsneusiedl-zaya.ac.at:Azur-1234
epena@topchoiceapparel.com:Welcome8956
ayman.m1@student.fortbendisd.com:ayman2925
h13.kmorakinyo@students.haaf.org.uk:Cocklover419
yanis.mohamed@stud.gbwetzikon.ch:edYa.5756
batuhanakdag@sakaryaistiklal.onmicrosoft.com:Test123@
5163914:Agusia1987
pstephen888988:Cool8guys@
uczen.michal.siedziewski@sp355.waw.pl:8uhb*UHB8uhb
esin.sahin@std.yildiz.edu.tr:Ee.175753
71706617h@scoe365.onmicrosoft.com:lojack@45
samuel29392376@aluno.ba.senac.br:@Shamurabi24boys
parker.reeves@students.sths.org:reeves248615
00016166@sbme.onmicrosoft.com:Galo2020
ColeAnne.15:Jeorgecutie22
h.goueti@montpellier-bs.com:uaUP68s8p-KgVn,
vergen@gtu.edu.tr:vE*848586
388088420@stu.iu.edu.sa:ABd@1421
adel_m_warsi2273@moe.bh:Ouhi3626
s1061671@o365st.pu.edu.tw:sophia369
enolaure:in@vE4596
ceyiye1167@orsbap.com:Bilal@5813
carmine.renda@aslcittaditorino.it:Mattia15!
cardozocardozo.7@nlsa.teleperformance.com:Lucifer2222@
nguzman@argtradesolutions.onmicrosoft.com:Trade5957!
665135@pdsb.net:Xxlazysnip81!
s2055934@mkhb.moe.gov.sa:Aa6805266
venkatesh@saxon.ky:Aggne2023!@!
zt46354166@edu.mon.bg:Vt592414#@
0505056713:AABB11223344
UNKNOWN:Ps042908@
72028937j@siot365.onmicrosoft.com:Sinhgad@12
whitehead.secretary@rbl.community:Evajade2
jverah1500@alumno.ipn.mx:Jv82N6N7
dotalor1@ibero.edu.co:OTAL8287*
reyna.baca@unah.hn:Agradecimiento.98
24018239@myrp.edu.sg:Ihatemyself2007
iva.psenickova@zs-sokolov.cz:iva
se082_02@cpaxtra.co.th:SE_00036727
iouadah@stjocluny13.fr:Killuadu7@
paiboon.prar@obecmail.org:395280026^&*
450650625@luxor1.moe.edu.eg:aa@147%147
407051489@monofeya3.moe.edu.eg:bitter12
455067470@fayoum2.moe.edu.eg:Ahmad&1234
carloshernando.parada@ustabuca.edu.co:Carlosparada11
cristhian.norambuena@latam.com:Diserni1977
eisovak@student.sosmb.cz:Kkajaeiss3
mf250323@ncr.com:S4marinda21!
t568639@jg.moe.gov.sa:Hx12rw34
sebastian.kalwa@sp2zabki.pl:Kux40087
jordan.allen.nz:T3@ralla
viveks.dev@auxolabs.in:Pass$word2
tumsupawat@tummut.onmicrosoft.com:Pwa5551012
bgm-equx:equinox@2020
armando.gutierrez@bildung.edu.mx:Bildung22
sd0983578270212100005@dispendik.surabaya.go.id:Habib123
Damaje1679@gmail.com:Damajito1
shubham.nanaware@vit.edu.in:Shubham@654
452368473@gharbeia2.moe.edu.eg:Std#070112
fazlinuz@isiswa.uitm.edu.my:@refeez@2U
shalindak@talentfort.com:Hcs@2020
hager43433@gmail.com:Std#030804
453528813@qena1.moe.edu.eg:Std#070101
7732970883@bariavungtau.itrithuc.vn:260309Nbvtna@
470542343@giza6.moe.edu.eg:Std#080302
David.Bompart@alice.com.ve:Valentina1*
21103542@usc.edu.ph:Palautog90
208670173@est.mep.go.cr:Sebas12345
pi42171328@zegelipae.pe:misael101107
karen.martinez@docente.ccsa.edu.sv:Darwin213
hduarte5498@epmcelp.edu.mz:Ps4Fifa15
bunyaporn.poo@cpf.co.th:_Milk191139
dhruba_roy:NULL
35418418858@svsl.onmicrosoft.com:Ana060713
UNKNOWN:Tatoo123.
eherrera@americanarchhc.com:IngArmando*
ja:Coldmaster2021
quenguan:Agosto2022*
issolerc2014@itc.edu.co:issolerc2014@itc.edu.co
2020-1200055@est.unev.edu.do:Fupia0055
2403204@giza4.moe.edu.eg:Emp#811008
895375537165:tamrin51
bebevernon@gmail.com:UnathiThando#12
daniel.viegas@bakertillyangola.ao:@Kiara2023!
zeinb2020:01061472979
willington2230466@correo.uis.edu.co:Willi21123141@
soportedesign1228@gmail.com:Mendez1228
m10103527@mail.ntust.edu.tw:Dean4649
Tristandijkstra:Missyou4ever
sam.kaariainen@edu.lahti.fi:Alabai123
castro.363513@pasay-edsa.sti.edu.ph:LauPogi28
s2404537@rb.moe.gov.sa:AB12SH34!!??
a54056@tvv.tw:Cagatay05
19318630:Gonzalez00
djaballah.bouchegra@hsbc.fr:HsBc_DjB0821
20150726@hti.edu.eg:mohamed01000627652@
melfidstapp@telefonica.net:8A924diN!
crb0031009@est.univalle.edu:Dokijonas01
0000490577@aiou.edu.pk:Kxpf6042
450628617@sohag2.moe.edu.eg:Std#050801
jonathan@fa-za.co.il:Jo20na02
rudra.saratheesengupta@technicolor.com:Coldcoffee@#191349
2102096385@vtt.dian.edu.vn:DiAn2021
nirolaspol96iv@virginmedia.com:u17pv32uG
s18030188@cdhidalgo.tecnm.mx:3j%Z/9Ht
1203058308:aSATIANI_123
451236957@alex2.moe.edu.eg:Std#050709
454215990@monofeya2.moe.edu.eg:Std#060128
snlgtm@hotmail.com:Karishma#1993
a7115@qdwlaaa.xyz:yj941208!
t367848@mkhb.moe.gov.sa:Aa881771
0144758441@c2nguyendu-hk.edu.vn:buidinhduc2k8#
gabriel.delgado@royme.com:Gabd5195!
carla.fallas@usam.ac.cr:Carla0812$
nouiraghassen@rades.r-iset.tn:Abkzda@%fG
g311220081@student.usm.ac.id:Adaberapa1
2125412@cognizant.com:Mandatory@321
jafernandez@notredame.tech:Anny1127
gmeier@primeenergyservices.com:Gm4569821!@
alain.huver@emilfrey.fr:%Citsuol57410
20223h101040@utcv.edu.mx:20223h101040@utcv.edu.mx
dai233519@gmail.com:A3thptvd@gmail.com
margarita.delatorre01@utrgv.edu:Bambie!1125!
wfaqegasiomNm@web.de:8T2tea
reserva.eia@unisul.br:Eia@2017
abdulhafiz.abba@oxfam.org:BQFM2&f&hdG9QStj!2
453787700@cairo6.moe.edu.eg:Eps#250+22
serhii.hovenko@lnu.edu.ua:Makarukdyra123
e24079571@miescuela.pr:Jrodriguez1410
messiasandrade@professor.educacao.sp.gov.br:Adelina13
anirban.bhattacharjee@ops1.aspiringminds.in:Anirban.123
nilda.garcia@ultimatemedical.edu:Juanjose#11
architdhiman@lntecc.com:Abir@123
dvenskutonis2021:Password24
t201512113@feucanvas.edu.ph:Mikkoproperty0028
cole010797@esoft.academy:Amma1@1234
402760473@est.mep.go.cr:Luka1707!
201932022@uns.edu.pe:carranza322002
jhonpila539@hotmail.com:Kira1995
juand.giraldom@esap.edu.co:@QMO8<6GM58#C
525632@belk.com:Wg267qeo
6074604030@student.chula.ac.th:037421604
z1031538@zaam.nl:Soepie1982
pioskal34@edu.gdansk.pl:Madagaskar2016
lore_rosati_:Janobike
m133378574@taalim.ma:Lucifer666
std201234@agr.asu.edu.eg:GemyGemy1234
carlos.maximo@etec.sp.gov.br:Nick92@@
447484870@sharkia4.moe.edu.eg:Std#071216
juan.pablo.bejarano@hotmail.com:Colombia2023#
hiep191300394@lms.utc.edu.vn:Phmbhpsk8
gopi.karumuri@felixsolutions.ai:Reddy@1992
miguel.silva88lgss@nube.unadmexico.mx:Kain#8898
ahmed.saleh.2021-00034@f-arts.helwan.edu.eg:Sovage3000
a.r.fortunas@gmail.com:Caxias2004
giampietro.nolla@avvocaturastato.it:GabrIole_9662
mss393173@tatamotors.com:tml#jsr2022
a940019971@my.uvm.edu.mx:13579JrTMatu1212
ryad.marques@technicolor.com:TCHmao@914203
jesse.edwards@maine.edu:Anarchy#107
318322914@idf.il:a!997mir
fhossain@codeconceptconsulting.com:F01716618230@fmmf_2
466869439@giza5.moe.edu.eg:#Ss0115522
rig-ad52@arabdrill.com:Drill+52KSA
chuctld41353@nvxtptn.edu.vn:dienchuc2003
ethanxjoyce@gmail.com:Teamlead15*
120EI0897@nitrkl.ac.in:SARITHAkvkr09
joegg85@gmail.com:lalo131199
451716503@kafrelsheikh1.moe.edu.eg:std#051123
felipecc206x@hotmail.com:BcdfT.4704
dominicb688895@abbyschools.ca:starfish099
EN20EL301005@medicapsinstituteac.onmicrosoft.com:abhijeet@1205
cdrinconj@colegiolatinoamericano.edu.co:Cristofer012345
grimreaperexe1@gmail.com:raf.sti1
aaishah2@live.utm.my:Lynn_950320035886
14marcve@stmarysrc.cheshire.sch.uk:Rabbit39
39122996@biosedu.onmicrosoft.com:Conpermis0
istaitiehtm@students.rhu.edu.lb:Toti4850
esanchezp1701.mx:Es72J3V6
s.nasrallah@eleganciagroup.com:SousMicrosoft@8088
gm-hdcse-cmu-06-23@student.icbtcampus.edu.lk:Lahiru@1234
wailinnhtet@mmmc.edu.mm:Wat45610
nyoder@camintl.org:Blitando691
u201916193@upc.edu.pe:Smcc#2512
al.goncalo.monteiro@aelc-lamego.pt:Reflexaoaxial12
a50744@of365.ru:botesbotesbotes(.)(.)
angel.bustamante.a@uni.pe:*7d_^<Mhyzk(jHY
449360511@assiut3.moe.edu.eg:Std#030304
jenkc115@damascus.vic.edu.au:G7kacfWt
marten.kristofer.oja@vjk.vil.ee;ThorenOnArmas2017.;https://login.microsoftonline.com/common/oauth2/authorize
vcraig@passagehome.org:P@ssage21
m.belwalkar@uqconnect.edu.au:Somesh5500
mohdahmed.hafez@newinti.edu.my:*Sham2020*
80242016@nou.edu.np:ashrey131@701
munishraj10097vizag@samsidh.in:meherbaba2@
akenei@majimazuri.co.ke:Duj86329
hca185@hotmail.com:Hca04081985
idamabimanyu@donbosco.sch.id:HGrmz976
462515518@monofeya1.moe.edu.eg:HWBNGHGE
BHK6190@dpsjaipur.com:Harsh@7735
contato@keyspc.com.br:Nubank12345!
s6714871@asrb.moe.gov.sa:Aa@147963
4411122@gulf.edu.sa:Aa0552608101
juanj.arenas756@educacionbogota.edu.co:CRD.10318047562
simarjeet1587@summerfields.co.in:student@12345
457375459@dakahliya1.moe.edu.eg:Std#061213
3202115@stu.bisd.us:ilikePpxxx69
f.angulo11@uniandes.edu.co:Sara2007*
0000590281@aiou.edu.pk:Bmvq4815
b40520@365e.me:reversemun92!@
s66122202004@ssru.ac.th:Netrkamonpan20
raguirre@saltoki.es:Noah-771
luis.gutierrez.pe:locura250598
468289884@monofeya1.moe.edu.eg:Std#021210
khairunnisazahrah_1105619037@mhs.unj.ac.id:19UNJ2043
emanu_888@mail.anandaigueschools.org:Emanuel88088988
alvejofr5542293@estudiantes2.edu.ec:Maisa1308
2014710213009@ogrenci.karabuk.edu.tr:663399.Z
ofc878@msoffice365.site:P0Eca11e$
211180107@isag.pt:A211180107a.
gg@fauziyasin88.onmicrosoft.com:Poji19*#
carmen.green@humboldt.edu.ec:Jeremi22
20191val15i0060@alunos.ifbaiano.edu.br:Lumarinho31#
s4997141@estb.moe.gov.sa:Aa211221@
000792@caq.edu.ec:Loja2712
oscar.mejia@delasalle.edu.co:Iomini_7983elian
457541699@monofeya2.moe.edu.eg:Std#061130
irfan@indonesiapower.co.id:G@nteng12+
paiboonp@greenspot.co.th:Spectum1234
duynnph32545@fpt.edu.vn:duy2k4ok.
tstorms0008@kctcs.edu:Xavier0889
https://login.microsoftonline.com/clubprd.onmicrosoft.com/oauth2/v2.0/authorize
2024a.kozak@zsbor.cz:Skola-2023
29905180102401@std.women.asu.edu.eg:Aminabaekhyunreal1
